Archive member included to satisfy reference by file (symbol)

c:/programdata/chocolatey/lib/gcc-arm-embedded/tools/gcc-arm-none-eabi-10.3-2021.10/bin/../lib/gcc/arm-none-eabi/10.3.1/thumb/v6-m/nofp\libgcc.a(_dvmd_tls.o)
                              CMakeFiles/myBlink.dir/C_/Users/mmoran/opt/pico/pico-sdk/src/rp2_common/pico_divider/divider_hardware.S.obj (__aeabi_idiv0)
c:/programdata/chocolatey/lib/gcc-arm-embedded/tools/gcc-arm-none-eabi-10.3-2021.10/bin/../lib/gcc/arm-none-eabi/10.3.1/../../../../arm-none-eabi/lib/thumb/v6-m/nofp\libg.a(lib_a-calloc.o)
                              CMakeFiles/myBlink.dir/C_/Users/mmoran/opt/pico/pico-sdk/src/rp2_common/pico_malloc/malloc.c.obj (calloc)
c:/programdata/chocolatey/lib/gcc-arm-embedded/tools/gcc-arm-none-eabi-10.3-2021.10/bin/../lib/gcc/arm-none-eabi/10.3.1/../../../../arm-none-eabi/lib/thumb/v6-m/nofp\libg.a(lib_a-callocr.o)
                              c:/programdata/chocolatey/lib/gcc-arm-embedded/tools/gcc-arm-none-eabi-10.3-2021.10/bin/../lib/gcc/arm-none-eabi/10.3.1/../../../../arm-none-eabi/lib/thumb/v6-m/nofp\libg.a(lib_a-calloc.o) (_calloc_r)
c:/programdata/chocolatey/lib/gcc-arm-embedded/tools/gcc-arm-none-eabi-10.3-2021.10/bin/../lib/gcc/arm-none-eabi/10.3.1/../../../../arm-none-eabi/lib/thumb/v6-m/nofp\libg.a(lib_a-errno.o)
                              c:/programdata/chocolatey/lib/gcc-arm-embedded/tools/gcc-arm-none-eabi-10.3-2021.10/bin/../lib/gcc/arm-none-eabi/10.3.1/../../../../arm-none-eabi/lib/thumb/v6-m/nofp\libg.a(lib_a-callocr.o) (__errno)
c:/programdata/chocolatey/lib/gcc-arm-embedded/tools/gcc-arm-none-eabi-10.3-2021.10/bin/../lib/gcc/arm-none-eabi/10.3.1/../../../../arm-none-eabi/lib/thumb/v6-m/nofp\libg.a(lib_a-impure.o)
                              c:/programdata/chocolatey/lib/gcc-arm-embedded/tools/gcc-arm-none-eabi-10.3-2021.10/bin/../lib/gcc/arm-none-eabi/10.3.1/../../../../arm-none-eabi/lib/thumb/v6-m/nofp\libg.a(lib_a-calloc.o) (_impure_ptr)
c:/programdata/chocolatey/lib/gcc-arm-embedded/tools/gcc-arm-none-eabi-10.3-2021.10/bin/../lib/gcc/arm-none-eabi/10.3.1/../../../../arm-none-eabi/lib/thumb/v6-m/nofp\libg.a(lib_a-init.o)
                              c:/programdata/chocolatey/lib/gcc-arm-embedded/tools/gcc-arm-none-eabi-10.3-2021.10/bin/../lib/gcc/arm-none-eabi/10.3.1/../../../../arm-none-eabi/lib/thumb/v6-m/nofp/crt0.o (__libc_init_array)
c:/programdata/chocolatey/lib/gcc-arm-embedded/tools/gcc-arm-none-eabi-10.3-2021.10/bin/../lib/gcc/arm-none-eabi/10.3.1/../../../../arm-none-eabi/lib/thumb/v6-m/nofp\libg.a(lib_a-lcltime_r.o)
                              CMakeFiles/myBlink.dir/C_/Users/mmoran/opt/pico/pico-sdk/src/common/pico_util/datetime.c.obj (localtime_r)
c:/programdata/chocolatey/lib/gcc-arm-embedded/tools/gcc-arm-none-eabi-10.3-2021.10/bin/../lib/gcc/arm-none-eabi/10.3.1/../../../../arm-none-eabi/lib/thumb/v6-m/nofp\libg.a(lib_a-malloc.o)
                              CMakeFiles/myBlink.dir/C_/Users/mmoran/opt/pico/pico-sdk/src/rp2_common/pico_malloc/malloc.c.obj (malloc)
c:/programdata/chocolatey/lib/gcc-arm-embedded/tools/gcc-arm-none-eabi-10.3-2021.10/bin/../lib/gcc/arm-none-eabi/10.3.1/../../../../arm-none-eabi/lib/thumb/v6-m/nofp\libg.a(lib_a-mallocr.o)
                              c:/programdata/chocolatey/lib/gcc-arm-embedded/tools/gcc-arm-none-eabi-10.3-2021.10/bin/../lib/gcc/arm-none-eabi/10.3.1/../../../../arm-none-eabi/lib/thumb/v6-m/nofp\libg.a(lib_a-callocr.o) (_malloc_r)
c:/programdata/chocolatey/lib/gcc-arm-embedded/tools/gcc-arm-none-eabi-10.3-2021.10/bin/../lib/gcc/arm-none-eabi/10.3.1/../../../../arm-none-eabi/lib/thumb/v6-m/nofp\libg.a(lib_a-memcmp.o)
                              CMakeFiles/myBlink.dir/C_/Users/mmoran/opt/pico/pico-sdk/src/rp2_common/pico_atomic/atomic.c.obj (memcmp)
c:/programdata/chocolatey/lib/gcc-arm-embedded/tools/gcc-arm-none-eabi-10.3-2021.10/bin/../lib/gcc/arm-none-eabi/10.3.1/../../../../arm-none-eabi/lib/thumb/v6-m/nofp\libg.a(lib_a-mktime.o)
                              CMakeFiles/myBlink.dir/C_/Users/mmoran/opt/pico/pico-sdk/src/common/pico_util/datetime.c.obj (mktime)
c:/programdata/chocolatey/lib/gcc-arm-embedded/tools/gcc-arm-none-eabi-10.3-2021.10/bin/../lib/gcc/arm-none-eabi/10.3.1/../../../../arm-none-eabi/lib/thumb/v6-m/nofp\libg.a(lib_a-mlock.o)
                              c:/programdata/chocolatey/lib/gcc-arm-embedded/tools/gcc-arm-none-eabi-10.3-2021.10/bin/../lib/gcc/arm-none-eabi/10.3.1/../../../../arm-none-eabi/lib/thumb/v6-m/nofp\libg.a(lib_a-mallocr.o) (__malloc_lock)
c:/programdata/chocolatey/lib/gcc-arm-embedded/tools/gcc-arm-none-eabi-10.3-2021.10/bin/../lib/gcc/arm-none-eabi/10.3.1/../../../../arm-none-eabi/lib/thumb/v6-m/nofp\libg.a(lib_a-month_lengths.o)
                              c:/programdata/chocolatey/lib/gcc-arm-embedded/tools/gcc-arm-none-eabi-10.3-2021.10/bin/../lib/gcc/arm-none-eabi/10.3.1/../../../../arm-none-eabi/lib/thumb/v6-m/nofp\libg.a(lib_a-lcltime_r.o) (__month_lengths)
[...]
Memory Configuration

Name             Origin             Length             Attributes
FLASH            0x10000000         0x00200000         xr
RAM              0x20000000         0x00040000         xrw
SCRATCH_X        0x20040000         0x00001000         xrw
SCRATCH_Y        0x20041000         0x00001000         xrw
*default*        0x00000000         0xffffffff

Linker script and memory map

LOAD c:/programdata/chocolatey/lib/gcc-arm-embedded/tools/gcc-arm-none-eabi-10.3-2021.10/bin/../lib/gcc/arm-none-eabi/10.3.1/thumb/v6-m/nofp/crti.o
LOAD c:/programdata/chocolatey/lib/gcc-arm-embedded/tools/gcc-arm-none-eabi-10.3-2021.10/bin/../lib/gcc/arm-none-eabi/10.3.1/thumb/v6-m/nofp/crtbegin.o
LOAD c:/programdata/chocolatey/lib/gcc-arm-embedded/tools/gcc-arm-none-eabi-10.3-2021.10/bin/../lib/gcc/arm-none-eabi/10.3.1/../../../../arm-none-eabi/lib/thumb/v6-m/nofp/crt0.o

.flash_begin    0x10000000        0x0
                0x10000000                __flash_binary_start = .

.boot2          0x10000000      0x100
                0x10000000                __boot2_start__ = .
 *(.boot2)
 .boot2         0x10000000      0x100 pico-sdk/src/rp2040/boot_stage2/CMakeFiles/bs2_default_library.dir/./bs2_default_padded_checksummed.S.obj
                0x10000100                __boot2_end__ = .
                0x00000001                ASSERT (((__boot2_end__ - __boot2_start__) == 0x100), ERROR: Pico second stage bootloader must be 256 bytes in size)

.text           0x10000100     0x49f4
                0x10000100                __logical_binary_start = .
 *(.vectors)
 .vectors       0x10000100       0xd4 CMakeFiles/myBlink.dir/C_/Users/mmoran/opt/pico/pico-sdk/src/rp2_common/pico_crt0/crt0.S.obj
                0x10000100                __VECTOR_TABLE
                0x10000100                __vectors
                0x100001c0                isr_invalid
                0x100001c0                __default_isrs_start
                0x100001c2                isr_nmi
                0x100001c4                isr_hardfault
                0x100001c6                isr_svcall
                0x100001c8                isr_pendsv
                0x100001ca                isr_systick
                0x100001cc                isr_irq23
                0x100001cc                isr_irq18
                0x100001cc                isr_irq11
                0x100001cc                isr_irq28
                0x100001cc                isr_irq19
                0x100001cc                isr_irq0
                0x100001cc                isr_irq6
                0x100001cc                isr_irq5
                0x100001cc                isr_irq12
                0x100001cc                isr_irq22
                0x100001cc                isr_irq31
                0x100001cc                isr_irq17
                0x100001cc                isr_irq27
                0x100001cc                isr_irq30
                0x100001cc                isr_irq2
                0x100001cc                isr_irq10
                0x100001cc                isr_irq8
                0x100001cc                isr_irq24
                0x100001cc                isr_irq1
                0x100001cc                isr_irq7
                0x100001cc                isr_irq21
                0x100001cc                isr_irq20
                0x100001cc                isr_irq15
                0x100001cc                isr_irq25
                0x100001cc                isr_irq13
                0x100001cc                __unhandled_user_irq
                0x100001cc                isr_irq4
                0x100001cc                isr_irq16
                0x100001cc                isr_irq29
                0x100001cc                isr_irq26
                0x100001cc                __default_isrs_end
                0x100001cc                isr_irq3
                0x100001cc                isr_irq14
                0x100001cc                isr_irq9
                0x100001d2                unhandled_user_irq_num_in_r0
 *(.binary_info_header)
 .binary_info_header
                0x100001d4       0x14 CMakeFiles/myBlink.dir/C_/Users/mmoran/opt/pico/pico-sdk/src/rp2_common/pico_crt0/crt0.S.obj
                0x100001e8                __binary_info_header_end = .
 *(.embedded_block)
                0x100001e8                __embedded_block_end = .
 *(.reset)
 .reset         0x100001e8       0x9c CMakeFiles/myBlink.dir/C_/Users/mmoran/opt/pico/pico-sdk/src/rp2_common/pico_crt0/crt0.S.obj
                0x100001e8                _entry_point
 *(.init)
 .init          0x10000284        0x4 c:/programdata/chocolatey/lib/gcc-arm-embedded/tools/gcc-arm-none-eabi-10.3-2021.10/bin/../lib/gcc/arm-none-eabi/10.3.1/thumb/v6-m/nofp/crti.o
                0x10000284                _init
 *(EXCLUDE_FILE(*libm.a: *libc.a:*lib_a-mem*.o *libgcc.a:) .text*)
 .text          0x10000288       0x48 c:/programdata/chocolatey/lib/gcc-arm-embedded/tools/gcc-arm-none-eabi-10.3-2021.10/bin/../lib/gcc/arm-none-eabi/10.3.1/thumb/v6-m/nofp/crtbegin.o
 .text.startup.main
                0x100002d0       0x38 CMakeFiles/myBlink.dir/myBlink.c.obj
                0x100002d0                main
 .text.gpio_set_function
                0x10000308       0x34 CMakeFiles/myBlink.dir/C_/Users/mmoran/opt/pico/pico-sdk/src/rp2_common/hardware_gpio/gpio.c.obj
                0x10000308                gpio_set_function
 .text.gpio_init
                0x1000033c       0x40 CMakeFiles/myBlink.dir/C_/Users/mmoran/opt/pico/pico-sdk/src/rp2_common/hardware_gpio/gpio.c.obj
                0x1000033c                gpio_init
 .text.rp2040_chip_version
                0x1000037c        0xc CMakeFiles/myBlink.dir/C_/Users/mmoran/opt/pico/pico-sdk/src/rp2040/pico_platform/platform.c.obj
                0x1000037c                rp2040_chip_version
 .text.panic    0x10000388       0x30 CMakeFiles/myBlink.dir/C_/Users/mmoran/opt/pico/pico-sdk/src/rp2_common/pico_platform_panic/panic.c.obj
                0x10000388                panic
 .text.hw_claim_or_assert
                0x100003b8       0x44 CMakeFiles/myBlink.dir/C_/Users/mmoran/opt/pico/pico-sdk/src/common/hardware_claim/claim.c.obj
                0x100003b8                hw_claim_or_assert
 .text.hw_claim_unused_from_range
                0x100003fc       0x9c CMakeFiles/myBlink.dir/C_/Users/mmoran/opt/pico/pico-sdk/src/common/hardware_claim/claim.c.obj
                0x100003fc                hw_claim_unused_from_range
 .text.next_striped_spin_lock_num
                0x10000498       0x18 CMakeFiles/myBlink.dir/C_/Users/mmoran/opt/pico/pico-sdk/src/rp2_common/hardware_sync/sync.c.obj
                0x10000498                next_striped_spin_lock_num
 .text.spin_lock_claim_unused
                0x100004b0       0x20 CMakeFiles/myBlink.dir/C_/Users/mmoran/opt/pico/pico-sdk/src/rp2_common/hardware_sync/sync.c.obj
                0x100004b0                spin_lock_claim_unused
 .text.spin_locks_reset
                0x100004d0       0x1c CMakeFiles/myBlink.dir/C_/Users/mmoran/opt/pico/pico-sdk/src/rp2_common/hardware_sync_spin_lock/sync_spin_lock.c.obj
                0x100004d0                spin_locks_reset
 .text.runtime_init_per_core_irq_priorities
                0x100004ec       0x24 CMakeFiles/myBlink.dir/C_/Users/mmoran/opt/pico/pico-sdk/src/rp2_common/hardware_irq/irq.c.obj
                0x100004ec                runtime_init_per_core_irq_priorities
 .text.irq_set_enabled
                0x10000510       0x24 CMakeFiles/myBlink.dir/C_/Users/mmoran/opt/pico/pico-sdk/src/rp2_common/hardware_irq/irq.c.obj
                0x10000510                irq_set_enabled
 .text.irq_is_enabled
                0x10000534       0x18 CMakeFiles/myBlink.dir/C_/Users/mmoran/opt/pico/pico-sdk/src/rp2_common/hardware_irq/irq.c.obj
                0x10000534                irq_is_enabled
 .text.irq_set_pending
                0x1000054c       0x10 CMakeFiles/myBlink.dir/C_/Users/mmoran/opt/pico/pico-sdk/src/rp2_common/hardware_irq/irq.c.obj
                0x1000054c                irq_set_pending
 .text.irq_has_shared_handler
                0x1000055c       0x24 CMakeFiles/myBlink.dir/C_/Users/mmoran/opt/pico/pico-sdk/src/rp2_common/hardware_irq/irq.c.obj
                0x1000055c                irq_has_shared_handler
 .text.irq_set_exclusive_handler
                0x10000580       0x54 CMakeFiles/myBlink.dir/C_/Users/mmoran/opt/pico/pico-sdk/src/rp2_common/hardware_irq/irq.c.obj
                0x10000580                irq_set_exclusive_handler
 .text.irq_add_shared_handler
                0x100005d4      0x1e8 CMakeFiles/myBlink.dir/C_/Users/mmoran/opt/pico/pico-sdk/src/rp2_common/hardware_irq/irq.c.obj
                0x100005d4                irq_add_shared_handler
 .text.irq_remove_handler
                0x100007bc      0x1c4 CMakeFiles/myBlink.dir/C_/Users/mmoran/opt/pico/pico-sdk/src/rp2_common/hardware_irq/irq.c.obj
                0x100007bc                irq_remove_handler
 .text.irq_add_tail_to_free_list
                0x10000980       0xb4 CMakeFiles/myBlink.dir/C_/Users/mmoran/opt/pico/pico-sdk/src/rp2_common/hardware_irq/irq.c.obj
                0x10000980                irq_add_tail_to_free_list
 .text.user_irq_claim_unused
                0x10000a34       0x28 CMakeFiles/myBlink.dir/C_/Users/mmoran/opt/pico/pico-sdk/src/rp2_common/hardware_irq/irq.c.obj
                0x10000a34                user_irq_claim_unused
 .text.lock_init
                0x10000a5c       0x10 CMakeFiles/myBlink.dir/C_/Users/mmoran/opt/pico/pico-sdk/src/common/pico_sync/lock_core.c.obj
                0x10000a5c                lock_init
 .text.runtime_init_mutex
                0x10000a6c       0x58 CMakeFiles/myBlink.dir/C_/Users/mmoran/opt/pico/pico-sdk/src/common/pico_sync/mutex.c.obj
                0x10000a6c                runtime_init_mutex
 .text.mutex_init
                0x10000ac4       0x1c CMakeFiles/myBlink.dir/C_/Users/mmoran/opt/pico/pico-sdk/src/common/pico_sync/mutex.c.obj
                0x10000ac4                mutex_init
 .text.critical_section_init
                0x10000ae0       0x20 CMakeFiles/myBlink.dir/C_/Users/mmoran/opt/pico/pico-sdk/src/common/pico_sync/critical_section.c.obj
                0x10000ae0                critical_section_init
 .text.critical_section_init_with_lock_num
                0x10000b00       0x14 CMakeFiles/myBlink.dir/C_/Users/mmoran/opt/pico/pico-sdk/src/common/pico_sync/critical_section.c.obj
                0x10000b00                critical_section_init_with_lock_num
 .text.sleep_until_callback
                0x10000b14       0x30 CMakeFiles/myBlink.dir/C_/Users/mmoran/opt/pico/pico-sdk/src/common/pico_time/time.c.obj
 .text.alarm_pool_irq_handler
                0x10000b44      0x308 CMakeFiles/myBlink.dir/C_/Users/mmoran/opt/pico/pico-sdk/src/common/pico_time/time.c.obj
 .text.runtime_init_default_alarm_pool
                0x10000e4c       0xdc CMakeFiles/myBlink.dir/C_/Users/mmoran/opt/pico/pico-sdk/src/common/pico_time/time.c.obj
                0x10000e4c                runtime_init_default_alarm_pool
 .text.alarm_pool_get_default
                0x10000f28        0x8 CMakeFiles/myBlink.dir/C_/Users/mmoran/opt/pico/pico-sdk/src/common/pico_time/time.c.obj
                0x10000f28                alarm_pool_get_default
 .text.alarm_pool_add_alarm_at
                0x10000f30       0xc8 CMakeFiles/myBlink.dir/C_/Users/mmoran/opt/pico/pico-sdk/src/common/pico_time/time.c.obj
                0x10000f30                alarm_pool_add_alarm_at
 .text.alarm_pool_add_alarm_at_force_in_context
                0x10000ff8       0xb0 CMakeFiles/myBlink.dir/C_/Users/mmoran/opt/pico/pico-sdk/src/common/pico_time/time.c.obj
                0x10000ff8                alarm_pool_add_alarm_at_force_in_context
 .text.alarm_pool_cancel_alarm
                0x100010a8       0x7c CMakeFiles/myBlink.dir/C_/Users/mmoran/opt/pico/pico-sdk/src/common/pico_time/time.c.obj
                0x100010a8                alarm_pool_cancel_alarm
 .text.alarm_pool_core_num
                0x10001124        0x4 CMakeFiles/myBlink.dir/C_/Users/mmoran/opt/pico/pico-sdk/src/common/pico_time/time.c.obj
                0x10001124                alarm_pool_core_num
 .text.sleep_until
                0x10001128       0xd0 CMakeFiles/myBlink.dir/C_/Users/mmoran/opt/pico/pico-sdk/src/common/pico_time/time.c.obj
                0x10001128                sleep_until
 .text.sleep_ms
                0x100011f8       0x34 CMakeFiles/myBlink.dir/C_/Users/mmoran/opt/pico/pico-sdk/src/common/pico_time/time.c.obj
                0x100011f8                sleep_ms
 .text.best_effort_wfe_or_timeout
                0x1000122c       0xfc CMakeFiles/myBlink.dir/C_/Users/mmoran/opt/pico/pico-sdk/src/common/pico_time/time.c.obj
                0x1000122c                best_effort_wfe_or_timeout
 .text.timer_hardware_alarm_claim
                0x10001328       0x14 CMakeFiles/myBlink.dir/C_/Users/mmoran/opt/pico/pico-sdk/src/rp2_common/hardware_timer/timer.c.obj
                0x10001328                timer_hardware_alarm_claim
 .text.timer_time_us_64
                0x1000133c       0x10 CMakeFiles/myBlink.dir/C_/Users/mmoran/opt/pico/pico-sdk/src/rp2_common/hardware_timer/timer.c.obj
                0x1000133c                timer_time_us_64
 .text.time_us_64
                0x1000134c       0x14 CMakeFiles/myBlink.dir/C_/Users/mmoran/opt/pico/pico-sdk/src/rp2_common/hardware_timer/timer.c.obj
                0x1000134c                time_us_64
 .text.busy_wait_us
                0x10001360       0x54 CMakeFiles/myBlink.dir/C_/Users/mmoran/opt/pico/pico-sdk/src/rp2_common/hardware_timer/timer.c.obj
                0x10001360                busy_wait_us
 .text.busy_wait_until
                0x100013b4       0x20 CMakeFiles/myBlink.dir/C_/Users/mmoran/opt/pico/pico-sdk/src/rp2_common/hardware_timer/timer.c.obj
                0x100013b4                busy_wait_until
 .text.uart_init
                0x100013d4      0x11c CMakeFiles/myBlink.dir/C_/Users/mmoran/opt/pico/pico-sdk/src/rp2_common/hardware_uart/uart.c.obj
                0x100013d4                uart_init
 .text.clock_configure_int_divider
                0x100014f0       0xf4 CMakeFiles/myBlink.dir/C_/Users/mmoran/opt/pico/pico-sdk/src/rp2_common/hardware_clocks/clocks.c.obj
                0x100014f0                clock_configure_int_divider
 .text.clock_configure_undivided
                0x100015e4       0xe8 CMakeFiles/myBlink.dir/C_/Users/mmoran/opt/pico/pico-sdk/src/rp2_common/hardware_clocks/clocks.c.obj
                0x100015e4                clock_configure_undivided
 .text.clock_get_hz
                0x100016cc        0xc CMakeFiles/myBlink.dir/C_/Users/mmoran/opt/pico/pico-sdk/src/rp2_common/hardware_clocks/clocks.c.obj
                0x100016cc                clock_get_hz
 .text.pll_init
                0x100016d8       0xa0 CMakeFiles/myBlink.dir/C_/Users/mmoran/opt/pico/pico-sdk/src/rp2_common/hardware_pll/pll.c.obj
                0x100016d8                pll_init
 .text.watchdog_reboot
                0x10001778       0x98 CMakeFiles/myBlink.dir/C_/Users/mmoran/opt/pico/pico-sdk/src/rp2_common/hardware_watchdog/watchdog.c.obj
                0x10001778                watchdog_reboot
 .text.tick_start
                0x10001810       0x10 CMakeFiles/myBlink.dir/C_/Users/mmoran/opt/pico/pico-sdk/src/rp2_common/hardware_ticks/ticks.c.obj
                0x10001810                tick_start
 .text.rom_func_lookup
                0x10001820       0x10 CMakeFiles/myBlink.dir/C_/Users/mmoran/opt/pico/pico-sdk/src/rp2_common/pico_bootrom/bootrom.c.obj
                0x10001820                rom_func_lookup
 .text.rom_data_lookup
                0x10001830       0x10 CMakeFiles/myBlink.dir/C_/Users/mmoran/opt/pico/pico-sdk/src/rp2_common/pico_bootrom/bootrom.c.obj
                0x10001830                rom_data_lookup
 .text.rom_funcs_lookup
                0x10001840       0x44 CMakeFiles/myBlink.dir/C_/Users/mmoran/opt/pico/pico-sdk/src/rp2_common/pico_bootrom/bootrom.c.obj
                0x10001840                rom_funcs_lookup
 .text.rom_reset_usb_boot_extra
                0x10001884       0x28 CMakeFiles/myBlink.dir/C_/Users/mmoran/opt/pico/pico-sdk/src/rp2_common/pico_bootrom/bootrom.c.obj
                0x10001884                rom_reset_usb_boot_extra
 .text.xosc_init
                0x100018ac       0x28 CMakeFiles/myBlink.dir/C_/Users/mmoran/opt/pico/pico-sdk/src/rp2_common/hardware_xosc/xosc.c.obj
                0x100018ac                xosc_init
 .text.first_per_core_initializer
                0x100018d4        0x4 CMakeFiles/myBlink.dir/C_/Users/mmoran/opt/pico/pico-sdk/src/rp2_common/pico_runtime/runtime.c.obj
 .text.hard_assertion_failure
                0x100018d8        0xc CMakeFiles/myBlink.dir/C_/Users/mmoran/opt/pico/pico-sdk/src/rp2_common/pico_runtime/runtime.c.obj
                0x100018d8                hard_assertion_failure
 .text.runtime_run_initializers
                0x100018e4       0x28 CMakeFiles/myBlink.dir/C_/Users/mmoran/opt/pico/pico-sdk/src/rp2_common/pico_runtime/runtime.c.obj
                0x100018e4                runtime_run_initializers
 .text.runtime_init_early_resets
                0x1000190c       0x2c CMakeFiles/myBlink.dir/C_/Users/mmoran/opt/pico/pico-sdk/src/rp2_common/pico_runtime_init/runtime_init.c.obj
                0x1000190c                runtime_init_early_resets
 .text.runtime_init_usb_power_down
                0x10001938       0x1c CMakeFiles/myBlink.dir/C_/Users/mmoran/opt/pico/pico-sdk/src/rp2_common/pico_runtime_init/runtime_init.c.obj
                0x10001938                runtime_init_usb_power_down
 .text.runtime_init_post_clock_resets
                0x10001954       0x20 CMakeFiles/myBlink.dir/C_/Users/mmoran/opt/pico/pico-sdk/src/rp2_common/pico_runtime_init/runtime_init.c.obj
                0x10001954                runtime_init_post_clock_resets
 .text.runtime_init_rp2040_gpio_ie_disable
                0x10001974       0x14 CMakeFiles/myBlink.dir/C_/Users/mmoran/opt/pico/pico-sdk/src/rp2_common/pico_runtime_init/runtime_init.c.obj
                0x10001974                runtime_init_rp2040_gpio_ie_disable
 .text.runtime_init_spin_locks_reset
                0x10001988        0x8 CMakeFiles/myBlink.dir/C_/Users/mmoran/opt/pico/pico-sdk/src/rp2_common/pico_runtime_init/runtime_init.c.obj
                0x10001988                runtime_init_spin_locks_reset
 .text.runtime_init_install_ram_vector_table
                0x10001990       0x1c CMakeFiles/myBlink.dir/C_/Users/mmoran/opt/pico/pico-sdk/src/rp2_common/pico_runtime_init/runtime_init.c.obj
                0x10001990                runtime_init_install_ram_vector_table
 .text.runtime_init_clocks
                0x100019ac       0xd8 CMakeFiles/myBlink.dir/C_/Users/mmoran/opt/pico/pico-sdk/src/rp2_common/pico_runtime_init/runtime_init_clocks.c.obj
                0x100019ac                runtime_init_clocks
 .text          0x10001a84       0x10 CMakeFiles/myBlink.dir/C_/Users/mmoran/opt/pico/pico-sdk/src/rp2_common/pico_bit_ops/bit_ops_aeabi.S.obj
 .text.__wrap___aeabi_uidiv
                0x10001a94       0x4c CMakeFiles/myBlink.dir/C_/Users/mmoran/opt/pico/pico-sdk/src/rp2_common/pico_divider/divider_hardware.S.obj
                0x10001a94                __wrap___aeabi_uidiv
                0x10001a94                __wrap___aeabi_uidivmod
                0x10001a94                div_u32u32
                0x10001a94                divmod_u32u32
                0x10001a9c                divmod_u32u32_unsafe
                0x10001ac4                divmod_u32u32_savestate
 .text.__aeabi_double_init
                0x10001ae0       0xa0 CMakeFiles/myBlink.dir/C_/Users/mmoran/opt/pico/pico-sdk/src/rp2_common/pico_double/double_init_rom_rp2040.c.obj
                0x10001ae0                __aeabi_double_init
 .text.double_table_shim_on_use_helper
                0x10001b80       0x2c CMakeFiles/myBlink.dir/C_/Users/mmoran/opt/pico/pico-sdk/src/rp2_common/pico_double/double_v1_rom_shim_rp2040.S.obj
                0x10001b80                double_table_shim_on_use_helper
 .text.__aeabi_lmul
                0x10001bac       0x32 CMakeFiles/myBlink.dir/C_/Users/mmoran/opt/pico/pico-sdk/src/rp2_common/pico_int64_ops/pico_int64_ops_aeabi.S.obj
                0x10001bac                __wrap___aeabi_lmul
 *fill*         0x10001bde        0x2 
 .text.__aeabi_float_init
                0x10001be0       0x64 CMakeFiles/myBlink.dir/C_/Users/mmoran/opt/pico/pico-sdk/src/rp2_common/pico_float/float_init_rom_rp2040.c.obj
                0x10001be0                __aeabi_float_init
 .text.float_table_shim_on_use_helper
                0x10001c44       0x2c CMakeFiles/myBlink.dir/C_/Users/mmoran/opt/pico/pico-sdk/src/rp2_common/pico_float/float_v1_rom_shim_rp2040.S.obj
                0x10001c44                float_table_shim_on_use_helper
 .text          0x10001c70       0x10 CMakeFiles/myBlink.dir/C_/Users/mmoran/opt/pico/pico-sdk/src/rp2_common/pico_mem_ops/mem_ops_aeabi.S.obj
                0x10001c70                __aeabi_mem_init
 .text.memset   0x10001c80        0xc CMakeFiles/myBlink.dir/C_/Users/mmoran/opt/pico/pico-sdk/src/rp2_common/pico_mem_ops/mem_ops_aeabi.S.obj
                0x10001c80                __wrap_memset
 .text.memcpy   0x10001c8c        0xc CMakeFiles/myBlink.dir/C_/Users/mmoran/opt/pico/pico-sdk/src/rp2_common/pico_mem_ops/mem_ops_aeabi.S.obj
                0x10001c8c                __wrap_memcpy
                0x10001c8c                __wrap___aeabi_memcpy
 .text._out_char
                0x10001c98       0x10 CMakeFiles/myBlink.dir/C_/Users/mmoran/opt/pico/pico-sdk/src/rp2_common/pico_printf/printf.c.obj
 .text.weak_raw_vprintf
                0x10001ca8       0x30 CMakeFiles/myBlink.dir/C_/Users/mmoran/opt/pico/pico-sdk/src/rp2_common/pico_printf/printf.c.obj
                0x10001ca8                weak_raw_vprintf
 .text._exit    0x10001cd8        0x4 CMakeFiles/myBlink.dir/C_/Users/mmoran/opt/pico/pico-sdk/src/rp2_common/pico_clib_interface/newlib_interface.c.obj
                0x10001cd8                _exit
 .text.exit     0x10001cdc        0x8 CMakeFiles/myBlink.dir/C_/Users/mmoran/opt/pico/pico-sdk/src/rp2_common/pico_clib_interface/newlib_interface.c.obj
                0x10001cdc                exit
 .text.runtime_init
                0x10001ce4       0x2c CMakeFiles/myBlink.dir/C_/Users/mmoran/opt/pico/pico-sdk/src/rp2_common/pico_clib_interface/newlib_interface.c.obj
                0x10001ce4                runtime_init
 .text.stdio_out_chars_no_crlf
                0x10001d10       0x10 CMakeFiles/myBlink.dir/C_/Users/mmoran/opt/pico/pico-sdk/src/rp2_common/pico_stdio/stdio.c.obj
 .text.stdio_out_chars_crlf
                0x10001d20       0xb4 CMakeFiles/myBlink.dir/C_/Users/mmoran/opt/pico/pico-sdk/src/rp2_common/pico_stdio/stdio.c.obj
 .text.stdio_put_string
                0x10001dd4      0x100 CMakeFiles/myBlink.dir/C_/Users/mmoran/opt/pico/pico-sdk/src/rp2_common/pico_stdio/stdio.c.obj
                0x10001dd4                stdio_put_string
 .text.stdio_set_driver_enabled
                0x10001ed4       0x30 CMakeFiles/myBlink.dir/C_/Users/mmoran/opt/pico/pico-sdk/src/rp2_common/pico_stdio/stdio.c.obj
                0x10001ed4                stdio_set_driver_enabled
 .text.stdio_init_all
                0x10001f04       0x10 CMakeFiles/myBlink.dir/C_/Users/mmoran/opt/pico/pico-sdk/src/rp2_common/pico_stdio/stdio.c.obj
                0x10001f04                stdio_init_all
 .text.__wrap_putchar
                0x10001f14       0x98 CMakeFiles/myBlink.dir/C_/Users/mmoran/opt/pico/pico-sdk/src/rp2_common/pico_stdio/stdio.c.obj
                0x10001f14                __wrap_putchar
                0x10001f14                stdio_putchar
 .text.__wrap_puts
                0x10001fac       0x3c CMakeFiles/myBlink.dir/C_/Users/mmoran/opt/pico/pico-sdk/src/rp2_common/pico_stdio/stdio.c.obj
                0x10001fac                stdio_puts
                0x10001fac                __wrap_puts
 .text.stdio_uart_out_chars
                0x10001fe8       0x4c CMakeFiles/myBlink.dir/C_/Users/mmoran/opt/pico/pico-sdk/src/rp2_common/pico_stdio_uart/stdio_uart.c.obj
 .text.stdio_uart_in_chars
                0x10002034       0x84 CMakeFiles/myBlink.dir/C_/Users/mmoran/opt/pico/pico-sdk/src/rp2_common/pico_stdio_uart/stdio_uart.c.obj
                0x10002034                stdio_uart_in_chars
 .text.on_uart_rx
                0x100020b8       0x28 CMakeFiles/myBlink.dir/C_/Users/mmoran/opt/pico/pico-sdk/src/rp2_common/pico_stdio_uart/stdio_uart.c.obj
 .text.stdio_uart_out_flush
                0x100020e0       0x14 CMakeFiles/myBlink.dir/C_/Users/mmoran/opt/pico/pico-sdk/src/rp2_common/pico_stdio_uart/stdio_uart.c.obj
 .text.stdio_uart_set_chars_available_callback
                0x100020f4       0x88 CMakeFiles/myBlink.dir/C_/Users/mmoran/opt/pico/pico-sdk/src/rp2_common/pico_stdio_uart/stdio_uart.c.obj
 .text.stdio_uart_init
                0x1000217c       0x50 CMakeFiles/myBlink.dir/C_/Users/mmoran/opt/pico/pico-sdk/src/rp2_common/pico_stdio_uart/stdio_uart.c.obj
                0x1000217c                stdio_uart_init
 .text.resetd_init
                0x100021cc        0x4 CMakeFiles/myBlink.dir/C_/Users/mmoran/opt/pico/pico-sdk/src/rp2_common/pico_stdio_usb/reset_interface.c.obj
 .text.resetd_reset
                0x100021d0        0xc CMakeFiles/myBlink.dir/C_/Users/mmoran/opt/pico/pico-sdk/src/rp2_common/pico_stdio_usb/reset_interface.c.obj
 .text.resetd_open
                0x100021dc       0x28 CMakeFiles/myBlink.dir/C_/Users/mmoran/opt/pico/pico-sdk/src/rp2_common/pico_stdio_usb/reset_interface.c.obj
 .text.resetd_xfer_cb
                0x10002204        0x4 CMakeFiles/myBlink.dir/C_/Users/mmoran/opt/pico/pico-sdk/src/rp2_common/pico_stdio_usb/reset_interface.c.obj
 .text.resetd_control_xfer_cb
                0x10002208       0x60 CMakeFiles/myBlink.dir/C_/Users/mmoran/opt/pico/pico-sdk/src/rp2_common/pico_stdio_usb/reset_interface.c.obj
 .text.tud_descriptor_bos_cb
                0x10002268        0x8 CMakeFiles/myBlink.dir/C_/Users/mmoran/opt/pico/pico-sdk/src/rp2_common/pico_stdio_usb/reset_interface.c.obj
                0x10002268                tud_descriptor_bos_cb
 .text.tud_vendor_control_xfer_cb
                0x10002270       0x34 CMakeFiles/myBlink.dir/C_/Users/mmoran/opt/pico/pico-sdk/src/rp2_common/pico_stdio_usb/reset_interface.c.obj
                0x10002270                tud_vendor_control_xfer_cb
 .text.usbd_app_driver_get_cb
                0x100022a4        0xc CMakeFiles/myBlink.dir/C_/Users/mmoran/opt/pico/pico-sdk/src/rp2_common/pico_stdio_usb/reset_interface.c.obj
                0x100022a4                usbd_app_driver_get_cb
 .text.tud_cdc_line_coding_cb
                0x100022b0       0x2c CMakeFiles/myBlink.dir/C_/Users/mmoran/opt/pico/pico-sdk/src/rp2_common/pico_stdio_usb/reset_interface.c.obj
                0x100022b0                tud_cdc_line_coding_cb
 .text.stdio_usb_set_chars_available_callback
                0x100022dc       0x14 CMakeFiles/myBlink.dir/C_/Users/mmoran/opt/pico/pico-sdk/src/rp2_common/pico_stdio_usb/stdio_usb.c.obj
                0x100022dc                stdio_usb_set_chars_available_callback
 .text.usb_irq  0x100022f0       0x10 CMakeFiles/myBlink.dir/C_/Users/mmoran/opt/pico/pico-sdk/src/rp2_common/pico_stdio_usb/stdio_usb.c.obj
 .text.timer_task
                0x10002300       0x64 CMakeFiles/myBlink.dir/C_/Users/mmoran/opt/pico/pico-sdk/src/rp2_common/pico_stdio_usb/stdio_usb.c.obj
 .text.stdio_usb_in_chars
                0x10002364       0x90 CMakeFiles/myBlink.dir/C_/Users/mmoran/opt/pico/pico-sdk/src/rp2_common/pico_stdio_usb/stdio_usb.c.obj
                0x10002364                stdio_usb_in_chars
 .text.stdio_usb_out_flush
                0x100023f4       0x50 CMakeFiles/myBlink.dir/C_/Users/mmoran/opt/pico/pico-sdk/src/rp2_common/pico_stdio_usb/stdio_usb.c.obj
 .text.stdio_usb_out_chars
                0x10002444      0x100 CMakeFiles/myBlink.dir/C_/Users/mmoran/opt/pico/pico-sdk/src/rp2_common/pico_stdio_usb/stdio_usb.c.obj
 .text.low_priority_worker_irq
                0x10002544       0xc8 CMakeFiles/myBlink.dir/C_/Users/mmoran/opt/pico/pico-sdk/src/rp2_common/pico_stdio_usb/stdio_usb.c.obj
 .text.stdio_usb_init
                0x1000260c       0xe8 CMakeFiles/myBlink.dir/C_/Users/mmoran/opt/pico/pico-sdk/src/rp2_common/pico_stdio_usb/stdio_usb.c.obj
                0x1000260c                stdio_usb_init
 .text.tud_descriptor_device_cb
                0x100026f4        0x8 CMakeFiles/myBlink.dir/C_/Users/mmoran/opt/pico/pico-sdk/src/rp2_common/pico_stdio_usb/stdio_usb_descriptors.c.obj
                0x100026f4                tud_descriptor_device_cb
 .text.tud_descriptor_configuration_cb
                0x100026fc        0x8 CMakeFiles/myBlink.dir/C_/Users/mmoran/opt/pico/pico-sdk/src/rp2_common/pico_stdio_usb/stdio_usb_descriptors.c.obj
                0x100026fc                tud_descriptor_configuration_cb
 .text.tud_descriptor_string_cb
                0x10002704       0x74 CMakeFiles/myBlink.dir/C_/Users/mmoran/opt/pico/pico-sdk/src/rp2_common/pico_stdio_usb/stdio_usb_descriptors.c.obj
                0x10002704                tud_descriptor_string_cb
 .text.startup._retrieve_unique_id_on_boot
                0x10002778       0x10 CMakeFiles/myBlink.dir/C_/Users/mmoran/opt/pico/pico-sdk/src/rp2_common/pico_unique_id/unique_id.c.obj
 .text.pico_get_unique_board_id_string
                0x10002788      0x1a8 CMakeFiles/myBlink.dir/C_/Users/mmoran/opt/pico/pico-sdk/src/rp2_common/pico_unique_id/unique_id.c.obj
                0x10002788                pico_get_unique_board_id_string
 .text.flash_get_unique_id
                0x10002930       0x40 CMakeFiles/myBlink.dir/C_/Users/mmoran/opt/pico/pico-sdk/src/rp2_common/hardware_flash/flash.c.obj
                0x10002930                flash_get_unique_id
 .text.dcd_init
                0x10002970       0x90 CMakeFiles/myBlink.dir/C_/Users/mmoran/opt/pico/pico-sdk/lib/tinyusb/src/portable/raspberrypi/rp2040/dcd_rp2040.c.obj
                0x10002970                dcd_init
 .text.dcd_int_enable
                0x10002a00        0xc CMakeFiles/myBlink.dir/C_/Users/mmoran/opt/pico/pico-sdk/lib/tinyusb/src/portable/raspberrypi/rp2040/dcd_rp2040.c.obj
                0x10002a00                dcd_int_enable
 .text.dcd_set_address
                0x10002a0c       0x14 CMakeFiles/myBlink.dir/C_/Users/mmoran/opt/pico/pico-sdk/lib/tinyusb/src/portable/raspberrypi/rp2040/dcd_rp2040.c.obj
                0x10002a0c                dcd_set_address
 .text.dcd_sof_enable
                0x10002a20       0x1c CMakeFiles/myBlink.dir/C_/Users/mmoran/opt/pico/pico-sdk/lib/tinyusb/src/portable/raspberrypi/rp2040/dcd_rp2040.c.obj
                0x10002a20                dcd_sof_enable
 .text.dcd_edpt0_status_complete
                0x10002a3c       0x1c CMakeFiles/myBlink.dir/C_/Users/mmoran/opt/pico/pico-sdk/lib/tinyusb/src/portable/raspberrypi/rp2040/dcd_rp2040.c.obj
                0x10002a3c                dcd_edpt0_status_complete
 .text.dcd_edpt_open
                0x10002a58      0x114 CMakeFiles/myBlink.dir/C_/Users/mmoran/opt/pico/pico-sdk/lib/tinyusb/src/portable/raspberrypi/rp2040/dcd_rp2040.c.obj
                0x10002a58                dcd_edpt_open
 .text.dcd_edpt_close_all
                0x10002b6c        0x8 CMakeFiles/myBlink.dir/C_/Users/mmoran/opt/pico/pico-sdk/lib/tinyusb/src/portable/raspberrypi/rp2040/dcd_rp2040.c.obj
                0x10002b6c                dcd_edpt_close_all
 .text.dcd_edpt_xfer
                0x10002b74       0x24 CMakeFiles/myBlink.dir/C_/Users/mmoran/opt/pico/pico-sdk/lib/tinyusb/src/portable/raspberrypi/rp2040/dcd_rp2040.c.obj
                0x10002b74                dcd_edpt_xfer
 .text.dcd_edpt_stall
                0x10002b98       0x38 CMakeFiles/myBlink.dir/C_/Users/mmoran/opt/pico/pico-sdk/lib/tinyusb/src/portable/raspberrypi/rp2040/dcd_rp2040.c.obj
                0x10002b98                dcd_edpt_stall
 .text.dcd_edpt_clear_stall
                0x10002bd0       0x30 CMakeFiles/myBlink.dir/C_/Users/mmoran/opt/pico/pico-sdk/lib/tinyusb/src/portable/raspberrypi/rp2040/dcd_rp2040.c.obj
                0x10002bd0                dcd_edpt_clear_stall
 .text.rp2040_usb_init
                0x10002c00       0x40 CMakeFiles/myBlink.dir/C_/Users/mmoran/opt/pico/pico-sdk/lib/tinyusb/src/portable/raspberrypi/rp2040/rp2040_usb.c.obj
                0x10002c00                rp2040_usb_init
 .text.hw_endpoint_xfer_start
                0x10002c40       0x50 CMakeFiles/myBlink.dir/C_/Users/mmoran/opt/pico/pico-sdk/lib/tinyusb/src/portable/raspberrypi/rp2040/rp2040_usb.c.obj
                0x10002c40                hw_endpoint_xfer_start
 .text.tud_event_hook_cb
                0x10002c90        0x4 CMakeFiles/myBlink.dir/C_/Users/mmoran/opt/pico/pico-sdk/lib/tinyusb/src/device/usbd.c.obj
                0x10002c90                tud_event_hook_cb
 .text.tud_sof_cb
                0x10002c94        0x4 CMakeFiles/myBlink.dir/C_/Users/mmoran/opt/pico/pico-sdk/lib/tinyusb/src/device/usbd.c.obj
                0x10002c94                tud_sof_cb
 .text.tud_descriptor_device_qualifier_cb
                0x10002c98        0x4 CMakeFiles/myBlink.dir/C_/Users/mmoran/opt/pico/pico-sdk/lib/tinyusb/src/device/usbd.c.obj
                0x10002c98                tud_descriptor_device_qualifier_cb
 .text.tud_descriptor_other_speed_configuration_cb
                0x10002c9c        0x4 CMakeFiles/myBlink.dir/C_/Users/mmoran/opt/pico/pico-sdk/lib/tinyusb/src/device/usbd.c.obj
                0x10002c9c                tud_descriptor_other_speed_configuration_cb
 .text.tud_mount_cb
                0x10002ca0        0x4 CMakeFiles/myBlink.dir/C_/Users/mmoran/opt/pico/pico-sdk/lib/tinyusb/src/device/usbd.c.obj
                0x10002ca0                tud_mount_cb
 .text.tud_umount_cb
                0x10002ca4        0x4 CMakeFiles/myBlink.dir/C_/Users/mmoran/opt/pico/pico-sdk/lib/tinyusb/src/device/usbd.c.obj
                0x10002ca4                tud_umount_cb
 .text.tud_suspend_cb
                0x10002ca8        0x4 CMakeFiles/myBlink.dir/C_/Users/mmoran/opt/pico/pico-sdk/lib/tinyusb/src/device/usbd.c.obj
                0x10002ca8                tud_suspend_cb
 .text.tud_resume_cb
                0x10002cac        0x4 CMakeFiles/myBlink.dir/C_/Users/mmoran/opt/pico/pico-sdk/lib/tinyusb/src/device/usbd.c.obj
                0x10002cac                tud_resume_cb
 .text.tud_mounted
                0x10002cb0       0x10 CMakeFiles/myBlink.dir/C_/Users/mmoran/opt/pico/pico-sdk/lib/tinyusb/src/device/usbd.c.obj
                0x10002cb0                tud_mounted
 .text.tud_suspended
                0x10002cc0       0x10 CMakeFiles/myBlink.dir/C_/Users/mmoran/opt/pico/pico-sdk/lib/tinyusb/src/device/usbd.c.obj
                0x10002cc0                tud_suspended
 .text.tud_rhport_init
                0x10002cd0       0xf4 CMakeFiles/myBlink.dir/C_/Users/mmoran/opt/pico/pico-sdk/lib/tinyusb/src/device/usbd.c.obj
                0x10002cd0                tud_rhport_init
 .text.tud_task_ext
                0x10002dc4      0x800 CMakeFiles/myBlink.dir/C_/Users/mmoran/opt/pico/pico-sdk/lib/tinyusb/src/device/usbd.c.obj
                0x10002dc4                tud_task_ext
 .text.usbd_open_edpt_pair
                0x100035c4       0x9c CMakeFiles/myBlink.dir/C_/Users/mmoran/opt/pico/pico-sdk/lib/tinyusb/src/device/usbd.c.obj
                0x100035c4                usbd_open_edpt_pair
 .text.usbd_edpt_open
                0x10003660       0x34 CMakeFiles/myBlink.dir/C_/Users/mmoran/opt/pico/pico-sdk/lib/tinyusb/src/device/usbd.c.obj
                0x10003660                usbd_edpt_open
 .text.usbd_edpt_claim
                0x10003694       0x28 CMakeFiles/myBlink.dir/C_/Users/mmoran/opt/pico/pico-sdk/lib/tinyusb/src/device/usbd.c.obj
                0x10003694                usbd_edpt_claim
 .text.usbd_edpt_release
                0x100036bc       0x28 CMakeFiles/myBlink.dir/C_/Users/mmoran/opt/pico/pico-sdk/lib/tinyusb/src/device/usbd.c.obj
                0x100036bc                usbd_edpt_release
 .text.usbd_edpt_xfer
                0x100036e4       0x4c CMakeFiles/myBlink.dir/C_/Users/mmoran/opt/pico/pico-sdk/lib/tinyusb/src/device/usbd.c.obj
                0x100036e4                usbd_edpt_xfer
 .text.tud_control_status
                0x10003730       0x30 CMakeFiles/myBlink.dir/C_/Users/mmoran/opt/pico/pico-sdk/lib/tinyusb/src/device/usbd_control.c.obj
                0x10003730                tud_control_status
 .text.tud_control_xfer
                0x10003760       0xbc CMakeFiles/myBlink.dir/C_/Users/mmoran/opt/pico/pico-sdk/lib/tinyusb/src/device/usbd_control.c.obj
                0x10003760                tud_control_xfer
 .text.usbd_control_reset
                0x1000381c       0x14 CMakeFiles/myBlink.dir/C_/Users/mmoran/opt/pico/pico-sdk/lib/tinyusb/src/device/usbd_control.c.obj
                0x1000381c                usbd_control_reset
 .text.usbd_control_set_complete_callback
                0x10003830        0xc CMakeFiles/myBlink.dir/C_/Users/mmoran/opt/pico/pico-sdk/lib/tinyusb/src/device/usbd_control.c.obj
                0x10003830                usbd_control_set_complete_callback
 .text.usbd_control_set_request
                0x1000383c       0x1c CMakeFiles/myBlink.dir/C_/Users/mmoran/opt/pico/pico-sdk/lib/tinyusb/src/device/usbd_control.c.obj
                0x1000383c                usbd_control_set_request
 .text.usbd_control_xfer_cb
                0x10003858       0xf0 CMakeFiles/myBlink.dir/C_/Users/mmoran/opt/pico/pico-sdk/lib/tinyusb/src/device/usbd_control.c.obj
                0x10003858                usbd_control_xfer_cb
 .text._prep_out_transaction.isra.0
                0x10003948       0x6c CMakeFiles/myBlink.dir/C_/Users/mmoran/opt/pico/pico-sdk/lib/tinyusb/src/class/cdc/cdc_device.c.obj
 .text.tud_cdc_n_connected
                0x100039b4       0x2c CMakeFiles/myBlink.dir/C_/Users/mmoran/opt/pico/pico-sdk/lib/tinyusb/src/class/cdc/cdc_device.c.obj
                0x100039b4                tud_cdc_n_connected
 .text.tud_cdc_n_available
                0x100039e0       0x18 CMakeFiles/myBlink.dir/C_/Users/mmoran/opt/pico/pico-sdk/lib/tinyusb/src/class/cdc/cdc_device.c.obj
                0x100039e0                tud_cdc_n_available
 .text.tud_cdc_n_read
                0x100039f8       0x94 CMakeFiles/myBlink.dir/C_/Users/mmoran/opt/pico/pico-sdk/lib/tinyusb/src/class/cdc/cdc_device.c.obj
                0x100039f8                tud_cdc_n_read
 .text.tud_cdc_n_write_flush
                0x10003a8c       0x78 CMakeFiles/myBlink.dir/C_/Users/mmoran/opt/pico/pico-sdk/lib/tinyusb/src/class/cdc/cdc_device.c.obj
                0x10003a8c                tud_cdc_n_write_flush
 .text.tud_cdc_n_write
                0x10003b04       0x44 CMakeFiles/myBlink.dir/C_/Users/mmoran/opt/pico/pico-sdk/lib/tinyusb/src/class/cdc/cdc_device.c.obj
                0x10003b04                tud_cdc_n_write
 .text.tud_cdc_n_write_available
                0x10003b48       0x18 CMakeFiles/myBlink.dir/C_/Users/mmoran/opt/pico/pico-sdk/lib/tinyusb/src/class/cdc/cdc_device.c.obj
                0x10003b48                tud_cdc_n_write_available
 .text.cdcd_init
                0x10003b60       0x70 CMakeFiles/myBlink.dir/C_/Users/mmoran/opt/pico/pico-sdk/lib/tinyusb/src/class/cdc/cdc_device.c.obj
                0x10003b60                cdcd_init
 .text.cdcd_deinit
                0x10003bd0       0x24 CMakeFiles/myBlink.dir/C_/Users/mmoran/opt/pico/pico-sdk/lib/tinyusb/src/class/cdc/cdc_device.c.obj
                0x10003bd0                cdcd_deinit
 .text.cdcd_reset
                0x10003bf4       0x4c CMakeFiles/myBlink.dir/C_/Users/mmoran/opt/pico/pico-sdk/lib/tinyusb/src/class/cdc/cdc_device.c.obj
                0x10003bf4                cdcd_reset
 .text.cdcd_open
                0x10003c40       0xa8 CMakeFiles/myBlink.dir/C_/Users/mmoran/opt/pico/pico-sdk/lib/tinyusb/src/class/cdc/cdc_device.c.obj
                0x10003c40                cdcd_open
 .text.cdcd_control_xfer_cb
                0x10003ce8       0xe8 CMakeFiles/myBlink.dir/C_/Users/mmoran/opt/pico/pico-sdk/lib/tinyusb/src/class/cdc/cdc_device.c.obj
                0x10003ce8                cdcd_control_xfer_cb
 .text.cdcd_xfer_cb
                0x10003dd0       0xfc CMakeFiles/myBlink.dir/C_/Users/mmoran/opt/pico/pico-sdk/lib/tinyusb/src/class/cdc/cdc_device.c.obj
                0x10003dd0                cdcd_xfer_cb
 .text.vendord_init
                0x10003ecc       0x5c CMakeFiles/myBlink.dir/C_/Users/mmoran/opt/pico/pico-sdk/lib/tinyusb/src/class/vendor/vendor_device.c.obj
                0x10003ecc                vendord_init
 .text.vendord_deinit
                0x10003f28       0x1c CMakeFiles/myBlink.dir/C_/Users/mmoran/opt/pico/pico-sdk/lib/tinyusb/src/class/vendor/vendor_device.c.obj
                0x10003f28                vendord_deinit
 .text.vendord_reset
                0x10003f44       0x28 CMakeFiles/myBlink.dir/C_/Users/mmoran/opt/pico/pico-sdk/lib/tinyusb/src/class/vendor/vendor_device.c.obj
                0x10003f44                vendord_reset
 .text.vendord_open
                0x10003f6c      0x128 CMakeFiles/myBlink.dir/C_/Users/mmoran/opt/pico/pico-sdk/lib/tinyusb/src/class/vendor/vendor_device.c.obj
                0x10003f6c                vendord_open
 .text.vendord_xfer_cb
                0x10004094       0x9c CMakeFiles/myBlink.dir/C_/Users/mmoran/opt/pico/pico-sdk/lib/tinyusb/src/class/vendor/vendor_device.c.obj
                0x10004094                vendord_xfer_cb
 .text.tusb_rhport_init
                0x10004130       0x48 CMakeFiles/myBlink.dir/C_/Users/mmoran/opt/pico/pico-sdk/lib/tinyusb/src/tusb.c.obj
                0x10004130                tusb_rhport_init
 .text.tu_edpt_claim
                0x10004178       0x50 CMakeFiles/myBlink.dir/C_/Users/mmoran/opt/pico/pico-sdk/lib/tinyusb/src/tusb.c.obj
                0x10004178                tu_edpt_claim
 .text.tu_edpt_release
                0x100041c8       0x38 CMakeFiles/myBlink.dir/C_/Users/mmoran/opt/pico/pico-sdk/lib/tinyusb/src/tusb.c.obj
                0x100041c8                tu_edpt_release
 .text.tu_edpt_validate
                0x10004200       0x78 CMakeFiles/myBlink.dir/C_/Users/mmoran/opt/pico/pico-sdk/lib/tinyusb/src/tusb.c.obj
                0x10004200                tu_edpt_validate
 .text.tu_edpt_bind_driver
                0x10004278       0x34 CMakeFiles/myBlink.dir/C_/Users/mmoran/opt/pico/pico-sdk/lib/tinyusb/src/tusb.c.obj
                0x10004278                tu_edpt_bind_driver
 .text.tu_edpt_stream_init
                0x100042ac       0x6c CMakeFiles/myBlink.dir/C_/Users/mmoran/opt/pico/pico-sdk/lib/tinyusb/src/tusb.c.obj
                0x100042ac                tu_edpt_stream_init
 .text.tu_edpt_stream_deinit
                0x10004318        0x4 CMakeFiles/myBlink.dir/C_/Users/mmoran/opt/pico/pico-sdk/lib/tinyusb/src/tusb.c.obj
                0x10004318                tu_edpt_stream_deinit
 .text.tu_edpt_stream_write_zlp_if_needed
                0x1000431c       0x58 CMakeFiles/myBlink.dir/C_/Users/mmoran/opt/pico/pico-sdk/lib/tinyusb/src/tusb.c.obj
                0x1000431c                tu_edpt_stream_write_zlp_if_needed
 .text.tu_edpt_stream_write_xfer
                0x10004374       0x64 CMakeFiles/myBlink.dir/C_/Users/mmoran/opt/pico/pico-sdk/lib/tinyusb/src/tusb.c.obj
                0x10004374                tu_edpt_stream_write_xfer
 .text.tu_edpt_stream_read_xfer
                0x100043d8       0xdc CMakeFiles/myBlink.dir/C_/Users/mmoran/opt/pico/pico-sdk/lib/tinyusb/src/tusb.c.obj
                0x100043d8                tu_edpt_stream_read_xfer
 .text.tu_fifo_config
                0x100044b4       0x70 CMakeFiles/myBlink.dir/C_/Users/mmoran/opt/pico/pico-sdk/lib/tinyusb/src/common/tusb_fifo.c.obj
                0x100044b4                tu_fifo_config
 .text.tu_fifo_count
                0x10004524       0x2c CMakeFiles/myBlink.dir/C_/Users/mmoran/opt/pico/pico-sdk/lib/tinyusb/src/common/tusb_fifo.c.obj
                0x10004524                tu_fifo_count
 .text.tu_fifo_empty
                0x10004550       0x10 CMakeFiles/myBlink.dir/C_/Users/mmoran/opt/pico/pico-sdk/lib/tinyusb/src/common/tusb_fifo.c.obj
                0x10004550                tu_fifo_empty
 .text.tu_fifo_remaining
                0x10004560       0x2c CMakeFiles/myBlink.dir/C_/Users/mmoran/opt/pico/pico-sdk/lib/tinyusb/src/common/tusb_fifo.c.obj
                0x10004560                tu_fifo_remaining
 .text.tu_fifo_read
                0x1000458c       0xa0 CMakeFiles/myBlink.dir/C_/Users/mmoran/opt/pico/pico-sdk/lib/tinyusb/src/common/tusb_fifo.c.obj
                0x1000458c                tu_fifo_read
 .text.tu_fifo_read_n
                0x1000462c       0xec CMakeFiles/myBlink.dir/C_/Users/mmoran/opt/pico/pico-sdk/lib/tinyusb/src/common/tusb_fifo.c.obj
                0x1000462c                tu_fifo_read_n
 .text.tu_fifo_write
                0x10004718       0x88 CMakeFiles/myBlink.dir/C_/Users/mmoran/opt/pico/pico-sdk/lib/tinyusb/src/common/tusb_fifo.c.obj
                0x10004718                tu_fifo_write
 .text.tu_fifo_write_n
                0x100047a0      0x168 CMakeFiles/myBlink.dir/C_/Users/mmoran/opt/pico/pico-sdk/lib/tinyusb/src/common/tusb_fifo.c.obj
                0x100047a0                tu_fifo_write_n
 .text.tu_fifo_clear
                0x10004908       0x40 CMakeFiles/myBlink.dir/C_/Users/mmoran/opt/pico/pico-sdk/lib/tinyusb/src/common/tusb_fifo.c.obj
                0x10004908                tu_fifo_clear
 .text.tu_fifo_set_overwritable
                0x10004948       0x48 CMakeFiles/myBlink.dir/C_/Users/mmoran/opt/pico/pico-sdk/lib/tinyusb/src/common/tusb_fifo.c.obj
                0x10004948                tu_fifo_set_overwritable
 .text.strlen   0x10004990       0x5c c:/programdata/chocolatey/lib/gcc-arm-embedded/tools/gcc-arm-none-eabi-10.3-2021.10/bin/../lib/gcc/arm-none-eabi/10.3.1/../../../../arm-none-eabi/lib/thumb/v6-m/nofp\libg.a(lib_a-strlen-stub.o)
                0x10004990                strlen
 *(.fini)
 .fini          0x100049ec        0x4 c:/programdata/chocolatey/lib/gcc-arm-embedded/tools/gcc-arm-none-eabi-10.3-2021.10/bin/../lib/gcc/arm-none-eabi/10.3.1/thumb/v6-m/nofp/crti.o
                0x100049ec                _fini
 .fini.__stub   0x100049f0       0xc0 linker stubs
 *crtbegin.o(.ctors)
 *crtbegin?.o(.ctors)
 *(EXCLUDE_FILE(*crtend.o *crtend?.o) .ctors)
 *(SORT_BY_NAME(.ctors.*))
 *(.ctors)
 *crtbegin.o(.dtors)
 *crtbegin?.o(.dtors)
 *(EXCLUDE_FILE(*crtend.o *crtend?.o) .dtors)
 *(SORT_BY_NAME(.dtors.*))
 *(.dtors)
                0x10004ab0                . = ALIGN (0x4)
                0x10004ab0                PROVIDE (__preinit_array_start = .)
 *(SORT_BY_NAME(.preinit_array.*))
 .preinit_array.00100
                0x10004ab0        0x4 CMakeFiles/myBlink.dir/C_/Users/mmoran/opt/pico/pico-sdk/src/rp2_common/pico_runtime_init/runtime_init.c.obj
                0x10004ab0                __pre_init_runtime_init_early_resets
 .preinit_array.00101
                0x10004ab4        0x4 CMakeFiles/myBlink.dir/C_/Users/mmoran/opt/pico/pico-sdk/src/rp2_common/pico_runtime_init/runtime_init.c.obj
                0x10004ab4                __pre_init_runtime_init_usb_power_down
 .preinit_array.00275
                0x10004ab8        0x4 CMakeFiles/myBlink.dir/C_/Users/mmoran/opt/pico/pico-sdk/src/rp2_common/pico_bit_ops/bit_ops_aeabi.S.obj
 .preinit_array.00300
                0x10004abc        0x4 CMakeFiles/myBlink.dir/C_/Users/mmoran/opt/pico/pico-sdk/src/rp2_common/pico_mem_ops/mem_ops_aeabi.S.obj
 .preinit_array.00350
                0x10004ac0        0x4 CMakeFiles/myBlink.dir/C_/Users/mmoran/opt/pico/pico-sdk/src/rp2_common/pico_double/double_aeabi_rp2040.S.obj
 .preinit_array.00350
                0x10004ac4        0x4 CMakeFiles/myBlink.dir/C_/Users/mmoran/opt/pico/pico-sdk/src/rp2_common/pico_float/float_aeabi_rp2040.S.obj
 .preinit_array.00500
                0x10004ac8        0x4 CMakeFiles/myBlink.dir/C_/Users/mmoran/opt/pico/pico-sdk/src/rp2_common/pico_runtime_init/runtime_init.c.obj
                0x10004ac8                __pre_init_runtime_init_clocks
 .preinit_array.00600
                0x10004acc        0x4 CMakeFiles/myBlink.dir/C_/Users/mmoran/opt/pico/pico-sdk/src/rp2_common/pico_runtime_init/runtime_init.c.obj
                0x10004acc                __pre_init_runtime_init_post_clock_resets
 .preinit_array.00700
                0x10004ad0        0x4 CMakeFiles/myBlink.dir/C_/Users/mmoran/opt/pico/pico-sdk/src/rp2_common/pico_runtime_init/runtime_init.c.obj
                0x10004ad0                __pre_init_runtime_init_rp2040_gpio_ie_disable
 .preinit_array.01000
                0x10004ad4        0x4 CMakeFiles/myBlink.dir/C_/Users/mmoran/opt/pico/pico-sdk/src/rp2_common/pico_runtime_init/runtime_init.c.obj
                0x10004ad4                __pre_init_runtime_init_spin_locks_reset
 .preinit_array.01100
                0x10004ad8        0x4 CMakeFiles/myBlink.dir/C_/Users/mmoran/opt/pico/pico-sdk/src/common/pico_sync/mutex.c.obj
                0x10004ad8                __pre_init_runtime_init_mutex
 .preinit_array.10080
                0x10004adc        0x4 CMakeFiles/myBlink.dir/C_/Users/mmoran/opt/pico/pico-sdk/src/rp2_common/pico_runtime_init/runtime_init.c.obj
                0x10004adc                __pre_init_runtime_init_install_ram_vector_table
 .preinit_array.11000
                0x10004ae0        0x4 CMakeFiles/myBlink.dir/C_/Users/mmoran/opt/pico/pico-sdk/src/common/pico_time/time.c.obj
                0x10004ae0                __pre_init_runtime_init_default_alarm_pool
 .preinit_array.YYYYY
                0x10004ae4        0x4 CMakeFiles/myBlink.dir/C_/Users/mmoran/opt/pico/pico-sdk/src/rp2_common/pico_runtime/runtime.c.obj
                0x10004ae4                __pre_init_first_per_core_initializer
 .preinit_array.ZZZZZ.01200
                0x10004ae8        0x4 CMakeFiles/myBlink.dir/C_/Users/mmoran/opt/pico/pico-sdk/src/rp2_common/hardware_irq/irq.c.obj
                0x10004ae8                __pre_init_runtime_init_per_core_irq_priorities
 *(.preinit_array)
                0x10004aec                PROVIDE (__preinit_array_end = .)
                0x10004aec                . = ALIGN (0x4)
                0x10004aec                PROVIDE (__init_array_start = .)
 *(SORT_BY_NAME(.init_array.*))
 *(.init_array)
 .init_array    0x10004aec        0x4 c:/programdata/chocolatey/lib/gcc-arm-embedded/tools/gcc-arm-none-eabi-10.3-2021.10/bin/../lib/gcc/arm-none-eabi/10.3.1/thumb/v6-m/nofp/crtbegin.o
 .init_array    0x10004af0        0x4 CMakeFiles/myBlink.dir/C_/Users/mmoran/opt/pico/pico-sdk/src/rp2_common/pico_unique_id/unique_id.c.obj
                0x10004af4                PROVIDE (__init_array_end = .)
                0x10004af4                . = ALIGN (0x4)
                [!provide]                PROVIDE (__fini_array_start = .)
 *(SORT_BY_NAME(.fini_array.*))
 *(.fini_array)
                [!provide]                PROVIDE (__fini_array_end = .)
 *(.eh_frame*)
 .eh_frame      0x10004af4        0x0 c:/programdata/chocolatey/lib/gcc-arm-embedded/tools/gcc-arm-none-eabi-10.3-2021.10/bin/../lib/gcc/arm-none-eabi/10.3.1/thumb/v6-m/nofp/crtbegin.o
                0x10004af4                . = ALIGN (0x4)

.glue_7         0x10004af4        0x0
 .glue_7        0x10004af4        0x0 linker stubs

.glue_7t        0x10004af4        0x0
 .glue_7t       0x10004af4        0x0 linker stubs

.vfp11_veneer   0x10004af4        0x0
 .vfp11_veneer  0x10004af4        0x0 linker stubs

.v4_bx          0x10004af4        0x0
 .v4_bx         0x10004af4        0x0 linker stubs

.iplt           0x10004af4        0x0
 .iplt          0x10004af4        0x0 c:/programdata/chocolatey/lib/gcc-arm-embedded/tools/gcc-arm-none-eabi-10.3-2021.10/bin/../lib/gcc/arm-none-eabi/10.3.1/thumb/v6-m/nofp/crtbegin.o

.rodata         0x10004af4      0x4a4
 *(EXCLUDE_FILE(*libm.a: *libc.a:*lib_a-mem*.o *libgcc.a:) .rodata*)
 .rodata.main.str1.4
                0x10004af4        0xd CMakeFiles/myBlink.dir/myBlink.c.obj
 *fill*         0x10004b01        0x3 
 .rodata.str1.4
                0x10004b04       0x25 CMakeFiles/myBlink.dir/myBlink.c.obj
 *fill*         0x10004b29        0x3 
 .rodata.__bi_15.0
                0x10004b2c        0xc CMakeFiles/myBlink.dir/myBlink.c.obj
 .rodata.__bi_16.1
                0x10004b38        0xc CMakeFiles/myBlink.dir/myBlink.c.obj
 .rodata.panic.str1.4
                0x10004b44       0x12 CMakeFiles/myBlink.dir/C_/Users/mmoran/opt/pico/pico-sdk/src/rp2_common/pico_platform_panic/panic.c.obj
 *fill*         0x10004b56        0x2 
 .rodata.spin_lock_claim_unused.str1.4
                0x10004b58       0x1b CMakeFiles/myBlink.dir/C_/Users/mmoran/opt/pico/pico-sdk/src/rp2_common/hardware_sync/sync.c.obj
 *fill*         0x10004b73        0x1 
 .rodata.user_irq_claim_unused.str1.4
                0x10004b74       0x1b CMakeFiles/myBlink.dir/C_/Users/mmoran/opt/pico/pico-sdk/src/rp2_common/hardware_irq/irq.c.obj
 *fill*         0x10004b8f        0x1 
 .rodata.timer_hardware_alarm_claim.str1.4
                0x10004b90       0x22 CMakeFiles/myBlink.dir/C_/Users/mmoran/opt/pico/pico-sdk/src/rp2_common/hardware_timer/timer.c.obj
 *fill*         0x10004bb2        0x2 
 .rodata.hard_assertion_failure.str1.4
                0x10004bb4        0xc CMakeFiles/myBlink.dir/C_/Users/mmoran/opt/pico/pico-sdk/src/rp2_common/pico_runtime/runtime.c.obj
 .rodata.str1.4
                0x10004bc0       0x3c CMakeFiles/myBlink.dir/C_/Users/mmoran/opt/pico/pico-sdk/src/rp2_common/pico_standard_binary_info/standard_binary_info.c.obj
 .rodata.__bi_26
                0x10004bfc        0xc CMakeFiles/myBlink.dir/C_/Users/mmoran/opt/pico/pico-sdk/src/rp2_common/pico_standard_binary_info/standard_binary_info.c.obj
 .rodata.__bi_34
                0x10004c08        0xc CMakeFiles/myBlink.dir/C_/Users/mmoran/opt/pico/pico-sdk/src/rp2_common/pico_standard_binary_info/standard_binary_info.c.obj
 .rodata.__bi_42
                0x10004c14        0xc CMakeFiles/myBlink.dir/C_/Users/mmoran/opt/pico/pico-sdk/src/rp2_common/pico_standard_binary_info/standard_binary_info.c.obj
 .rodata.__bi_48
                0x10004c20        0xc CMakeFiles/myBlink.dir/C_/Users/mmoran/opt/pico/pico-sdk/src/rp2_common/pico_standard_binary_info/standard_binary_info.c.obj
 .rodata.__bi_54
                0x10004c2c        0xc CMakeFiles/myBlink.dir/C_/Users/mmoran/opt/pico/pico-sdk/src/rp2_common/pico_standard_binary_info/standard_binary_info.c.obj
 .rodata.__bi_78
                0x10004c38        0xc CMakeFiles/myBlink.dir/C_/Users/mmoran/opt/pico/pico-sdk/src/rp2_common/pico_standard_binary_info/standard_binary_info.c.obj
 .rodata.__bi_84
                0x10004c44        0xc CMakeFiles/myBlink.dir/C_/Users/mmoran/opt/pico/pico-sdk/src/rp2_common/pico_standard_binary_info/standard_binary_info.c.obj
 .rodata.crlf_str.0
                0x10004c50        0x2 CMakeFiles/myBlink.dir/C_/Users/mmoran/opt/pico/pico-sdk/src/rp2_common/pico_stdio/stdio.c.obj
 *fill*         0x10004c52        0x2 
 .rodata.str1.4
                0x10004c54       0x2c CMakeFiles/myBlink.dir/C_/Users/mmoran/opt/pico/pico-sdk/src/rp2_common/pico_stdio_uart/stdio_uart.c.obj
 .rodata.__bi_45.4
                0x10004c80        0xc CMakeFiles/myBlink.dir/C_/Users/mmoran/opt/pico/pico-sdk/src/rp2_common/pico_stdio_uart/stdio_uart.c.obj
 .rodata.__bi_49.5
                0x10004c8c        0x8 CMakeFiles/myBlink.dir/C_/Users/mmoran/opt/pico/pico-sdk/src/rp2_common/pico_stdio_uart/stdio_uart.c.obj
 .rodata.__bi_50.6
                0x10004c94        0x8 CMakeFiles/myBlink.dir/C_/Users/mmoran/opt/pico/pico-sdk/src/rp2_common/pico_stdio_uart/stdio_uart.c.obj
 .rodata._resetd_driver
                0x10004c9c       0x20 CMakeFiles/myBlink.dir/C_/Users/mmoran/opt/pico/pico-sdk/src/rp2_common/pico_stdio_usb/reset_interface.c.obj
 .rodata.desc_bos
                0x10004cbc       0x21 CMakeFiles/myBlink.dir/C_/Users/mmoran/opt/pico/pico-sdk/src/rp2_common/pico_stdio_usb/reset_interface.c.obj
                0x10004cbc                desc_bos
 *fill*         0x10004cdd        0x3 
 .rodata.desc_ms_os_20
                0x10004ce0       0xa6 CMakeFiles/myBlink.dir/C_/Users/mmoran/opt/pico/pico-sdk/src/rp2_common/pico_stdio_usb/reset_interface.c.obj
 *fill*         0x10004d86        0x2 
 .rodata.str1.4
                0x10004d88       0x13 CMakeFiles/myBlink.dir/C_/Users/mmoran/opt/pico/pico-sdk/src/rp2_common/pico_stdio_usb/stdio_usb.c.obj
 *fill*         0x10004d9b        0x1 
 .rodata.__bi_197.0
                0x10004d9c        0xc CMakeFiles/myBlink.dir/C_/Users/mmoran/opt/pico/pico-sdk/src/rp2_common/pico_stdio_usb/stdio_usb.c.obj
 .rodata.str1.4
                0x10004da8       0x2a CMakeFiles/myBlink.dir/C_/Users/mmoran/opt/pico/pico-sdk/src/rp2_common/pico_stdio_usb/stdio_usb_descriptors.c.obj
 *fill*         0x10004dd2        0x2 
 .rodata.usbd_desc_cfg
                0x10004dd4       0x54 CMakeFiles/myBlink.dir/C_/Users/mmoran/opt/pico/pico-sdk/src/rp2_common/pico_stdio_usb/stdio_usb_descriptors.c.obj
 .rodata.usbd_desc_device
                0x10004e28       0x12 CMakeFiles/myBlink.dir/C_/Users/mmoran/opt/pico/pico-sdk/src/rp2_common/pico_stdio_usb/stdio_usb_descriptors.c.obj
 *fill*         0x10004e3a        0x2 
 .rodata.usbd_desc_str
                0x10004e3c       0x18 CMakeFiles/myBlink.dir/C_/Users/mmoran/opt/pico/pico-sdk/src/rp2_common/pico_stdio_usb/stdio_usb_descriptors.c.obj
 .rodata.str1.4
                0x10004e54       0x14 CMakeFiles/myBlink.dir/C_/Users/mmoran/opt/pico/pico-sdk/lib/tinyusb/src/portable/raspberrypi/rp2040/dcd_rp2040.c.obj
 .rodata.str1.4
                0x10004e68       0x48 CMakeFiles/myBlink.dir/C_/Users/mmoran/opt/pico/pico-sdk/lib/tinyusb/src/portable/raspberrypi/rp2040/rp2040_usb.c.obj
 .rodata.tud_task_ext
                0x10004eb0       0x8c CMakeFiles/myBlink.dir/C_/Users/mmoran/opt/pico/pico-sdk/lib/tinyusb/src/device/usbd.c.obj
 .rodata        0x10004f3c       0x1c CMakeFiles/myBlink.dir/C_/Users/mmoran/opt/pico/pico-sdk/lib/tinyusb/src/device/usbd.c.obj
 .rodata._usbd_driver
                0x10004f58       0x40 CMakeFiles/myBlink.dir/C_/Users/mmoran/opt/pico/pico-sdk/lib/tinyusb/src/device/usbd.c.obj
                0x10004f98                . = ALIGN (0x4)
 *(SORT_BY_ALIGNMENT(SORT_BY_NAME(.flashdata*)))
                0x10004f98                . = ALIGN (0x4)

.ARM.extab
 *(.ARM.extab* .gnu.linkonce.armextab.*)
                0x10004f98                __exidx_start = .

.ARM.exidx
 *(.ARM.exidx* .gnu.linkonce.armexidx.*)
                0x10004f98                __exidx_end = .
                0x10004f98                . = ALIGN (0x4)
                0x10004f98                __binary_info_start = .

.binary_info    0x10004f98       0x34
 *(.binary_info.keep.*)
 .binary_info.keep.__bi_ptr15
                0x10004f98        0x4 CMakeFiles/myBlink.dir/myBlink.c.obj
 .binary_info.keep.__bi_ptr16
                0x10004f9c        0x4 CMakeFiles/myBlink.dir/myBlink.c.obj
 .binary_info.keep.__bi_ptr26
                0x10004fa0        0x4 CMakeFiles/myBlink.dir/C_/Users/mmoran/opt/pico/pico-sdk/src/rp2_common/pico_standard_binary_info/standard_binary_info.c.obj
 .binary_info.keep.__bi_ptr34
                0x10004fa4        0x4 CMakeFiles/myBlink.dir/C_/Users/mmoran/opt/pico/pico-sdk/src/rp2_common/pico_standard_binary_info/standard_binary_info.c.obj
 .binary_info.keep.__bi_ptr42
                0x10004fa8        0x4 CMakeFiles/myBlink.dir/C_/Users/mmoran/opt/pico/pico-sdk/src/rp2_common/pico_standard_binary_info/standard_binary_info.c.obj
 .binary_info.keep.__bi_ptr48
                0x10004fac        0x4 CMakeFiles/myBlink.dir/C_/Users/mmoran/opt/pico/pico-sdk/src/rp2_common/pico_standard_binary_info/standard_binary_info.c.obj
 .binary_info.keep.__bi_ptr54
                0x10004fb0        0x4 CMakeFiles/myBlink.dir/C_/Users/mmoran/opt/pico/pico-sdk/src/rp2_common/pico_standard_binary_info/standard_binary_info.c.obj
 .binary_info.keep.__bi_ptr78
                0x10004fb4        0x4 CMakeFiles/myBlink.dir/C_/Users/mmoran/opt/pico/pico-sdk/src/rp2_common/pico_standard_binary_info/standard_binary_info.c.obj
 .binary_info.keep.__bi_ptr84
                0x10004fb8        0x4 CMakeFiles/myBlink.dir/C_/Users/mmoran/opt/pico/pico-sdk/src/rp2_common/pico_standard_binary_info/standard_binary_info.c.obj
 *(.binary_info.*)
 .binary_info.__bi_ptr45
                0x10004fbc        0x4 CMakeFiles/myBlink.dir/C_/Users/mmoran/opt/pico/pico-sdk/src/rp2_common/pico_stdio_uart/stdio_uart.c.obj
 .binary_info.__bi_ptr49
                0x10004fc0        0x4 CMakeFiles/myBlink.dir/C_/Users/mmoran/opt/pico/pico-sdk/src/rp2_common/pico_stdio_uart/stdio_uart.c.obj
 .binary_info.__bi_ptr50
                0x10004fc4        0x4 CMakeFiles/myBlink.dir/C_/Users/mmoran/opt/pico/pico-sdk/src/rp2_common/pico_stdio_uart/stdio_uart.c.obj
 .binary_info.__bi_ptr197
                0x10004fc8        0x4 CMakeFiles/myBlink.dir/C_/Users/mmoran/opt/pico/pico-sdk/src/rp2_common/pico_stdio_usb/stdio_usb.c.obj
                0x10004fcc                __binary_info_end = .

.rel.dyn        0x10004fcc        0x0
 .rel.iplt      0x10004fcc        0x0 c:/programdata/chocolatey/lib/gcc-arm-embedded/tools/gcc-arm-none-eabi-10.3-2021.10/bin/../lib/gcc/arm-none-eabi/10.3.1/thumb/v6-m/nofp/crtbegin.o
                0x10004fcc                . = ALIGN (0x4)

.ram_vector_table
                0x20000000       0xc0
 *(.ram_vector_table)
 .ram_vector_table
                0x20000000       0xc0 CMakeFiles/myBlink.dir/C_/Users/mmoran/opt/pico/pico-sdk/src/rp2_common/pico_runtime_init/runtime_init.c.obj
                0x20000000                ram_vector_table

.uninitialized_data
                0x200000c0        0x0
                0x200000c0                . = ALIGN (0x4)
 *(.uninitialized_data*)

.data           0x200000c0      0xfe8 load address 0x10004fcc
                0x200000c0                __data_start__ = .
 *(vtable)
 *(.time_critical*)
 .time_critical.mutex_try_enter
                0x200000c0       0x44 CMakeFiles/myBlink.dir/C_/Users/mmoran/opt/pico/pico-sdk/src/common/pico_sync/mutex.c.obj
                0x200000c0                mutex_try_enter
 .time_critical.mutex_try_enter_block_until
                0x20000104       0x9c CMakeFiles/myBlink.dir/C_/Users/mmoran/opt/pico/pico-sdk/src/common/pico_sync/mutex.c.obj
                0x20000104                mutex_try_enter_block_until
 .time_critical.mutex_enter_timeout_ms
                0x200001a0       0x90 CMakeFiles/myBlink.dir/C_/Users/mmoran/opt/pico/pico-sdk/src/common/pico_sync/mutex.c.obj
                0x200001a0                mutex_enter_timeout_ms
 .time_critical.mutex_exit
                0x20000230       0x28 CMakeFiles/myBlink.dir/C_/Users/mmoran/opt/pico/pico-sdk/src/common/pico_sync/mutex.c.obj
                0x20000230                mutex_exit
 .time_critical.flash_init_boot2_copyout
                0x20000258       0x30 CMakeFiles/myBlink.dir/C_/Users/mmoran/opt/pico/pico-sdk/src/rp2_common/hardware_flash/flash.c.obj
 .time_critical.flash_enable_xip_via_boot2
                0x20000288       0x10 CMakeFiles/myBlink.dir/C_/Users/mmoran/opt/pico/pico-sdk/src/rp2_common/hardware_flash/flash.c.obj
 .time_critical.flash_cs_force
                0x20000298       0x38 CMakeFiles/myBlink.dir/C_/Users/mmoran/opt/pico/pico-sdk/src/rp2_common/hardware_flash/flash.c.obj
 .time_critical.flash_do_cmd
                0x200002d0       0xc4 CMakeFiles/myBlink.dir/C_/Users/mmoran/opt/pico/pico-sdk/src/rp2_common/hardware_flash/flash.c.obj
                0x200002d0                flash_do_cmd
 .time_critical.reset_non_control_endpoints
                0x20000394       0xbc CMakeFiles/myBlink.dir/C_/Users/mmoran/opt/pico/pico-sdk/lib/tinyusb/src/portable/raspberrypi/rp2040/dcd_rp2040.c.obj
 .time_critical.hw_handle_buff_status
                0x20000450       0x98 CMakeFiles/myBlink.dir/C_/Users/mmoran/opt/pico/pico-sdk/lib/tinyusb/src/portable/raspberrypi/rp2040/dcd_rp2040.c.obj
 .time_critical.dcd_rp2040_irq
                0x200004e8      0x530 CMakeFiles/myBlink.dir/C_/Users/mmoran/opt/pico/pico-sdk/lib/tinyusb/src/portable/raspberrypi/rp2040/dcd_rp2040.c.obj
 .time_critical.prepare_ep_buffer
                0x20000a18       0xf4 CMakeFiles/myBlink.dir/C_/Users/mmoran/opt/pico/pico-sdk/lib/tinyusb/src/portable/raspberrypi/rp2040/rp2040_usb.c.obj
 .time_critical.sync_ep_buffer
                0x20000b0c       0xb4 CMakeFiles/myBlink.dir/C_/Users/mmoran/opt/pico/pico-sdk/lib/tinyusb/src/portable/raspberrypi/rp2040/rp2040_usb.c.obj
 .time_critical._hw_endpoint_xfer_sync
                0x20000bc0       0x28 CMakeFiles/myBlink.dir/C_/Users/mmoran/opt/pico/pico-sdk/lib/tinyusb/src/portable/raspberrypi/rp2040/rp2040_usb.c.obj
 .time_critical.e15_is_bulkin_ep
                0x20000be8       0x28 CMakeFiles/myBlink.dir/C_/Users/mmoran/opt/pico/pico-sdk/lib/tinyusb/src/portable/raspberrypi/rp2040/rp2040_usb.c.obj
 .time_critical.e15_is_critical_frame_period
                0x20000c10       0x34 CMakeFiles/myBlink.dir/C_/Users/mmoran/opt/pico/pico-sdk/lib/tinyusb/src/portable/raspberrypi/rp2040/rp2040_usb.c.obj
 .time_critical.hw_endpoint_reset_transfer
                0x20000c44        0xc CMakeFiles/myBlink.dir/C_/Users/mmoran/opt/pico/pico-sdk/lib/tinyusb/src/portable/raspberrypi/rp2040/rp2040_usb.c.obj
                0x20000c44                hw_endpoint_reset_transfer
 .time_critical._hw_endpoint_buffer_control_update32
                0x20000c50       0x50 CMakeFiles/myBlink.dir/C_/Users/mmoran/opt/pico/pico-sdk/lib/tinyusb/src/portable/raspberrypi/rp2040/rp2040_usb.c.obj
                0x20000c50                _hw_endpoint_buffer_control_update32
 .time_critical.hw_endpoint_start_next_buffer
                0x20000ca0       0x6c CMakeFiles/myBlink.dir/C_/Users/mmoran/opt/pico/pico-sdk/lib/tinyusb/src/portable/raspberrypi/rp2040/rp2040_usb.c.obj
                0x20000ca0                hw_endpoint_start_next_buffer
 .time_critical.hw_endpoint_xfer_continue
                0x20000d0c       0x40 CMakeFiles/myBlink.dir/C_/Users/mmoran/opt/pico/pico-sdk/lib/tinyusb/src/portable/raspberrypi/rp2040/rp2040_usb.c.obj
                0x20000d0c                hw_endpoint_xfer_continue
 .time_critical.tinyusb
                0x20000d4c      0x1f0 CMakeFiles/myBlink.dir/C_/Users/mmoran/opt/pico/pico-sdk/lib/tinyusb/src/device/usbd.c.obj
                0x20000d4c                dcd_event_handler
 *(.text*)
 .text          0x20000f3c        0x4 c:/programdata/chocolatey/lib/gcc-arm-embedded/tools/gcc-arm-none-eabi-10.3-2021.10/bin/../lib/gcc/arm-none-eabi/10.3.1/thumb/v6-m/nofp\libgcc.a(_dvmd_tls.o)
                0x20000f3c                __aeabi_idiv0
                0x20000f3c                __aeabi_ldiv0
 .text.__stub   0x20000f40       0x80 linker stubs
                0x20000fc0                . = ALIGN (0x4)
 *(.rodata*)
                0x20000fc0                . = ALIGN (0x4)
 *(.data*)
 .data.striped_spin_lock_num
                0x20000fc0        0x1 CMakeFiles/myBlink.dir/C_/Users/mmoran/opt/pico/pico-sdk/src/rp2_common/hardware_sync/sync.c.obj
 *fill*         0x20000fc1        0x3 
 .data          0x20000fc4       0x48 CMakeFiles/myBlink.dir/C_/Users/mmoran/opt/pico/pico-sdk/src/rp2_common/hardware_irq/irq_handler_chain.S.obj
                0x20000fc4                irq_handler_chain_slots
                0x20000ff4                irq_handler_chain_first_slot
                0x20000ffe                irq_handler_chain_remove_tail
 .data.default_alarm_pool
                0x2000100c       0x18 CMakeFiles/myBlink.dir/C_/Users/mmoran/opt/pico/pico-sdk/src/common/pico_time/time.c.obj
 *fill*         0x20001024        0xc 
 .data.aeabi_bits_funcs
                0x20001030       0x10 CMakeFiles/myBlink.dir/C_/Users/mmoran/opt/pico/pico-sdk/src/rp2_common/pico_bit_ops/bit_ops_aeabi.S.obj
                0x20001030                aeabi_bits_funcs
                0x20001040                aeabi_bits_funcs_end
 .data.aeabi_mem_funcs
                0x20001040       0x10 CMakeFiles/myBlink.dir/C_/Users/mmoran/opt/pico/pico-sdk/src/rp2_common/pico_mem_ops/mem_ops_aeabi.S.obj
                0x20001040                aeabi_mem_funcs
                0x20001050                aeabi_mem_funcs_end
 .data.stdio_uart
                0x20001050       0x18 CMakeFiles/myBlink.dir/C_/Users/mmoran/opt/pico/pico-sdk/src/rp2_common/pico_stdio_uart/stdio_uart.c.obj
                0x20001050                stdio_uart
 .data.stdio_usb
                0x20001068       0x18 CMakeFiles/myBlink.dir/C_/Users/mmoran/opt/pico/pico-sdk/src/rp2_common/pico_stdio_usb/stdio_usb.c.obj
                0x20001068                stdio_usb
 .data._usbd_qdef
                0x20001080       0x1c CMakeFiles/myBlink.dir/C_/Users/mmoran/opt/pico/pico-sdk/lib/tinyusb/src/device/usbd.c.obj
                0x20001080                _usbd_qdef
 .data._usbd_rhport
                0x2000109c        0x1 CMakeFiles/myBlink.dir/C_/Users/mmoran/opt/pico/pico-sdk/lib/tinyusb/src/device/usbd.c.obj
                0x200010a0                . = ALIGN (0x4)
 *fill*         0x2000109d        0x3 
 *(.after_data.*)
                0x200010a0                . = ALIGN (0x4)
                0x200010a0                PROVIDE (__mutex_array_start = .)
 *(SORT_BY_NAME(.mutex_array.*))
 *(.mutex_array)
 .mutex_array   0x200010a0        0x8 CMakeFiles/myBlink.dir/C_/Users/mmoran/opt/pico/pico-sdk/src/rp2_common/pico_stdio/stdio.c.obj
                0x200010a8                PROVIDE (__mutex_array_end = .)
                0x200010a8                . = ALIGN (0x4)
 *(.jcr)
                0x200010a8                . = ALIGN (0x4)

.igot.plt       0x200010a8        0x0 load address 0x10005fb4
 .igot.plt      0x200010a8        0x0 c:/programdata/chocolatey/lib/gcc-arm-embedded/tools/gcc-arm-none-eabi-10.3-2021.10/bin/../lib/gcc/arm-none-eabi/10.3.1/thumb/v6-m/nofp/crtbegin.o

.tdata          0x200010a8        0x0 load address 0x10005fb4
                0x200010a8                . = ALIGN (0x4)
 *(.tdata .tdata.* .gnu.linkonce.td.*)
                0x200010a8                __tdata_end = .
                0x200010a8                PROVIDE (__data_end__ = .)
                0x10004fcc                __etext = LOADADDR (.data)

.tbss           0x200010a8        0x0 load address 0x10005fb4
                0x200010a8                . = ALIGN (0x4)
                0x200010a8                __bss_start__ = .
                0x200010a8                __tls_base = .
 *(.tbss .tbss.* .gnu.linkonce.tb.*)
 *(.tcommon)
                0x200010a8                __tls_end = .

.bss            0x200010a8      0xf10 load address 0x10005fb4
                0x200010a8                . = ALIGN (0x4)
                0x200010a8                __tbss_end = .
 *(SORT_BY_ALIGNMENT(SORT_BY_NAME(.bss*)))
 .bss.default_alarm_pool_entries
                0x200010a8      0x180 CMakeFiles/myBlink.dir/C_/Users/mmoran/opt/pico/pico-sdk/src/common/pico_time/time.c.obj
 .bss.last_avail_time.1
                0x20001228        0x8 CMakeFiles/myBlink.dir/C_/Users/mmoran/opt/pico/pico-sdk/src/rp2_common/pico_stdio_usb/stdio_usb.c.obj
 .bss.sd_table  0x20001230      0x100 CMakeFiles/myBlink.dir/C_/Users/mmoran/opt/pico/pico-sdk/src/rp2_common/pico_double/double_init_rom_rp2040.c.obj
                0x20001230                sd_table
 .bss.sf_table  0x20001330      0x100 CMakeFiles/myBlink.dir/C_/Users/mmoran/opt/pico/pico-sdk/src/rp2_common/pico_float/float_init_rom_rp2040.c.obj
                0x20001330                sf_table
 .bss           0x20001430       0x1c c:/programdata/chocolatey/lib/gcc-arm-embedded/tools/gcc-arm-none-eabi-10.3-2021.10/bin/../lib/gcc/arm-none-eabi/10.3.1/thumb/v6-m/nofp/crtbegin.o
 .bss._app_driver
                0x2000144c        0x4 CMakeFiles/myBlink.dir/C_/Users/mmoran/opt/pico/pico-sdk/lib/tinyusb/src/device/usbd.c.obj
 .bss._cdcd_epbuf
                0x20001450       0x80 CMakeFiles/myBlink.dir/C_/Users/mmoran/opt/pico/pico-sdk/lib/tinyusb/src/class/cdc/cdc_device.c.obj
 .bss._cdcd_fifo_cfg
                0x200014d0        0x1 CMakeFiles/myBlink.dir/C_/Users/mmoran/opt/pico/pico-sdk/lib/tinyusb/src/class/cdc/cdc_device.c.obj
 *fill*         0x200014d1        0x3 
 .bss._cdcd_itf
                0x200014d4       0xc8 CMakeFiles/myBlink.dir/C_/Users/mmoran/opt/pico/pico-sdk/lib/tinyusb/src/class/cdc/cdc_device.c.obj
 .bss._ctrl_epbuf
                0x2000159c       0x40 CMakeFiles/myBlink.dir/C_/Users/mmoran/opt/pico/pico-sdk/lib/tinyusb/src/device/usbd_control.c.obj
 .bss._ctrl_xfer
                0x200015dc       0x14 CMakeFiles/myBlink.dir/C_/Users/mmoran/opt/pico/pico-sdk/lib/tinyusb/src/device/usbd_control.c.obj
 .bss._tusb_rhport_role
                0x200015f0        0x2 CMakeFiles/myBlink.dir/C_/Users/mmoran/opt/pico/pico-sdk/lib/tinyusb/src/tusb.c.obj
                0x200015f0                _tusb_rhport_role
 *fill*         0x200015f2        0x2 
 .bss._ubsd_mutexdef
                0x200015f4        0x8 CMakeFiles/myBlink.dir/C_/Users/mmoran/opt/pico/pico-sdk/lib/tinyusb/src/device/usbd.c.obj
 .bss._usbd_dev
                0x200015fc       0x54 CMakeFiles/myBlink.dir/C_/Users/mmoran/opt/pico/pico-sdk/lib/tinyusb/src/device/usbd.c.obj
 .bss._usbd_mutex
                0x20001650        0x4 CMakeFiles/myBlink.dir/C_/Users/mmoran/opt/pico/pico-sdk/lib/tinyusb/src/device/usbd.c.obj
 .bss._usbd_q   0x20001654        0x4 CMakeFiles/myBlink.dir/C_/Users/mmoran/opt/pico/pico-sdk/lib/tinyusb/src/device/usbd.c.obj
 .bss._usbd_qdef_buf
                0x20001658       0xc0 CMakeFiles/myBlink.dir/C_/Users/mmoran/opt/pico/pico-sdk/lib/tinyusb/src/device/usbd.c.obj
                0x20001658                _usbd_qdef_buf
 .bss._vendord_epbuf
                0x20001718       0x80 CMakeFiles/myBlink.dir/C_/Users/mmoran/opt/pico/pico-sdk/lib/tinyusb/src/class/vendor/vendor_device.c.obj
 .bss._vendord_itf
                0x20001798      0x24c CMakeFiles/myBlink.dir/C_/Users/mmoran/opt/pico/pico-sdk/lib/tinyusb/src/class/vendor/vendor_device.c.obj
 .bss.boot2_copyout
                0x200019e4      0x100 CMakeFiles/myBlink.dir/C_/Users/mmoran/opt/pico/pico-sdk/src/rp2_common/hardware_flash/flash.c.obj
 .bss.chars_available_callback
                0x20001ae4        0x4 CMakeFiles/myBlink.dir/C_/Users/mmoran/opt/pico/pico-sdk/src/rp2_common/pico_stdio_uart/stdio_uart.c.obj
 .bss.chars_available_callback
                0x20001ae8        0x4 CMakeFiles/myBlink.dir/C_/Users/mmoran/opt/pico/pico-sdk/src/rp2_common/pico_stdio_usb/stdio_usb.c.obj
 .bss.chars_available_param
                0x20001aec        0x4 CMakeFiles/myBlink.dir/C_/Users/mmoran/opt/pico/pico-sdk/src/rp2_common/pico_stdio_uart/stdio_uart.c.obj
 .bss.chars_available_param
                0x20001af0        0x4 CMakeFiles/myBlink.dir/C_/Users/mmoran/opt/pico/pico-sdk/src/rp2_common/pico_stdio_usb/stdio_usb.c.obj
 .bss.claimed   0x20001af4        0x4 CMakeFiles/myBlink.dir/C_/Users/mmoran/opt/pico/pico-sdk/src/rp2_common/hardware_sync/sync.c.obj
 .bss.claimed   0x20001af8        0x1 CMakeFiles/myBlink.dir/C_/Users/mmoran/opt/pico/pico-sdk/src/rp2_common/hardware_timer/timer.c.obj
 *fill*         0x20001af9        0x3 
 .bss.configured_freq
                0x20001afc       0x28 CMakeFiles/myBlink.dir/C_/Users/mmoran/opt/pico/pico-sdk/src/rp2_common/hardware_clocks/clocks.c.obj
 .bss.desc_str.0
                0x20001b24       0x28 CMakeFiles/myBlink.dir/C_/Users/mmoran/opt/pico/pico-sdk/src/rp2_common/pico_stdio_usb/stdio_usb_descriptors.c.obj
 .bss.drivers   0x20001b4c        0x4 CMakeFiles/myBlink.dir/C_/Users/mmoran/opt/pico/pico-sdk/src/rp2_common/pico_stdio/stdio.c.obj
 .bss.e15_last_sof
                0x20001b50        0x4 CMakeFiles/myBlink.dir/C_/Users/mmoran/opt/pico/pico-sdk/lib/tinyusb/src/portable/raspberrypi/rp2040/rp2040_usb.c.obj
                0x20001b50                e15_last_sof
 .bss.filter    0x20001b54        0x4 CMakeFiles/myBlink.dir/C_/Users/mmoran/opt/pico/pico-sdk/src/rp2_common/pico_stdio/stdio.c.obj
 .bss.hw_endpoints
                0x20001b58      0x400 CMakeFiles/myBlink.dir/C_/Users/mmoran/opt/pico/pico-sdk/lib/tinyusb/src/portable/raspberrypi/rp2040/dcd_rp2040.c.obj
 .bss.lazy_vsnprintf
                0x20001f58        0x4 CMakeFiles/myBlink.dir/C_/Users/mmoran/opt/pico/pico-sdk/src/rp2_common/pico_printf/printf.c.obj
 .bss.load_value
                0x20001f5c        0x4 CMakeFiles/myBlink.dir/C_/Users/mmoran/opt/pico/pico-sdk/src/rp2_common/hardware_watchdog/watchdog.c.obj
 .bss.next_buffer_ptr
                0x20001f60        0x4 CMakeFiles/myBlink.dir/C_/Users/mmoran/opt/pico/pico-sdk/lib/tinyusb/src/portable/raspberrypi/rp2040/dcd_rp2040.c.obj
 .bss.one_shot_timer_crit_sec
                0x20001f64        0x8 CMakeFiles/myBlink.dir/C_/Users/mmoran/opt/pico/pico-sdk/src/rp2_common/pico_stdio_usb/stdio_usb.c.obj
 .bss.pools     0x20001f6c       0x10 CMakeFiles/myBlink.dir/C_/Users/mmoran/opt/pico/pico-sdk/src/common/pico_time/time.c.obj
 .bss.retrieved_id
                0x20001f7c        0x8 CMakeFiles/myBlink.dir/C_/Users/mmoran/opt/pico/pico-sdk/src/rp2_common/pico_unique_id/unique_id.c.obj
 .bss.sf_clz_func
                0x20001f84        0x4 CMakeFiles/myBlink.dir/C_/Users/mmoran/opt/pico/pico-sdk/src/rp2_common/pico_double/double_init_rom_rp2040.c.obj
                0x20001f84                sf_clz_func
 .bss.sleep_notifier
                0x20001f88        0x4 CMakeFiles/myBlink.dir/C_/Users/mmoran/opt/pico/pico-sdk/src/common/pico_time/time.c.obj
 .bss.stdio_usb_mutex
                0x20001f8c        0x8 CMakeFiles/myBlink.dir/C_/Users/mmoran/opt/pico/pico-sdk/src/rp2_common/pico_stdio_usb/stdio_usb.c.obj
 .bss.uart_char_to_line_feed
                0x20001f94        0x4 CMakeFiles/myBlink.dir/C_/Users/mmoran/opt/pico/pico-sdk/src/rp2_common/hardware_uart/uart.c.obj
                0x20001f94                uart_char_to_line_feed
 .bss.uart_instance
                0x20001f98        0x4 CMakeFiles/myBlink.dir/C_/Users/mmoran/opt/pico/pico-sdk/src/rp2_common/pico_stdio_uart/stdio_uart.c.obj
 .bss.usbd_serial_str
                0x20001f9c       0x11 CMakeFiles/myBlink.dir/C_/Users/mmoran/opt/pico/pico-sdk/src/rp2_common/pico_stdio_usb/stdio_usb_descriptors.c.obj
 .bss._app_driver_count
                0x20001fad        0x1 CMakeFiles/myBlink.dir/C_/Users/mmoran/opt/pico/pico-sdk/lib/tinyusb/src/device/usbd.c.obj
 .bss._sof_enable
                0x20001fae        0x1 CMakeFiles/myBlink.dir/C_/Users/mmoran/opt/pico/pico-sdk/lib/tinyusb/src/portable/raspberrypi/rp2040/dcd_rp2040.c.obj
 .bss._usbd_queued_setup
                0x20001faf        0x1 CMakeFiles/myBlink.dir/C_/Users/mmoran/opt/pico/pico-sdk/lib/tinyusb/src/device/usbd.c.obj
 .bss.boot2_copyout_valid
                0x20001fb0        0x1 CMakeFiles/myBlink.dir/C_/Users/mmoran/opt/pico/pico-sdk/src/rp2_common/hardware_flash/flash.c.obj
 .bss.irq_handler_chain_free_slot_head
                0x20001fb1        0x1 CMakeFiles/myBlink.dir/C_/Users/mmoran/opt/pico/pico-sdk/src/rp2_common/hardware_irq/irq.c.obj
 .bss.itf_num   0x20001fb2        0x1 CMakeFiles/myBlink.dir/C_/Users/mmoran/opt/pico/pico-sdk/src/rp2_common/pico_stdio_usb/reset_interface.c.obj
 .bss.low_priority_irq_num
                0x20001fb3        0x1 CMakeFiles/myBlink.dir/C_/Users/mmoran/opt/pico/pico-sdk/src/rp2_common/pico_stdio_usb/stdio_usb.c.obj
 .bss.one_shot_timer_pending
                0x20001fb4        0x1 CMakeFiles/myBlink.dir/C_/Users/mmoran/opt/pico/pico-sdk/src/rp2_common/pico_stdio_usb/stdio_usb.c.obj
 .bss.user_irq_claimed
                0x20001fb5        0x1 CMakeFiles/myBlink.dir/C_/Users/mmoran/opt/pico/pico-sdk/src/rp2_common/hardware_irq/irq.c.obj
 *(COMMON)
                0x20001fb8                . = ALIGN (0x4)
 *fill*         0x20001fb6        0x2 
                0x20001fb8                __bss_end__ = .

.heap           0x20001fb8      0x800 load address 0x10005fb4
                0x20001fb8                __end__ = .
                0x20001fb8                end = __end__
 *(.heap*)
 .heap          0x20001fb8      0x800 CMakeFiles/myBlink.dir/C_/Users/mmoran/opt/pico/pico-sdk/src/rp2_common/pico_crt0/crt0.S.obj
                0x20040000                __HeapLimit = (ORIGIN (RAM) + LENGTH (RAM))

.scratch_x      0x20040000        0x0 load address 0x10005fb4
                0x20040000                __scratch_x_start__ = .
 *(.scratch_x.*)
                0x20040000                . = ALIGN (0x4)
                0x20040000                __scratch_x_end__ = .
                0x10005fb4                __scratch_x_source__ = LOADADDR (.scratch_x)

.scratch_y      0x20041000        0x0 load address 0x10005fb4
                0x20041000                __scratch_y_start__ = .
 *(.scratch_y.*)
                0x20041000                . = ALIGN (0x4)
                0x20041000                __scratch_y_end__ = .
                0x10005fb4                __scratch_y_source__ = LOADADDR (.scratch_y)

.stack1_dummy   0x20040000        0x0
 *(.stack1*)

.stack_dummy    0x20041000      0x800
 *(.stack*)
 .stack         0x20041000      0x800 CMakeFiles/myBlink.dir/C_/Users/mmoran/opt/pico/pico-sdk/src/rp2_common/pico_crt0/crt0.S.obj

.flash_end      0x10005fb4        0x0
 *(.embedded_end_block*)
                0x10005fb4                PROVIDE (__flash_binary_end = .)
                0x20040000                __StackLimit = (ORIGIN (RAM) + LENGTH (RAM))
                0x20041000                __StackOneTop = (ORIGIN (SCRATCH_X) + LENGTH (SCRATCH_X))
                0x20042000                __StackTop = (ORIGIN (SCRATCH_Y) + LENGTH (SCRATCH_Y))
                0x20041000                __StackOneBottom = (__StackOneTop - SIZEOF (.stack1_dummy))
                0x20041800                __StackBottom = (__StackTop - SIZEOF (.stack_dummy))
                0x20042000                PROVIDE (__stack = __StackTop)
                [!provide]                PROVIDE (__heap_start = __end__)
                [!provide]                PROVIDE (__heap_end = __HeapLimit)
                [!provide]                PROVIDE (__tls_align = MAX (ALIGNOF (.tdata), ALIGNOF (.tbss)))
                [!provide]                PROVIDE (__tls_size_align = (((__tls_size + __tls_align) - 0x1) & ~ ((__tls_align - 0x1))))
                [!provide]                PROVIDE (__arm32_tls_tcb_offset = MAX (0x8, __tls_align))
                [!provide]                PROVIDE (_end = __end__)
                [!provide]                PROVIDE (__llvm_libc_heap_limit = __HeapLimit)
                0x00000001                ASSERT ((__StackLimit >= __HeapLimit), region RAM overflowed)
                0x00000001                ASSERT (((__binary_info_header_end - __logical_binary_start) <= 0x100), Binary info must be in first 256 bytes of the binary)
LOAD CMakeFiles/myBlink.dir/myBlink.c.obj
LOAD CMakeFiles/myBlink.dir/C_/Users/mmoran/opt/pico/pico-sdk/src/rp2_common/pico_stdlib/stdlib.c.obj
LOAD CMakeFiles/myBlink.dir/C_/Users/mmoran/opt/pico/pico-sdk/src/rp2_common/hardware_gpio/gpio.c.obj
LOAD CMakeFiles/myBlink.dir/C_/Users/mmoran/opt/pico/pico-sdk/src/rp2040/pico_platform/platform.c.obj
LOAD CMakeFiles/myBlink.dir/C_/Users/mmoran/opt/pico/pico-sdk/src/rp2_common/pico_platform_panic/panic.c.obj
LOAD CMakeFiles/myBlink.dir/C_/Users/mmoran/opt/pico/pico-sdk/src/common/hardware_claim/claim.c.obj
LOAD CMakeFiles/myBlink.dir/C_/Users/mmoran/opt/pico/pico-sdk/src/rp2_common/hardware_sync/sync.c.obj
LOAD CMakeFiles/myBlink.dir/C_/Users/mmoran/opt/pico/pico-sdk/src/rp2_common/hardware_sync_spin_lock/sync_spin_lock.c.obj
LOAD CMakeFiles/myBlink.dir/C_/Users/mmoran/opt/pico/pico-sdk/src/rp2_common/hardware_irq/irq.c.obj
LOAD CMakeFiles/myBlink.dir/C_/Users/mmoran/opt/pico/pico-sdk/src/rp2_common/hardware_irq/irq_handler_chain.S.obj
LOAD CMakeFiles/myBlink.dir/C_/Users/mmoran/opt/pico/pico-sdk/src/common/pico_sync/sem.c.obj
LOAD CMakeFiles/myBlink.dir/C_/Users/mmoran/opt/pico/pico-sdk/src/common/pico_sync/lock_core.c.obj
LOAD CMakeFiles/myBlink.dir/C_/Users/mmoran/opt/pico/pico-sdk/src/common/pico_sync/mutex.c.obj
LOAD CMakeFiles/myBlink.dir/C_/Users/mmoran/opt/pico/pico-sdk/src/common/pico_sync/critical_section.c.obj
LOAD CMakeFiles/myBlink.dir/C_/Users/mmoran/opt/pico/pico-sdk/src/common/pico_time/time.c.obj
LOAD CMakeFiles/myBlink.dir/C_/Users/mmoran/opt/pico/pico-sdk/src/common/pico_time/timeout_helper.c.obj
LOAD CMakeFiles/myBlink.dir/C_/Users/mmoran/opt/pico/pico-sdk/src/rp2_common/hardware_timer/timer.c.obj
LOAD CMakeFiles/myBlink.dir/C_/Users/mmoran/opt/pico/pico-sdk/src/common/pico_util/datetime.c.obj
LOAD CMakeFiles/myBlink.dir/C_/Users/mmoran/opt/pico/pico-sdk/src/common/pico_util/pheap.c.obj
LOAD CMakeFiles/myBlink.dir/C_/Users/mmoran/opt/pico/pico-sdk/src/common/pico_util/queue.c.obj
LOAD CMakeFiles/myBlink.dir/C_/Users/mmoran/opt/pico/pico-sdk/src/rp2_common/hardware_uart/uart.c.obj
LOAD CMakeFiles/myBlink.dir/C_/Users/mmoran/opt/pico/pico-sdk/src/rp2_common/hardware_clocks/clocks.c.obj
LOAD CMakeFiles/myBlink.dir/C_/Users/mmoran/opt/pico/pico-sdk/src/rp2_common/hardware_pll/pll.c.obj
LOAD CMakeFiles/myBlink.dir/C_/Users/mmoran/opt/pico/pico-sdk/src/rp2_common/hardware_vreg/vreg.c.obj
LOAD CMakeFiles/myBlink.dir/C_/Users/mmoran/opt/pico/pico-sdk/src/rp2_common/hardware_watchdog/watchdog.c.obj
LOAD CMakeFiles/myBlink.dir/C_/Users/mmoran/opt/pico/pico-sdk/src/rp2_common/hardware_ticks/ticks.c.obj
LOAD CMakeFiles/myBlink.dir/C_/Users/mmoran/opt/pico/pico-sdk/src/rp2_common/pico_bootrom/bootrom.c.obj
LOAD CMakeFiles/myBlink.dir/C_/Users/mmoran/opt/pico/pico-sdk/src/rp2_common/pico_bootrom/bootrom_lock.c.obj
LOAD CMakeFiles/myBlink.dir/C_/Users/mmoran/opt/pico/pico-sdk/src/rp2_common/hardware_boot_lock/boot_lock.c.obj
LOAD CMakeFiles/myBlink.dir/C_/Users/mmoran/opt/pico/pico-sdk/src/rp2_common/pico_flash/flash.c.obj
LOAD CMakeFiles/myBlink.dir/C_/Users/mmoran/opt/pico/pico-sdk/src/rp2_common/hardware_xosc/xosc.c.obj
LOAD CMakeFiles/myBlink.dir/C_/Users/mmoran/opt/pico/pico-sdk/src/rp2_common/hardware_divider/divider.S.obj
LOAD CMakeFiles/myBlink.dir/C_/Users/mmoran/opt/pico/pico-sdk/src/rp2_common/pico_runtime/runtime.c.obj
LOAD CMakeFiles/myBlink.dir/C_/Users/mmoran/opt/pico/pico-sdk/src/rp2_common/pico_runtime_init/runtime_init.c.obj
LOAD CMakeFiles/myBlink.dir/C_/Users/mmoran/opt/pico/pico-sdk/src/rp2_common/pico_runtime_init/runtime_init_clocks.c.obj
LOAD CMakeFiles/myBlink.dir/C_/Users/mmoran/opt/pico/pico-sdk/src/rp2_common/pico_runtime_init/runtime_init_stack_guard.c.obj
LOAD CMakeFiles/myBlink.dir/C_/Users/mmoran/opt/pico/pico-sdk/src/rp2_common/pico_bit_ops/bit_ops_aeabi.S.obj
LOAD CMakeFiles/myBlink.dir/C_/Users/mmoran/opt/pico/pico-sdk/src/rp2_common/pico_divider/divider_hardware.S.obj
LOAD CMakeFiles/myBlink.dir/C_/Users/mmoran/opt/pico/pico-sdk/src/rp2_common/pico_double/double_aeabi_rp2040.S.obj
LOAD CMakeFiles/myBlink.dir/C_/Users/mmoran/opt/pico/pico-sdk/src/rp2_common/pico_double/double_init_rom_rp2040.c.obj
LOAD CMakeFiles/myBlink.dir/C_/Users/mmoran/opt/pico/pico-sdk/src/rp2_common/pico_double/double_math.c.obj
LOAD CMakeFiles/myBlink.dir/C_/Users/mmoran/opt/pico/pico-sdk/src/rp2_common/pico_double/double_v1_rom_shim_rp2040.S.obj
LOAD CMakeFiles/myBlink.dir/C_/Users/mmoran/opt/pico/pico-sdk/src/rp2_common/pico_int64_ops/pico_int64_ops_aeabi.S.obj
LOAD CMakeFiles/myBlink.dir/C_/Users/mmoran/opt/pico/pico-sdk/src/rp2_common/pico_float/float_aeabi_rp2040.S.obj
LOAD CMakeFiles/myBlink.dir/C_/Users/mmoran/opt/pico/pico-sdk/src/rp2_common/pico_float/float_init_rom_rp2040.c.obj
LOAD CMakeFiles/myBlink.dir/C_/Users/mmoran/opt/pico/pico-sdk/src/rp2_common/pico_float/float_math.c.obj
LOAD CMakeFiles/myBlink.dir/C_/Users/mmoran/opt/pico/pico-sdk/src/rp2_common/pico_float/float_v1_rom_shim_rp2040.S.obj
LOAD CMakeFiles/myBlink.dir/C_/Users/mmoran/opt/pico/pico-sdk/src/rp2_common/pico_malloc/malloc.c.obj
LOAD CMakeFiles/myBlink.dir/C_/Users/mmoran/opt/pico/pico-sdk/src/rp2_common/pico_mem_ops/mem_ops_aeabi.S.obj
LOAD CMakeFiles/myBlink.dir/C_/Users/mmoran/opt/pico/pico-sdk/src/rp2_common/pico_atomic/atomic.c.obj
LOAD CMakeFiles/myBlink.dir/C_/Users/mmoran/opt/pico/pico-sdk/src/rp2_common/pico_cxx_options/new_delete.cpp.obj
LOAD CMakeFiles/myBlink.dir/C_/Users/mmoran/opt/pico/pico-sdk/src/rp2_common/pico_standard_binary_info/standard_binary_info.c.obj
LOAD CMakeFiles/myBlink.dir/C_/Users/mmoran/opt/pico/pico-sdk/src/rp2_common/pico_printf/printf.c.obj
LOAD CMakeFiles/myBlink.dir/C_/Users/mmoran/opt/pico/pico-sdk/src/rp2_common/pico_crt0/crt0.S.obj
LOAD CMakeFiles/myBlink.dir/C_/Users/mmoran/opt/pico/pico-sdk/src/rp2_common/pico_clib_interface/newlib_interface.c.obj
LOAD CMakeFiles/myBlink.dir/C_/Users/mmoran/opt/pico/pico-sdk/src/rp2_common/pico_stdio/stdio.c.obj
LOAD CMakeFiles/myBlink.dir/C_/Users/mmoran/opt/pico/pico-sdk/src/rp2_common/pico_stdio_uart/stdio_uart.c.obj
LOAD CMakeFiles/myBlink.dir/C_/Users/mmoran/opt/pico/pico-sdk/src/rp2_common/pico_stdio_usb/reset_interface.c.obj
LOAD CMakeFiles/myBlink.dir/C_/Users/mmoran/opt/pico/pico-sdk/src/rp2_common/pico_stdio_usb/stdio_usb.c.obj
LOAD CMakeFiles/myBlink.dir/C_/Users/mmoran/opt/pico/pico-sdk/src/rp2_common/pico_stdio_usb/stdio_usb_descriptors.c.obj
LOAD CMakeFiles/myBlink.dir/C_/Users/mmoran/opt/pico/pico-sdk/src/rp2_common/pico_unique_id/unique_id.c.obj
LOAD CMakeFiles/myBlink.dir/C_/Users/mmoran/opt/pico/pico-sdk/src/rp2_common/hardware_flash/flash.c.obj
LOAD CMakeFiles/myBlink.dir/C_/Users/mmoran/opt/pico/pico-sdk/src/rp2_common/hardware_xip_cache/xip_cache.c.obj
LOAD CMakeFiles/myBlink.dir/C_/Users/mmoran/opt/pico/pico-sdk/lib/tinyusb/src/portable/raspberrypi/rp2040/dcd_rp2040.c.obj
LOAD CMakeFiles/myBlink.dir/C_/Users/mmoran/opt/pico/pico-sdk/lib/tinyusb/src/portable/raspberrypi/rp2040/rp2040_usb.c.obj
LOAD CMakeFiles/myBlink.dir/C_/Users/mmoran/opt/pico/pico-sdk/lib/tinyusb/src/device/usbd.c.obj
LOAD CMakeFiles/myBlink.dir/C_/Users/mmoran/opt/pico/pico-sdk/lib/tinyusb/src/device/usbd_control.c.obj
LOAD CMakeFiles/myBlink.dir/C_/Users/mmoran/opt/pico/pico-sdk/lib/tinyusb/src/class/audio/audio_device.c.obj
LOAD CMakeFiles/myBlink.dir/C_/Users/mmoran/opt/pico/pico-sdk/lib/tinyusb/src/class/cdc/cdc_device.c.obj
LOAD CMakeFiles/myBlink.dir/C_/Users/mmoran/opt/pico/pico-sdk/lib/tinyusb/src/class/dfu/dfu_device.c.obj
LOAD CMakeFiles/myBlink.dir/C_/Users/mmoran/opt/pico/pico-sdk/lib/tinyusb/src/class/dfu/dfu_rt_device.c.obj
LOAD CMakeFiles/myBlink.dir/C_/Users/mmoran/opt/pico/pico-sdk/lib/tinyusb/src/class/hid/hid_device.c.obj
LOAD CMakeFiles/myBlink.dir/C_/Users/mmoran/opt/pico/pico-sdk/lib/tinyusb/src/class/midi/midi_device.c.obj
LOAD CMakeFiles/myBlink.dir/C_/Users/mmoran/opt/pico/pico-sdk/lib/tinyusb/src/class/msc/msc_device.c.obj
LOAD CMakeFiles/myBlink.dir/C_/Users/mmoran/opt/pico/pico-sdk/lib/tinyusb/src/class/net/ecm_rndis_device.c.obj
LOAD CMakeFiles/myBlink.dir/C_/Users/mmoran/opt/pico/pico-sdk/lib/tinyusb/src/class/net/ncm_device.c.obj
LOAD CMakeFiles/myBlink.dir/C_/Users/mmoran/opt/pico/pico-sdk/lib/tinyusb/src/class/usbtmc/usbtmc_device.c.obj
LOAD CMakeFiles/myBlink.dir/C_/Users/mmoran/opt/pico/pico-sdk/lib/tinyusb/src/class/vendor/vendor_device.c.obj
LOAD CMakeFiles/myBlink.dir/C_/Users/mmoran/opt/pico/pico-sdk/lib/tinyusb/src/class/video/video_device.c.obj
LOAD CMakeFiles/myBlink.dir/C_/Users/mmoran/opt/pico/pico-sdk/lib/tinyusb/src/tusb.c.obj
LOAD CMakeFiles/myBlink.dir/C_/Users/mmoran/opt/pico/pico-sdk/lib/tinyusb/src/common/tusb_fifo.c.obj
LOAD CMakeFiles/myBlink.dir/C_/Users/mmoran/opt/pico/pico-sdk/src/rp2_common/pico_fix/rp2040_usb_device_enumeration/rp2040_usb_device_enumeration.c.obj
LOAD pico-sdk/src/rp2040/boot_stage2/CMakeFiles/bs2_default_library.dir/./bs2_default_padded_checksummed.S.obj
LOAD c:/programdata/chocolatey/lib/gcc-arm-embedded/tools/gcc-arm-none-eabi-10.3-2021.10/bin/../lib/gcc/arm-none-eabi/10.3.1/../../../../arm-none-eabi/lib/thumb/v6-m/nofp\libstdc++.a
LOAD c:/programdata/chocolatey/lib/gcc-arm-embedded/tools/gcc-arm-none-eabi-10.3-2021.10/bin/../lib/gcc/arm-none-eabi/10.3.1/../../../../arm-none-eabi/lib/thumb/v6-m/nofp\libm.a
START GROUP
LOAD c:/programdata/chocolatey/lib/gcc-arm-embedded/tools/gcc-arm-none-eabi-10.3-2021.10/bin/../lib/gcc/arm-none-eabi/10.3.1/thumb/v6-m/nofp\libgcc.a
LOAD c:/programdata/chocolatey/lib/gcc-arm-embedded/tools/gcc-arm-none-eabi-10.3-2021.10/bin/../lib/gcc/arm-none-eabi/10.3.1/../../../../arm-none-eabi/lib/thumb/v6-m/nofp\libg.a
LOAD c:/programdata/chocolatey/lib/gcc-arm-embedded/tools/gcc-arm-none-eabi-10.3-2021.10/bin/../lib/gcc/arm-none-eabi/10.3.1/../../../../arm-none-eabi/lib/thumb/v6-m/nofp\libc.a
END GROUP
START GROUP
LOAD c:/programdata/chocolatey/lib/gcc-arm-embedded/tools/gcc-arm-none-eabi-10.3-2021.10/bin/../lib/gcc/arm-none-eabi/10.3.1/thumb/v6-m/nofp\libgcc.a
LOAD c:/programdata/chocolatey/lib/gcc-arm-embedded/tools/gcc-arm-none-eabi-10.3-2021.10/bin/../lib/gcc/arm-none-eabi/10.3.1/../../../../arm-none-eabi/lib/thumb/v6-m/nofp\libc.a
LOAD c:/programdata/chocolatey/lib/gcc-arm-embedded/tools/gcc-arm-none-eabi-10.3-2021.10/bin/../lib/gcc/arm-none-eabi/10.3.1/../../../../arm-none-eabi/lib/thumb/v6-m/nofp\libnosys.a
END GROUP
LOAD c:/programdata/chocolatey/lib/gcc-arm-embedded/tools/gcc-arm-none-eabi-10.3-2021.10/bin/../lib/gcc/arm-none-eabi/10.3.1/thumb/v6-m/nofp/crtend.o
LOAD c:/programdata/chocolatey/lib/gcc-arm-embedded/tools/gcc-arm-none-eabi-10.3-2021.10/bin/../lib/gcc/arm-none-eabi/10.3.1/thumb/v6-m/nofp/crtn.o
OUTPUT(myBlink.elf elf32-littlearm)
LOAD linker stubs

.ARM.attributes
                0x00000000       0x28
 .ARM.attributes
                0x00000000       0x1e c:/programdata/chocolatey/lib/gcc-arm-embedded/tools/gcc-arm-none-eabi-10.3-2021.10/bin/../lib/gcc/arm-none-eabi/10.3.1/thumb/v6-m/nofp/crti.o
 .ARM.attributes
                0x0000001e       0x2c c:/programdata/chocolatey/lib/gcc-arm-embedded/tools/gcc-arm-none-eabi-10.3-2021.10/bin/../lib/gcc/arm-none-eabi/10.3.1/thumb/v6-m/nofp/crtbegin.o
 .ARM.attributes
                0x0000004a       0x2c CMakeFiles/myBlink.dir/myBlink.c.obj
 .ARM.attributes
                0x00000076       0x2c CMakeFiles/myBlink.dir/C_/Users/mmoran/opt/pico/pico-sdk/src/rp2_common/hardware_gpio/gpio.c.obj
 .ARM.attributes
                0x000000a2       0x2c CMakeFiles/myBlink.dir/C_/Users/mmoran/opt/pico/pico-sdk/src/rp2040/pico_platform/platform.c.obj