Archive member included to satisfy reference by file (symbol)

c:/programdata/chocolatey/lib/gcc-arm-embedded/tools/gcc-arm-none-eabi-10.3-2021.10/bin/../lib/gcc/arm-none-eabi/10.3.1/thumb/v6-m/nofp\libgcc.a(_dvmd_tls.o)
                              CMakeFiles/pico_numpad.dir/C_/Users/mmoran/opt/pico/pico-sdk/src/rp2_common/pico_divider/divider_hardware.S.obj (__aeabi_idiv0)
c:/programdata/chocolatey/lib/gcc-arm-embedded/tools/gcc-arm-none-eabi-10.3-2021.10/bin/../lib/gcc/arm-none-eabi/10.3.1/../../../../arm-none-eabi/lib/thumb/v6-m/nofp\libg.a(lib_a-calloc.o)
                              CMakeFiles/pico_numpad.dir/C_/Users/mmoran/opt/pico/pico-sdk/src/rp2_common/pico_malloc/malloc.c.obj (calloc)
c:/programdata/chocolatey/lib/gcc-arm-embedded/tools/gcc-arm-none-eabi-10.3-2021.10/bin/../lib/gcc/arm-none-eabi/10.3.1/../../../../arm-none-eabi/lib/thumb/v6-m/nofp\libg.a(lib_a-callocr.o)
                              c:/programdata/chocolatey/lib/gcc-arm-embedded/tools/gcc-arm-none-eabi-10.3-2021.10/bin/../lib/gcc/arm-none-eabi/10.3.1/../../../../arm-none-eabi/lib/thumb/v6-m/nofp\libg.a(lib_a-calloc.o) (_calloc_r)
c:/programdata/chocolatey/lib/gcc-arm-embedded/tools/gcc-arm-none-eabi-10.3-2021.10/bin/../lib/gcc/arm-none-eabi/10.3.1/../../../../arm-none-eabi/lib/thumb/v6-m/nofp\libg.a(lib_a-errno.o)
                              c:/programdata/chocolatey/lib/gcc-arm-embedded/tools/gcc-arm-none-eabi-10.3-2021.10/bin/../lib/gcc/arm-none-eabi/10.3.1/../../../../arm-none-eabi/lib/thumb/v6-m/nofp\libg.a(lib_a-callocr.o) (__errno)
c:/programdata/chocolatey/lib/gcc-arm-embedded/tools/gcc-arm-none-eabi-10.3-2021.10/bin/../lib/gcc/arm-none-eabi/10.3.1/../../../../arm-none-eabi/lib/thumb/v6-m/nofp\libg.a(lib_a-impure.o)
                              c:/programdata/chocolatey/lib/gcc-arm-embedded/tools/gcc-arm-none-eabi-10.3-2021.10/bin/../lib/gcc/arm-none-eabi/10.3.1/../../../../arm-none-eabi/lib/thumb/v6-m/nofp\libg.a(lib_a-calloc.o) (_impure_ptr)
c:/programdata/chocolatey/lib/gcc-arm-embedded/tools/gcc-arm-none-eabi-10.3-2021.10/bin/../lib/gcc/arm-none-eabi/10.3.1/../../../../arm-none-eabi/lib/thumb/v6-m/nofp\libg.a(lib_a-init.o)
                              c:/programdata/chocolatey/lib/gcc-arm-embedded/tools/gcc-arm-none-eabi-10.3-2021.10/bin/../lib/gcc/arm-none-eabi/10.3.1/../../../../arm-none-eabi/lib/thumb/v6-m/nofp/crt0.o (__libc_init_array)
c:/programdata/chocolatey/lib/gcc-arm-embedded/tools/gcc-arm-none-eabi-10.3-2021.10/bin/../lib/gcc/arm-none-eabi/10.3.1/../../../../arm-none-eabi/lib/thumb/v6-m/nofp\libg.a(lib_a-lcltime_r.o)
                              CMakeFiles/pico_numpad.dir/C_/Users/mmoran/opt/pico/pico-sdk/src/common/pico_util/datetime.c.obj (localtime_r)
c:/programdata/chocolatey/lib/gcc-arm-embedded/tools/gcc-arm-none-eabi-10.3-2021.10/bin/../lib/gcc/arm-none-eabi/10.3.1/../../../../arm-none-eabi/lib/thumb/v6-m/nofp\libg.a(lib_a-malloc.o)
                              CMakeFiles/pico_numpad.dir/C_/Users/mmoran/opt/pico/pico-sdk/src/rp2_common/pico_malloc/malloc.c.obj (malloc)
c:/programdata/chocolatey/lib/gcc-arm-embedded/tools/gcc-arm-none-eabi-10.3-2021.10/bin/../lib/gcc/arm-none-eabi/10.3.1/../../../../arm-none-eabi/lib/thumb/v6-m/nofp\libg.a(lib_a-mallocr.o)
                              c:/programdata/chocolatey/lib/gcc-arm-embedded/tools/gcc-arm-none-eabi-10.3-2021.10/bin/../lib/gcc/arm-none-eabi/10.3.1/../../../../arm-none-eabi/lib/thumb/v6-m/nofp\libg.a(lib_a-callocr.o) (_malloc_r)
c:/programdata/chocolatey/lib/gcc-arm-embedded/tools/gcc-arm-none-eabi-10.3-2021.10/bin/../lib/gcc/arm-none-eabi/10.3.1/../../../../arm-none-eabi/lib/thumb/v6-m/nofp\libg.a(lib_a-memcmp.o)
                              CMakeFiles/pico_numpad.dir/C_/Users/mmoran/opt/pico/pico-sdk/src/rp2_common/pico_atomic/atomic.c.obj (memcmp)
c:/programdata/chocolatey/lib/gcc-arm-embedded/tools/gcc-arm-none-eabi-10.3-2021.10/bin/../lib/gcc/arm-none-eabi/10.3.1/../../../../arm-none-eabi/lib/thumb/v6-m/nofp\libg.a(lib_a-mktime.o)
                              CMakeFiles/pico_numpad.dir/C_/Users/mmoran/opt/pico/pico-sdk/src/common/pico_util/datetime.c.obj (mktime)
c:/programdata/chocolatey/lib/gcc-arm-embedded/tools/gcc-arm-none-eabi-10.3-2021.10/bin/../lib/gcc/arm-none-eabi/10.3.1/../../../../arm-none-eabi/lib/thumb/v6-m/nofp\libg.a(lib_a-mlock.o)
                              c:/programdata/chocolatey/lib/gcc-arm-embedded/tools/gcc-arm-none-eabi-10.3-2021.10/bin/../lib/gcc/arm-none-eabi/10.3.1/../../../../arm-none-eabi/lib/thumb/v6-m/nofp\libg.a(lib_a-mallocr.o) (__malloc_lock)
c:/programdata/chocolatey/lib/gcc-arm-embedded/tools/gcc-arm-none-eabi-10.3-2021.10/bin/../lib/gcc/arm-none-eabi/10.3.1/../../../../arm-none-eabi/lib/thumb/v6-m/nofp\libg.a(lib_a-month_lengths.o)
                              c:/programdata/chocolatey/lib/gcc-arm-embedded/tools/gcc-arm-none-eabi-10.3-2021.10/bin/../lib/gcc/arm-none-eabi/10.3.1/../../../../arm-none-eabi/lib/thumb/v6-m/nofp\libg.a(lib_a-lcltime_r.o) (__month_lengths)
[...]
Memory Configuration

Name             Origin             Length             Attributes
FLASH            0x10000000         0x00200000         xr
RAM              0x20000000         0x00040000         xrw
SCRATCH_X        0x20040000         0x00001000         xrw
SCRATCH_Y        0x20041000         0x00001000         xrw
*default*        0x00000000         0xffffffff

Linker script and memory map

LOAD c:/programdata/chocolatey/lib/gcc-arm-embedded/tools/gcc-arm-none-eabi-10.3-2021.10/bin/../lib/gcc/arm-none-eabi/10.3.1/thumb/v6-m/nofp/crti.o
LOAD c:/programdata/chocolatey/lib/gcc-arm-embedded/tools/gcc-arm-none-eabi-10.3-2021.10/bin/../lib/gcc/arm-none-eabi/10.3.1/thumb/v6-m/nofp/crtbegin.o
LOAD c:/programdata/chocolatey/lib/gcc-arm-embedded/tools/gcc-arm-none-eabi-10.3-2021.10/bin/../lib/gcc/arm-none-eabi/10.3.1/../../../../arm-none-eabi/lib/thumb/v6-m/nofp/crt0.o

.flash_begin    0x10000000        0x0
                0x10000000                __flash_binary_start = .

.boot2          0x10000000      0x100
                0x10000000                __boot2_start__ = .
 *(.boot2)
 .boot2         0x10000000      0x100 pico-sdk/src/rp2040/boot_stage2/CMakeFiles/bs2_default_library.dir/./bs2_default_padded_checksummed.S.obj
                0x10000100                __boot2_end__ = .
                0x00000001                ASSERT (((__boot2_end__ - __boot2_start__) == 0x100), ERROR: Pico second stage bootloader must be 256 bytes in size)

.text           0x10000100     0x383c
                0x10000100                __logical_binary_start = .
 *(.vectors)
 .vectors       0x10000100       0xd4 CMakeFiles/pico_numpad.dir/C_/Users/mmoran/opt/pico/pico-sdk/src/rp2_common/pico_crt0/crt0.S.obj
                0x10000100                __VECTOR_TABLE
                0x10000100                __vectors
                0x100001c0                isr_invalid
                0x100001c0                __default_isrs_start
                0x100001c2                isr_nmi
                0x100001c4                isr_hardfault
                0x100001c6                isr_svcall
                0x100001c8                isr_pendsv
                0x100001ca                isr_systick
                0x100001cc                isr_irq23
                0x100001cc                isr_irq18
                0x100001cc                isr_irq11
                0x100001cc                isr_irq28
                0x100001cc                isr_irq19
                0x100001cc                isr_irq0
                0x100001cc                isr_irq6
                0x100001cc                isr_irq5
                0x100001cc                isr_irq12
                0x100001cc                isr_irq22
                0x100001cc                isr_irq31
                0x100001cc                isr_irq17
                0x100001cc                isr_irq27
                0x100001cc                isr_irq30
                0x100001cc                isr_irq2
                0x100001cc                isr_irq10
                0x100001cc                isr_irq8
                0x100001cc                isr_irq24
                0x100001cc                isr_irq1
                0x100001cc                isr_irq7
                0x100001cc                isr_irq21
                0x100001cc                isr_irq20
                0x100001cc                isr_irq15
                0x100001cc                isr_irq25
                0x100001cc                isr_irq13
                0x100001cc                __unhandled_user_irq
                0x100001cc                isr_irq4
                0x100001cc                isr_irq16
                0x100001cc                isr_irq29
                0x100001cc                isr_irq26
                0x100001cc                __default_isrs_end
                0x100001cc                isr_irq3
                0x100001cc                isr_irq14
                0x100001cc                isr_irq9
                0x100001d2                unhandled_user_irq_num_in_r0
 *(.binary_info_header)
 .binary_info_header
                0x100001d4       0x14 CMakeFiles/pico_numpad.dir/C_/Users/mmoran/opt/pico/pico-sdk/src/rp2_common/pico_crt0/crt0.S.obj
                0x100001e8                __binary_info_header_end = .
 *(.embedded_block)
                0x100001e8                __embedded_block_end = .
 *(.reset)
 .reset         0x100001e8       0x9c CMakeFiles/pico_numpad.dir/C_/Users/mmoran/opt/pico/pico-sdk/src/rp2_common/pico_crt0/crt0.S.obj
                0x100001e8                _entry_point
 *(.init)
 .init          0x10000284        0x4 c:/programdata/chocolatey/lib/gcc-arm-embedded/tools/gcc-arm-none-eabi-10.3-2021.10/bin/../lib/gcc/arm-none-eabi/10.3.1/thumb/v6-m/nofp/crti.o
                0x10000284                _init
 *(EXCLUDE_FILE(*libm.a: *libc.a:*lib_a-mem*.o *libgcc.a:) .text*)
 .text          0x10000288       0x48 c:/programdata/chocolatey/lib/gcc-arm-embedded/tools/gcc-arm-none-eabi-10.3-2021.10/bin/../lib/gcc/arm-none-eabi/10.3.1/thumb/v6-m/nofp/crtbegin.o
 .text.startup.main
                0x100002d0      0x26c CMakeFiles/pico_numpad.dir/src/main.c.obj
                0x100002d0                main
 .text.tud_descriptor_device_cb
                0x1000053c        0x8 CMakeFiles/pico_numpad.dir/src/usb_descriptors.c.obj
                0x1000053c                tud_descriptor_device_cb
 .text.tud_descriptor_configuration_cb
                0x10000544        0x8 CMakeFiles/pico_numpad.dir/src/usb_descriptors.c.obj
                0x10000544                tud_descriptor_configuration_cb
 .text.tud_hid_descriptor_report_cb
                0x1000054c        0x8 CMakeFiles/pico_numpad.dir/src/usb_descriptors.c.obj
                0x1000054c                tud_hid_descriptor_report_cb
 .text.tud_descriptor_string_cb
                0x10000554       0x6c CMakeFiles/pico_numpad.dir/src/usb_descriptors.c.obj
                0x10000554                tud_descriptor_string_cb
 .text.tud_hid_set_report_cb
                0x100005c0        0x4 CMakeFiles/pico_numpad.dir/src/usb_callbacks.c.obj
                0x100005c0                tud_hid_set_report_cb
 .text.tud_hid_get_report_cb
                0x100005c4        0x4 CMakeFiles/pico_numpad.dir/src/usb_callbacks.c.obj
                0x100005c4                tud_hid_get_report_cb
 .text.gpio_set_function
                0x100005c8       0x34 CMakeFiles/pico_numpad.dir/C_/Users/mmoran/opt/pico/pico-sdk/src/rp2_common/hardware_gpio/gpio.c.obj
                0x100005c8                gpio_set_function
 .text.gpio_init
                0x100005fc       0x40 CMakeFiles/pico_numpad.dir/C_/Users/mmoran/opt/pico/pico-sdk/src/rp2_common/hardware_gpio/gpio.c.obj
                0x100005fc                gpio_init
 .text.rp2040_chip_version
                0x1000063c        0xc CMakeFiles/pico_numpad.dir/C_/Users/mmoran/opt/pico/pico-sdk/src/rp2040/pico_platform/platform.c.obj
                0x1000063c                rp2040_chip_version
 .text.panic    0x10000648       0x30 CMakeFiles/pico_numpad.dir/C_/Users/mmoran/opt/pico/pico-sdk/src/rp2_common/pico_platform_panic/panic.c.obj
                0x10000648                panic
 .text.hw_claim_or_assert
                0x10000678       0x44 CMakeFiles/pico_numpad.dir/C_/Users/mmoran/opt/pico/pico-sdk/src/common/hardware_claim/claim.c.obj
                0x10000678                hw_claim_or_assert
 .text.hw_claim_unused_from_range
                0x100006bc       0x9c CMakeFiles/pico_numpad.dir/C_/Users/mmoran/opt/pico/pico-sdk/src/common/hardware_claim/claim.c.obj
                0x100006bc                hw_claim_unused_from_range
 .text.next_striped_spin_lock_num
                0x10000758       0x18 CMakeFiles/pico_numpad.dir/C_/Users/mmoran/opt/pico/pico-sdk/src/rp2_common/hardware_sync/sync.c.obj
                0x10000758                next_striped_spin_lock_num
 .text.spin_lock_claim_unused
                0x10000770       0x20 CMakeFiles/pico_numpad.dir/C_/Users/mmoran/opt/pico/pico-sdk/src/rp2_common/hardware_sync/sync.c.obj
                0x10000770                spin_lock_claim_unused
 .text.spin_locks_reset
                0x10000790       0x1c CMakeFiles/pico_numpad.dir/C_/Users/mmoran/opt/pico/pico-sdk/src/rp2_common/hardware_sync_spin_lock/sync_spin_lock.c.obj
                0x10000790                spin_locks_reset
 .text.runtime_init_per_core_irq_priorities
                0x100007ac       0x24 CMakeFiles/pico_numpad.dir/C_/Users/mmoran/opt/pico/pico-sdk/src/rp2_common/hardware_irq/irq.c.obj
                0x100007ac                runtime_init_per_core_irq_priorities
 .text.irq_set_enabled
                0x100007d0       0x24 CMakeFiles/pico_numpad.dir/C_/Users/mmoran/opt/pico/pico-sdk/src/rp2_common/hardware_irq/irq.c.obj
                0x100007d0                irq_set_enabled
 .text.irq_set_exclusive_handler
                0x100007f4       0x54 CMakeFiles/pico_numpad.dir/C_/Users/mmoran/opt/pico/pico-sdk/src/rp2_common/hardware_irq/irq.c.obj
                0x100007f4                irq_set_exclusive_handler
 .text.irq_add_shared_handler
                0x10000848      0x1e8 CMakeFiles/pico_numpad.dir/C_/Users/mmoran/opt/pico/pico-sdk/src/rp2_common/hardware_irq/irq.c.obj
                0x10000848                irq_add_shared_handler
 .text.irq_remove_handler
                0x10000a30      0x1c4 CMakeFiles/pico_numpad.dir/C_/Users/mmoran/opt/pico/pico-sdk/src/rp2_common/hardware_irq/irq.c.obj
                0x10000a30                irq_remove_handler
 .text.irq_add_tail_to_free_list
                0x10000bf4       0xb4 CMakeFiles/pico_numpad.dir/C_/Users/mmoran/opt/pico/pico-sdk/src/rp2_common/hardware_irq/irq.c.obj
                0x10000bf4                irq_add_tail_to_free_list
 .text.lock_init
                0x10000ca8       0x10 CMakeFiles/pico_numpad.dir/C_/Users/mmoran/opt/pico/pico-sdk/src/common/pico_sync/lock_core.c.obj
                0x10000ca8                lock_init
 .text.runtime_init_mutex
                0x10000cb8       0x58 CMakeFiles/pico_numpad.dir/C_/Users/mmoran/opt/pico/pico-sdk/src/common/pico_sync/mutex.c.obj
                0x10000cb8                runtime_init_mutex
 .text.mutex_init
                0x10000d10       0x1c CMakeFiles/pico_numpad.dir/C_/Users/mmoran/opt/pico/pico-sdk/src/common/pico_sync/mutex.c.obj
                0x10000d10                mutex_init
 .text.critical_section_init
                0x10000d2c       0x20 CMakeFiles/pico_numpad.dir/C_/Users/mmoran/opt/pico/pico-sdk/src/common/pico_sync/critical_section.c.obj
                0x10000d2c                critical_section_init
 .text.sleep_until_callback
                0x10000d4c       0x30 CMakeFiles/pico_numpad.dir/C_/Users/mmoran/opt/pico/pico-sdk/src/common/pico_time/time.c.obj
 .text.alarm_pool_irq_handler
                0x10000d7c      0x308 CMakeFiles/pico_numpad.dir/C_/Users/mmoran/opt/pico/pico-sdk/src/common/pico_time/time.c.obj
 .text.runtime_init_default_alarm_pool
                0x10001084       0xdc CMakeFiles/pico_numpad.dir/C_/Users/mmoran/opt/pico/pico-sdk/src/common/pico_time/time.c.obj
                0x10001084                runtime_init_default_alarm_pool
 .text.alarm_pool_add_alarm_at_force_in_context
                0x10001160       0xb0 CMakeFiles/pico_numpad.dir/C_/Users/mmoran/opt/pico/pico-sdk/src/common/pico_time/time.c.obj
                0x10001160                alarm_pool_add_alarm_at_force_in_context
 .text.alarm_pool_cancel_alarm
                0x10001210       0x7c CMakeFiles/pico_numpad.dir/C_/Users/mmoran/opt/pico/pico-sdk/src/common/pico_time/time.c.obj
                0x10001210                alarm_pool_cancel_alarm
 .text.sleep_until
                0x1000128c       0xd0 CMakeFiles/pico_numpad.dir/C_/Users/mmoran/opt/pico/pico-sdk/src/common/pico_time/time.c.obj
                0x1000128c                sleep_until
 .text.sleep_ms
                0x1000135c       0x34 CMakeFiles/pico_numpad.dir/C_/Users/mmoran/opt/pico/pico-sdk/src/common/pico_time/time.c.obj
                0x1000135c                sleep_ms
 .text.best_effort_wfe_or_timeout
                0x10001390       0xfc CMakeFiles/pico_numpad.dir/C_/Users/mmoran/opt/pico/pico-sdk/src/common/pico_time/time.c.obj
                0x10001390                best_effort_wfe_or_timeout
 .text.timer_hardware_alarm_claim
                0x1000148c       0x14 CMakeFiles/pico_numpad.dir/C_/Users/mmoran/opt/pico/pico-sdk/src/rp2_common/hardware_timer/timer.c.obj
                0x1000148c                timer_hardware_alarm_claim
 .text.timer_time_us_64
                0x100014a0       0x10 CMakeFiles/pico_numpad.dir/C_/Users/mmoran/opt/pico/pico-sdk/src/rp2_common/hardware_timer/timer.c.obj
                0x100014a0                timer_time_us_64
 .text.time_us_64
                0x100014b0       0x14 CMakeFiles/pico_numpad.dir/C_/Users/mmoran/opt/pico/pico-sdk/src/rp2_common/hardware_timer/timer.c.obj
                0x100014b0                time_us_64
 .text.busy_wait_us
                0x100014c4       0x54 CMakeFiles/pico_numpad.dir/C_/Users/mmoran/opt/pico/pico-sdk/src/rp2_common/hardware_timer/timer.c.obj
                0x100014c4                busy_wait_us
 .text.busy_wait_until
                0x10001518       0x20 CMakeFiles/pico_numpad.dir/C_/Users/mmoran/opt/pico/pico-sdk/src/rp2_common/hardware_timer/timer.c.obj
                0x10001518                busy_wait_until
 .text.uart_init
                0x10001538      0x11c CMakeFiles/pico_numpad.dir/C_/Users/mmoran/opt/pico/pico-sdk/src/rp2_common/hardware_uart/uart.c.obj
                0x10001538                uart_init
 .text.clock_configure_int_divider
                0x10001654       0xf4 CMakeFiles/pico_numpad.dir/C_/Users/mmoran/opt/pico/pico-sdk/src/rp2_common/hardware_clocks/clocks.c.obj
                0x10001654                clock_configure_int_divider
 .text.clock_configure_undivided
                0x10001748       0xe8 CMakeFiles/pico_numpad.dir/C_/Users/mmoran/opt/pico/pico-sdk/src/rp2_common/hardware_clocks/clocks.c.obj
                0x10001748                clock_configure_undivided
 .text.clock_get_hz
                0x10001830        0xc CMakeFiles/pico_numpad.dir/C_/Users/mmoran/opt/pico/pico-sdk/src/rp2_common/hardware_clocks/clocks.c.obj
                0x10001830                clock_get_hz
 .text.pll_init
                0x1000183c       0xa0 CMakeFiles/pico_numpad.dir/C_/Users/mmoran/opt/pico/pico-sdk/src/rp2_common/hardware_pll/pll.c.obj
                0x1000183c                pll_init
 .text.tick_start
                0x100018dc       0x10 CMakeFiles/pico_numpad.dir/C_/Users/mmoran/opt/pico/pico-sdk/src/rp2_common/hardware_ticks/ticks.c.obj
                0x100018dc                tick_start
 .text.rom_func_lookup
                0x100018ec       0x10 CMakeFiles/pico_numpad.dir/C_/Users/mmoran/opt/pico/pico-sdk/src/rp2_common/pico_bootrom/bootrom.c.obj
                0x100018ec                rom_func_lookup
 .text.rom_data_lookup
                0x100018fc       0x10 CMakeFiles/pico_numpad.dir/C_/Users/mmoran/opt/pico/pico-sdk/src/rp2_common/pico_bootrom/bootrom.c.obj
                0x100018fc                rom_data_lookup
 .text.rom_funcs_lookup
                0x1000190c       0x44 CMakeFiles/pico_numpad.dir/C_/Users/mmoran/opt/pico/pico-sdk/src/rp2_common/pico_bootrom/bootrom.c.obj
                0x1000190c                rom_funcs_lookup
 .text.xosc_init
                0x10001950       0x28 CMakeFiles/pico_numpad.dir/C_/Users/mmoran/opt/pico/pico-sdk/src/rp2_common/hardware_xosc/xosc.c.obj
                0x10001950                xosc_init
 .text.first_per_core_initializer
                0x10001978        0x4 CMakeFiles/pico_numpad.dir/C_/Users/mmoran/opt/pico/pico-sdk/src/rp2_common/pico_runtime/runtime.c.obj
 .text.hard_assertion_failure
                0x1000197c        0xc CMakeFiles/pico_numpad.dir/C_/Users/mmoran/opt/pico/pico-sdk/src/rp2_common/pico_runtime/runtime.c.obj
                0x1000197c                hard_assertion_failure
 .text.runtime_run_initializers
                0x10001988       0x28 CMakeFiles/pico_numpad.dir/C_/Users/mmoran/opt/pico/pico-sdk/src/rp2_common/pico_runtime/runtime.c.obj
                0x10001988                runtime_run_initializers
 .text.runtime_init_early_resets
                0x100019b0       0x2c CMakeFiles/pico_numpad.dir/C_/Users/mmoran/opt/pico/pico-sdk/src/rp2_common/pico_runtime_init/runtime_init.c.obj
                0x100019b0                runtime_init_early_resets
 .text.runtime_init_usb_power_down
                0x100019dc       0x1c CMakeFiles/pico_numpad.dir/C_/Users/mmoran/opt/pico/pico-sdk/src/rp2_common/pico_runtime_init/runtime_init.c.obj
                0x100019dc                runtime_init_usb_power_down
 .text.runtime_init_post_clock_resets
                0x100019f8       0x20 CMakeFiles/pico_numpad.dir/C_/Users/mmoran/opt/pico/pico-sdk/src/rp2_common/pico_runtime_init/runtime_init.c.obj
                0x100019f8                runtime_init_post_clock_resets
 .text.runtime_init_rp2040_gpio_ie_disable
                0x10001a18       0x14 CMakeFiles/pico_numpad.dir/C_/Users/mmoran/opt/pico/pico-sdk/src/rp2_common/pico_runtime_init/runtime_init.c.obj
                0x10001a18                runtime_init_rp2040_gpio_ie_disable
 .text.runtime_init_spin_locks_reset
                0x10001a2c        0x8 CMakeFiles/pico_numpad.dir/C_/Users/mmoran/opt/pico/pico-sdk/src/rp2_common/pico_runtime_init/runtime_init.c.obj
                0x10001a2c                runtime_init_spin_locks_reset
 .text.runtime_init_install_ram_vector_table
                0x10001a34       0x1c CMakeFiles/pico_numpad.dir/C_/Users/mmoran/opt/pico/pico-sdk/src/rp2_common/pico_runtime_init/runtime_init.c.obj
                0x10001a34                runtime_init_install_ram_vector_table
 .text.runtime_init_clocks
                0x10001a50       0xd8 CMakeFiles/pico_numpad.dir/C_/Users/mmoran/opt/pico/pico-sdk/src/rp2_common/pico_runtime_init/runtime_init_clocks.c.obj
                0x10001a50                runtime_init_clocks
 .text          0x10001b28       0x10 CMakeFiles/pico_numpad.dir/C_/Users/mmoran/opt/pico/pico-sdk/src/rp2_common/pico_bit_ops/bit_ops_aeabi.S.obj
 .text.__wrap___aeabi_uidiv
                0x10001b38       0x4c CMakeFiles/pico_numpad.dir/C_/Users/mmoran/opt/pico/pico-sdk/src/rp2_common/pico_divider/divider_hardware.S.obj
                0x10001b38                __wrap___aeabi_uidiv
                0x10001b38                __wrap___aeabi_uidivmod
                0x10001b38                div_u32u32
                0x10001b38                divmod_u32u32
                0x10001b40                divmod_u32u32_unsafe
                0x10001b68                divmod_u32u32_savestate
 .text.__aeabi_double_init
                0x10001b84       0xa0 CMakeFiles/pico_numpad.dir/C_/Users/mmoran/opt/pico/pico-sdk/src/rp2_common/pico_double/double_init_rom_rp2040.c.obj
                0x10001b84                __aeabi_double_init
 .text.double_table_shim_on_use_helper
                0x10001c24       0x2c CMakeFiles/pico_numpad.dir/C_/Users/mmoran/opt/pico/pico-sdk/src/rp2_common/pico_double/double_v1_rom_shim_rp2040.S.obj
                0x10001c24                double_table_shim_on_use_helper
 .text.__aeabi_lmul
                0x10001c50       0x32 CMakeFiles/pico_numpad.dir/C_/Users/mmoran/opt/pico/pico-sdk/src/rp2_common/pico_int64_ops/pico_int64_ops_aeabi.S.obj
                0x10001c50                __wrap___aeabi_lmul
 *fill*         0x10001c82        0x2 
 .text.__aeabi_float_init
                0x10001c84       0x64 CMakeFiles/pico_numpad.dir/C_/Users/mmoran/opt/pico/pico-sdk/src/rp2_common/pico_float/float_init_rom_rp2040.c.obj
                0x10001c84                __aeabi_float_init
 .text.float_table_shim_on_use_helper
                0x10001ce8       0x2c CMakeFiles/pico_numpad.dir/C_/Users/mmoran/opt/pico/pico-sdk/src/rp2_common/pico_float/float_v1_rom_shim_rp2040.S.obj
                0x10001ce8                float_table_shim_on_use_helper
 .text          0x10001d14       0x10 CMakeFiles/pico_numpad.dir/C_/Users/mmoran/opt/pico/pico-sdk/src/rp2_common/pico_mem_ops/mem_ops_aeabi.S.obj
                0x10001d14                __aeabi_mem_init
 .text.memset   0x10001d24        0xc CMakeFiles/pico_numpad.dir/C_/Users/mmoran/opt/pico/pico-sdk/src/rp2_common/pico_mem_ops/mem_ops_aeabi.S.obj
                0x10001d24                __wrap_memset
 .text.memcpy   0x10001d30        0xc CMakeFiles/pico_numpad.dir/C_/Users/mmoran/opt/pico/pico-sdk/src/rp2_common/pico_mem_ops/mem_ops_aeabi.S.obj
                0x10001d30                __wrap_memcpy
                0x10001d30                __wrap___aeabi_memcpy
 .text._out_char
                0x10001d3c       0x10 CMakeFiles/pico_numpad.dir/C_/Users/mmoran/opt/pico/pico-sdk/src/rp2_common/pico_printf/printf.c.obj
 .text.weak_raw_vprintf
                0x10001d4c       0x30 CMakeFiles/pico_numpad.dir/C_/Users/mmoran/opt/pico/pico-sdk/src/rp2_common/pico_printf/printf.c.obj
                0x10001d4c                weak_raw_vprintf
 .text._exit    0x10001d7c        0x4 CMakeFiles/pico_numpad.dir/C_/Users/mmoran/opt/pico/pico-sdk/src/rp2_common/pico_clib_interface/newlib_interface.c.obj
                0x10001d7c                _exit
 .text.exit     0x10001d80        0x8 CMakeFiles/pico_numpad.dir/C_/Users/mmoran/opt/pico/pico-sdk/src/rp2_common/pico_clib_interface/newlib_interface.c.obj
                0x10001d80                exit
 .text.runtime_init
                0x10001d88       0x2c CMakeFiles/pico_numpad.dir/C_/Users/mmoran/opt/pico/pico-sdk/src/rp2_common/pico_clib_interface/newlib_interface.c.obj
                0x10001d88                runtime_init
 .text.stdio_out_chars_no_crlf
                0x10001db4       0x10 CMakeFiles/pico_numpad.dir/C_/Users/mmoran/opt/pico/pico-sdk/src/rp2_common/pico_stdio/stdio.c.obj
 .text.stdio_out_chars_crlf
                0x10001dc4       0xb4 CMakeFiles/pico_numpad.dir/C_/Users/mmoran/opt/pico/pico-sdk/src/rp2_common/pico_stdio/stdio.c.obj
 .text.stdio_put_string
                0x10001e78      0x100 CMakeFiles/pico_numpad.dir/C_/Users/mmoran/opt/pico/pico-sdk/src/rp2_common/pico_stdio/stdio.c.obj
                0x10001e78                stdio_put_string
 .text.stdio_set_driver_enabled
                0x10001f78       0x30 CMakeFiles/pico_numpad.dir/C_/Users/mmoran/opt/pico/pico-sdk/src/rp2_common/pico_stdio/stdio.c.obj
                0x10001f78                stdio_set_driver_enabled
 .text.__wrap_putchar
                0x10001fa8       0x98 CMakeFiles/pico_numpad.dir/C_/Users/mmoran/opt/pico/pico-sdk/src/rp2_common/pico_stdio/stdio.c.obj
                0x10001fa8                __wrap_putchar
                0x10001fa8                stdio_putchar
 .text.__wrap_puts
                0x10002040       0x3c CMakeFiles/pico_numpad.dir/C_/Users/mmoran/opt/pico/pico-sdk/src/rp2_common/pico_stdio/stdio.c.obj
                0x10002040                stdio_puts
                0x10002040                __wrap_puts
 .text.stdio_uart_out_chars
                0x1000207c       0x4c CMakeFiles/pico_numpad.dir/C_/Users/mmoran/opt/pico/pico-sdk/src/rp2_common/pico_stdio_uart/stdio_uart.c.obj
 .text.stdio_uart_in_chars
                0x100020c8       0x84 CMakeFiles/pico_numpad.dir/C_/Users/mmoran/opt/pico/pico-sdk/src/rp2_common/pico_stdio_uart/stdio_uart.c.obj
                0x100020c8                stdio_uart_in_chars
 .text.on_uart_rx
                0x1000214c       0x28 CMakeFiles/pico_numpad.dir/C_/Users/mmoran/opt/pico/pico-sdk/src/rp2_common/pico_stdio_uart/stdio_uart.c.obj
 .text.stdio_uart_out_flush
                0x10002174       0x14 CMakeFiles/pico_numpad.dir/C_/Users/mmoran/opt/pico/pico-sdk/src/rp2_common/pico_stdio_uart/stdio_uart.c.obj
 .text.stdio_uart_set_chars_available_callback
                0x10002188       0x88 CMakeFiles/pico_numpad.dir/C_/Users/mmoran/opt/pico/pico-sdk/src/rp2_common/pico_stdio_uart/stdio_uart.c.obj
 .text.stdio_uart_init_full
                0x10002210       0x3c CMakeFiles/pico_numpad.dir/C_/Users/mmoran/opt/pico/pico-sdk/src/rp2_common/pico_stdio_uart/stdio_uart.c.obj
                0x10002210                stdio_uart_init_full
 .text.dcd_init
                0x1000224c       0x90 CMakeFiles/pico_numpad.dir/C_/Users/mmoran/opt/pico/pico-sdk/lib/tinyusb/src/portable/raspberrypi/rp2040/dcd_rp2040.c.obj
                0x1000224c                dcd_init
 .text.dcd_int_enable
                0x100022dc        0xc CMakeFiles/pico_numpad.dir/C_/Users/mmoran/opt/pico/pico-sdk/lib/tinyusb/src/portable/raspberrypi/rp2040/dcd_rp2040.c.obj
                0x100022dc                dcd_int_enable
 .text.dcd_set_address
                0x100022e8       0x14 CMakeFiles/pico_numpad.dir/C_/Users/mmoran/opt/pico/pico-sdk/lib/tinyusb/src/portable/raspberrypi/rp2040/dcd_rp2040.c.obj
                0x100022e8                dcd_set_address
 .text.dcd_sof_enable
                0x100022fc       0x1c CMakeFiles/pico_numpad.dir/C_/Users/mmoran/opt/pico/pico-sdk/lib/tinyusb/src/portable/raspberrypi/rp2040/dcd_rp2040.c.obj
                0x100022fc                dcd_sof_enable
 .text.dcd_edpt0_status_complete
                0x10002318       0x1c CMakeFiles/pico_numpad.dir/C_/Users/mmoran/opt/pico/pico-sdk/lib/tinyusb/src/portable/raspberrypi/rp2040/dcd_rp2040.c.obj
                0x10002318                dcd_edpt0_status_complete
 .text.dcd_edpt_open
                0x10002334      0x114 CMakeFiles/pico_numpad.dir/C_/Users/mmoran/opt/pico/pico-sdk/lib/tinyusb/src/portable/raspberrypi/rp2040/dcd_rp2040.c.obj
                0x10002334                dcd_edpt_open
 .text.dcd_edpt_close_all
                0x10002448        0x8 CMakeFiles/pico_numpad.dir/C_/Users/mmoran/opt/pico/pico-sdk/lib/tinyusb/src/portable/raspberrypi/rp2040/dcd_rp2040.c.obj
                0x10002448                dcd_edpt_close_all
 .text.dcd_edpt_xfer
                0x10002450       0x24 CMakeFiles/pico_numpad.dir/C_/Users/mmoran/opt/pico/pico-sdk/lib/tinyusb/src/portable/raspberrypi/rp2040/dcd_rp2040.c.obj
                0x10002450                dcd_edpt_xfer
 .text.dcd_edpt_stall
                0x10002474       0x38 CMakeFiles/pico_numpad.dir/C_/Users/mmoran/opt/pico/pico-sdk/lib/tinyusb/src/portable/raspberrypi/rp2040/dcd_rp2040.c.obj
                0x10002474                dcd_edpt_stall
 .text.dcd_edpt_clear_stall
                0x100024ac       0x30 CMakeFiles/pico_numpad.dir/C_/Users/mmoran/opt/pico/pico-sdk/lib/tinyusb/src/portable/raspberrypi/rp2040/dcd_rp2040.c.obj
                0x100024ac                dcd_edpt_clear_stall
 .text.rp2040_usb_init
                0x100024dc       0x40 CMakeFiles/pico_numpad.dir/C_/Users/mmoran/opt/pico/pico-sdk/lib/tinyusb/src/portable/raspberrypi/rp2040/rp2040_usb.c.obj
                0x100024dc                rp2040_usb_init
 .text.hw_endpoint_xfer_start
                0x1000251c       0x50 CMakeFiles/pico_numpad.dir/C_/Users/mmoran/opt/pico/pico-sdk/lib/tinyusb/src/portable/raspberrypi/rp2040/rp2040_usb.c.obj
                0x1000251c                hw_endpoint_xfer_start
 .text.tud_vendor_control_xfer_cb
                0x1000256c        0x4 CMakeFiles/pico_numpad.dir/C_/Users/mmoran/opt/pico/pico-sdk/lib/tinyusb/src/device/usbd.c.obj
                0x1000256c                tud_vendor_control_xfer_cb
 .text.tud_event_hook_cb
                0x10002570        0x4 CMakeFiles/pico_numpad.dir/C_/Users/mmoran/opt/pico/pico-sdk/lib/tinyusb/src/device/usbd.c.obj
                0x10002570                tud_event_hook_cb
 .text.tud_sof_cb
                0x10002574        0x4 CMakeFiles/pico_numpad.dir/C_/Users/mmoran/opt/pico/pico-sdk/lib/tinyusb/src/device/usbd.c.obj
                0x10002574                tud_sof_cb
 .text.tud_descriptor_bos_cb
                0x10002578        0x4 CMakeFiles/pico_numpad.dir/C_/Users/mmoran/opt/pico/pico-sdk/lib/tinyusb/src/device/usbd.c.obj
                0x10002578                tud_descriptor_bos_cb
 .text.tud_descriptor_device_qualifier_cb
                0x1000257c        0x4 CMakeFiles/pico_numpad.dir/C_/Users/mmoran/opt/pico/pico-sdk/lib/tinyusb/src/device/usbd.c.obj
                0x1000257c                tud_descriptor_device_qualifier_cb
 .text.tud_descriptor_other_speed_configuration_cb
                0x10002580        0x4 CMakeFiles/pico_numpad.dir/C_/Users/mmoran/opt/pico/pico-sdk/lib/tinyusb/src/device/usbd.c.obj
                0x10002580                tud_descriptor_other_speed_configuration_cb
 .text.tud_mount_cb
                0x10002584        0x4 CMakeFiles/pico_numpad.dir/C_/Users/mmoran/opt/pico/pico-sdk/lib/tinyusb/src/device/usbd.c.obj
                0x10002584                tud_mount_cb
 .text.tud_umount_cb
                0x10002588        0x4 CMakeFiles/pico_numpad.dir/C_/Users/mmoran/opt/pico/pico-sdk/lib/tinyusb/src/device/usbd.c.obj
                0x10002588                tud_umount_cb
 .text.tud_suspend_cb
                0x1000258c        0x4 CMakeFiles/pico_numpad.dir/C_/Users/mmoran/opt/pico/pico-sdk/lib/tinyusb/src/device/usbd.c.obj
                0x1000258c                tud_suspend_cb
 .text.tud_resume_cb
                0x10002590        0x4 CMakeFiles/pico_numpad.dir/C_/Users/mmoran/opt/pico/pico-sdk/lib/tinyusb/src/device/usbd.c.obj
                0x10002590                tud_resume_cb
 .text.tud_rhport_init
                0x10002594       0xf0 CMakeFiles/pico_numpad.dir/C_/Users/mmoran/opt/pico/pico-sdk/lib/tinyusb/src/device/usbd.c.obj
                0x10002594                tud_rhport_init
 .text.tud_task_ext
                0x10002684      0x7a4 CMakeFiles/pico_numpad.dir/C_/Users/mmoran/opt/pico/pico-sdk/lib/tinyusb/src/device/usbd.c.obj
                0x10002684                tud_task_ext
 .text.usbd_open_edpt_pair
                0x10002e28       0x9c CMakeFiles/pico_numpad.dir/C_/Users/mmoran/opt/pico/pico-sdk/lib/tinyusb/src/device/usbd.c.obj
                0x10002e28                usbd_open_edpt_pair
 .text.usbd_edpt_claim
                0x10002ec4       0x28 CMakeFiles/pico_numpad.dir/C_/Users/mmoran/opt/pico/pico-sdk/lib/tinyusb/src/device/usbd.c.obj
                0x10002ec4                usbd_edpt_claim
 .text.usbd_edpt_xfer
                0x10002eec       0x4c CMakeFiles/pico_numpad.dir/C_/Users/mmoran/opt/pico/pico-sdk/lib/tinyusb/src/device/usbd.c.obj
                0x10002eec                usbd_edpt_xfer
 .text.tud_control_status
                0x10002f38       0x30 CMakeFiles/pico_numpad.dir/C_/Users/mmoran/opt/pico/pico-sdk/lib/tinyusb/src/device/usbd_control.c.obj
                0x10002f38                tud_control_status
 .text.tud_control_xfer
                0x10002f68       0xbc CMakeFiles/pico_numpad.dir/C_/Users/mmoran/opt/pico/pico-sdk/lib/tinyusb/src/device/usbd_control.c.obj
                0x10002f68                tud_control_xfer
 .text.usbd_control_reset
                0x10003024       0x14 CMakeFiles/pico_numpad.dir/C_/Users/mmoran/opt/pico/pico-sdk/lib/tinyusb/src/device/usbd_control.c.obj
                0x10003024                usbd_control_reset
 .text.usbd_control_set_complete_callback
                0x10003038        0xc CMakeFiles/pico_numpad.dir/C_/Users/mmoran/opt/pico/pico-sdk/lib/tinyusb/src/device/usbd_control.c.obj
                0x10003038                usbd_control_set_complete_callback
 .text.usbd_control_set_request
                0x10003044       0x1c CMakeFiles/pico_numpad.dir/C_/Users/mmoran/opt/pico/pico-sdk/lib/tinyusb/src/device/usbd_control.c.obj
                0x10003044                usbd_control_set_request
 .text.usbd_control_xfer_cb
                0x10003060       0xf0 CMakeFiles/pico_numpad.dir/C_/Users/mmoran/opt/pico/pico-sdk/lib/tinyusb/src/device/usbd_control.c.obj
                0x10003060                usbd_control_xfer_cb
 .text.tud_hid_set_protocol_cb
                0x10003150        0x4 CMakeFiles/pico_numpad.dir/C_/Users/mmoran/opt/pico/pico-sdk/lib/tinyusb/src/class/hid/hid_device.c.obj
                0x10003150                tud_hid_set_protocol_cb
 .text.tud_hid_set_idle_cb
                0x10003154        0x4 CMakeFiles/pico_numpad.dir/C_/Users/mmoran/opt/pico/pico-sdk/lib/tinyusb/src/class/hid/hid_device.c.obj
                0x10003154                tud_hid_set_idle_cb
 .text.tud_hid_report_complete_cb
                0x10003158        0x4 CMakeFiles/pico_numpad.dir/C_/Users/mmoran/opt/pico/pico-sdk/lib/tinyusb/src/class/hid/hid_device.c.obj
                0x10003158                tud_hid_report_complete_cb
 .text.tud_hid_report_failed_cb
                0x1000315c        0x4 CMakeFiles/pico_numpad.dir/C_/Users/mmoran/opt/pico/pico-sdk/lib/tinyusb/src/class/hid/hid_device.c.obj
                0x1000315c                tud_hid_report_failed_cb
 .text.tud_hid_n_keyboard_report
                0x10003160       0x7c CMakeFiles/pico_numpad.dir/C_/Users/mmoran/opt/pico/pico-sdk/lib/tinyusb/src/class/hid/hid_device.c.obj
                0x10003160                tud_hid_n_keyboard_report
 .text.hidd_init
                0x100031dc       0x14 CMakeFiles/pico_numpad.dir/C_/Users/mmoran/opt/pico/pico-sdk/lib/tinyusb/src/class/hid/hid_device.c.obj
                0x100031dc                hidd_init
 .text.hidd_deinit
                0x100031f0        0x4 CMakeFiles/pico_numpad.dir/C_/Users/mmoran/opt/pico/pico-sdk/lib/tinyusb/src/class/hid/hid_device.c.obj
                0x100031f0                hidd_deinit
 .text.hidd_reset
                0x100031f4       0x14 CMakeFiles/pico_numpad.dir/C_/Users/mmoran/opt/pico/pico-sdk/lib/tinyusb/src/class/hid/hid_device.c.obj
                0x100031f4                hidd_reset
 .text.hidd_open
                0x10003208       0x8c CMakeFiles/pico_numpad.dir/C_/Users/mmoran/opt/pico/pico-sdk/lib/tinyusb/src/class/hid/hid_device.c.obj
                0x10003208                hidd_open
 .text.hidd_control_xfer_cb
                0x10003294      0x1a8 CMakeFiles/pico_numpad.dir/C_/Users/mmoran/opt/pico/pico-sdk/lib/tinyusb/src/class/hid/hid_device.c.obj
                0x10003294                hidd_control_xfer_cb
 .text.hidd_xfer_cb
                0x1000343c       0x80 CMakeFiles/pico_numpad.dir/C_/Users/mmoran/opt/pico/pico-sdk/lib/tinyusb/src/class/hid/hid_device.c.obj
                0x1000343c                hidd_xfer_cb
 .text.tusb_rhport_init
                0x100034bc       0x48 CMakeFiles/pico_numpad.dir/C_/Users/mmoran/opt/pico/pico-sdk/lib/tinyusb/src/tusb.c.obj
                0x100034bc                tusb_rhport_init
 .text.tu_edpt_claim
                0x10003504       0x50 CMakeFiles/pico_numpad.dir/C_/Users/mmoran/opt/pico/pico-sdk/lib/tinyusb/src/tusb.c.obj
                0x10003504                tu_edpt_claim
 .text.tu_edpt_validate
                0x10003554       0x78 CMakeFiles/pico_numpad.dir/C_/Users/mmoran/opt/pico/pico-sdk/lib/tinyusb/src/tusb.c.obj
                0x10003554                tu_edpt_validate
 .text.tu_edpt_bind_driver
                0x100035cc       0x34 CMakeFiles/pico_numpad.dir/C_/Users/mmoran/opt/pico/pico-sdk/lib/tinyusb/src/tusb.c.obj
                0x100035cc                tu_edpt_bind_driver
 .text.tu_fifo_read
                0x10003600       0xa0 CMakeFiles/pico_numpad.dir/C_/Users/mmoran/opt/pico/pico-sdk/lib/tinyusb/src/common/tusb_fifo.c.obj
                0x10003600                tu_fifo_read
 .text.tu_fifo_write
                0x100036a0       0x88 CMakeFiles/pico_numpad.dir/C_/Users/mmoran/opt/pico/pico-sdk/lib/tinyusb/src/common/tusb_fifo.c.obj
                0x100036a0                tu_fifo_write
 .text.tu_fifo_clear
                0x10003728       0x40 CMakeFiles/pico_numpad.dir/C_/Users/mmoran/opt/pico/pico-sdk/lib/tinyusb/src/common/tusb_fifo.c.obj
                0x10003728                tu_fifo_clear
 .text.board_init
                0x10003768       0x30 CMakeFiles/pico_numpad.dir/C_/Users/mmoran/opt/pico/pico-sdk/lib/tinyusb/hw/bsp/rp2040/family.c.obj
                0x10003768                board_init
 .text.startup._retrieve_unique_id_on_boot
                0x10003798       0x10 CMakeFiles/pico_numpad.dir/C_/Users/mmoran/opt/pico/pico-sdk/src/rp2_common/pico_unique_id/unique_id.c.obj
 .text.flash_get_unique_id
                0x100037a8       0x40 CMakeFiles/pico_numpad.dir/C_/Users/mmoran/opt/pico/pico-sdk/src/rp2_common/hardware_flash/flash.c.obj
                0x100037a8                flash_get_unique_id
 .text.strlen   0x100037e8       0x5c c:/programdata/chocolatey/lib/gcc-arm-embedded/tools/gcc-arm-none-eabi-10.3-2021.10/bin/../lib/gcc/arm-none-eabi/10.3.1/../../../../arm-none-eabi/lib/thumb/v6-m/nofp\libg.a(lib_a-strlen-stub.o)
                0x100037e8                strlen
 *(.fini)
 .fini          0x10003844        0x4 c:/programdata/chocolatey/lib/gcc-arm-embedded/tools/gcc-arm-none-eabi-10.3-2021.10/bin/../lib/gcc/arm-none-eabi/10.3.1/thumb/v6-m/nofp/crti.o
                0x10003844                _fini
 .fini.__stub   0x10003848       0xb0 linker stubs
 *crtbegin.o(.ctors)
 *crtbegin?.o(.ctors)
 *(EXCLUDE_FILE(*crtend.o *crtend?.o) .ctors)
 *(SORT_BY_NAME(.ctors.*))
 *(.ctors)
 *crtbegin.o(.dtors)
 *crtbegin?.o(.dtors)
 *(EXCLUDE_FILE(*crtend.o *crtend?.o) .dtors)
 *(SORT_BY_NAME(.dtors.*))
 *(.dtors)
                0x100038f8                . = ALIGN (0x4)
                0x100038f8                PROVIDE (__preinit_array_start = .)
 *(SORT_BY_NAME(.preinit_array.*))
 .preinit_array.00100
                0x100038f8        0x4 CMakeFiles/pico_numpad.dir/C_/Users/mmoran/opt/pico/pico-sdk/src/rp2_common/pico_runtime_init/runtime_init.c.obj
                0x100038f8                __pre_init_runtime_init_early_resets
 .preinit_array.00101
                0x100038fc        0x4 CMakeFiles/pico_numpad.dir/C_/Users/mmoran/opt/pico/pico-sdk/src/rp2_common/pico_runtime_init/runtime_init.c.obj
                0x100038fc                __pre_init_runtime_init_usb_power_down
 .preinit_array.00275
                0x10003900        0x4 CMakeFiles/pico_numpad.dir/C_/Users/mmoran/opt/pico/pico-sdk/src/rp2_common/pico_bit_ops/bit_ops_aeabi.S.obj
 .preinit_array.00300
                0x10003904        0x4 CMakeFiles/pico_numpad.dir/C_/Users/mmoran/opt/pico/pico-sdk/src/rp2_common/pico_mem_ops/mem_ops_aeabi.S.obj
 .preinit_array.00350
                0x10003908        0x4 CMakeFiles/pico_numpad.dir/C_/Users/mmoran/opt/pico/pico-sdk/src/rp2_common/pico_double/double_aeabi_rp2040.S.obj
 .preinit_array.00350
                0x1000390c        0x4 CMakeFiles/pico_numpad.dir/C_/Users/mmoran/opt/pico/pico-sdk/src/rp2_common/pico_float/float_aeabi_rp2040.S.obj
 .preinit_array.00500
                0x10003910        0x4 CMakeFiles/pico_numpad.dir/C_/Users/mmoran/opt/pico/pico-sdk/src/rp2_common/pico_runtime_init/runtime_init.c.obj
                0x10003910                __pre_init_runtime_init_clocks
 .preinit_array.00600
                0x10003914        0x4 CMakeFiles/pico_numpad.dir/C_/Users/mmoran/opt/pico/pico-sdk/src/rp2_common/pico_runtime_init/runtime_init.c.obj
                0x10003914                __pre_init_runtime_init_post_clock_resets
 .preinit_array.00700
                0x10003918        0x4 CMakeFiles/pico_numpad.dir/C_/Users/mmoran/opt/pico/pico-sdk/src/rp2_common/pico_runtime_init/runtime_init.c.obj
                0x10003918                __pre_init_runtime_init_rp2040_gpio_ie_disable
 .preinit_array.01000
                0x1000391c        0x4 CMakeFiles/pico_numpad.dir/C_/Users/mmoran/opt/pico/pico-sdk/src/rp2_common/pico_runtime_init/runtime_init.c.obj
                0x1000391c                __pre_init_runtime_init_spin_locks_reset
 .preinit_array.01100
                0x10003920        0x4 CMakeFiles/pico_numpad.dir/C_/Users/mmoran/opt/pico/pico-sdk/src/common/pico_sync/mutex.c.obj
                0x10003920                __pre_init_runtime_init_mutex
 .preinit_array.10080
                0x10003924        0x4 CMakeFiles/pico_numpad.dir/C_/Users/mmoran/opt/pico/pico-sdk/src/rp2_common/pico_runtime_init/runtime_init.c.obj
                0x10003924                __pre_init_runtime_init_install_ram_vector_table
 .preinit_array.11000
                0x10003928        0x4 CMakeFiles/pico_numpad.dir/C_/Users/mmoran/opt/pico/pico-sdk/src/common/pico_time/time.c.obj
                0x10003928                __pre_init_runtime_init_default_alarm_pool
 .preinit_array.YYYYY
                0x1000392c        0x4 CMakeFiles/pico_numpad.dir/C_/Users/mmoran/opt/pico/pico-sdk/src/rp2_common/pico_runtime/runtime.c.obj
                0x1000392c                __pre_init_first_per_core_initializer
 .preinit_array.ZZZZZ.01200
                0x10003930        0x4 CMakeFiles/pico_numpad.dir/C_/Users/mmoran/opt/pico/pico-sdk/src/rp2_common/hardware_irq/irq.c.obj
                0x10003930                __pre_init_runtime_init_per_core_irq_priorities
 *(.preinit_array)
                0x10003934                PROVIDE (__preinit_array_end = .)
                0x10003934                . = ALIGN (0x4)
                0x10003934                PROVIDE (__init_array_start = .)
 *(SORT_BY_NAME(.init_array.*))
 *(.init_array)
 .init_array    0x10003934        0x4 c:/programdata/chocolatey/lib/gcc-arm-embedded/tools/gcc-arm-none-eabi-10.3-2021.10/bin/../lib/gcc/arm-none-eabi/10.3.1/thumb/v6-m/nofp/crtbegin.o
 .init_array    0x10003938        0x4 CMakeFiles/pico_numpad.dir/C_/Users/mmoran/opt/pico/pico-sdk/src/rp2_common/pico_unique_id/unique_id.c.obj
                0x1000393c                PROVIDE (__init_array_end = .)
                0x1000393c                . = ALIGN (0x4)
                [!provide]                PROVIDE (__fini_array_start = .)
 *(SORT_BY_NAME(.fini_array.*))
 *(.fini_array)
                [!provide]                PROVIDE (__fini_array_end = .)
 *(.eh_frame*)
 .eh_frame      0x1000393c        0x0 c:/programdata/chocolatey/lib/gcc-arm-embedded/tools/gcc-arm-none-eabi-10.3-2021.10/bin/../lib/gcc/arm-none-eabi/10.3.1/thumb/v6-m/nofp/crtbegin.o
                0x1000393c                . = ALIGN (0x4)

.glue_7         0x1000393c        0x0
 .glue_7        0x1000393c        0x0 linker stubs

.glue_7t        0x1000393c        0x0
 .glue_7t       0x1000393c        0x0 linker stubs

.vfp11_veneer   0x1000393c        0x0
 .vfp11_veneer  0x1000393c        0x0 linker stubs

.v4_bx          0x1000393c        0x0
 .v4_bx         0x1000393c        0x0 linker stubs

.iplt           0x1000393c        0x0
 .iplt          0x1000393c        0x0 c:/programdata/chocolatey/lib/gcc-arm-embedded/tools/gcc-arm-none-eabi-10.3-2021.10/bin/../lib/gcc/arm-none-eabi/10.3.1/thumb/v6-m/nofp/crtbegin.o

.rodata         0x1000393c      0x300
 *(EXCLUDE_FILE(*libm.a: *libc.a:*lib_a-mem*.o *libgcc.a:) .rodata*)
 .rodata.str1.4
                0x1000393c       0x1a CMakeFiles/pico_numpad.dir/src/usb_descriptors.c.obj
 *fill*         0x10003956        0x2 
 .rodata.__compound_literal.0
                0x10003958        0x2 CMakeFiles/pico_numpad.dir/src/usb_descriptors.c.obj
 *fill*         0x1000395a        0x2 
 .rodata.desc_configuration
                0x1000395c       0x22 CMakeFiles/pico_numpad.dir/src/usb_descriptors.c.obj
                0x1000395c                desc_configuration
 *fill*         0x1000397e        0x2 
 .rodata.desc_device
                0x10003980       0x12 CMakeFiles/pico_numpad.dir/src/usb_descriptors.c.obj
                0x10003980                desc_device
 *fill*         0x10003992        0x2 
 .rodata.desc_hid_report
                0x10003994       0x41 CMakeFiles/pico_numpad.dir/src/usb_descriptors.c.obj
                0x10003994                desc_hid_report
 *fill*         0x100039d5        0x3 
 .rodata.panic.str1.4
                0x100039d8       0x12 CMakeFiles/pico_numpad.dir/C_/Users/mmoran/opt/pico/pico-sdk/src/rp2_common/pico_platform_panic/panic.c.obj
 *fill*         0x100039ea        0x2 
 .rodata.spin_lock_claim_unused.str1.4
                0x100039ec       0x1b CMakeFiles/pico_numpad.dir/C_/Users/mmoran/opt/pico/pico-sdk/src/rp2_common/hardware_sync/sync.c.obj
 *fill*         0x10003a07        0x1 
 .rodata.timer_hardware_alarm_claim.str1.4
                0x10003a08       0x22 CMakeFiles/pico_numpad.dir/C_/Users/mmoran/opt/pico/pico-sdk/src/rp2_common/hardware_timer/timer.c.obj
 *fill*         0x10003a2a        0x2 
 .rodata.hard_assertion_failure.str1.4
                0x10003a2c        0xc CMakeFiles/pico_numpad.dir/C_/Users/mmoran/opt/pico/pico-sdk/src/rp2_common/pico_runtime/runtime.c.obj
 .rodata.str1.4
                0x10003a38       0x40 CMakeFiles/pico_numpad.dir/C_/Users/mmoran/opt/pico/pico-sdk/src/rp2_common/pico_standard_binary_info/standard_binary_info.c.obj
 .rodata.__bi_26
                0x10003a78        0xc CMakeFiles/pico_numpad.dir/C_/Users/mmoran/opt/pico/pico-sdk/src/rp2_common/pico_standard_binary_info/standard_binary_info.c.obj
 .rodata.__bi_34
                0x10003a84        0xc CMakeFiles/pico_numpad.dir/C_/Users/mmoran/opt/pico/pico-sdk/src/rp2_common/pico_standard_binary_info/standard_binary_info.c.obj
 .rodata.__bi_42
                0x10003a90        0xc CMakeFiles/pico_numpad.dir/C_/Users/mmoran/opt/pico/pico-sdk/src/rp2_common/pico_standard_binary_info/standard_binary_info.c.obj
 .rodata.__bi_48
                0x10003a9c        0xc CMakeFiles/pico_numpad.dir/C_/Users/mmoran/opt/pico/pico-sdk/src/rp2_common/pico_standard_binary_info/standard_binary_info.c.obj
 .rodata.__bi_54
                0x10003aa8        0xc CMakeFiles/pico_numpad.dir/C_/Users/mmoran/opt/pico/pico-sdk/src/rp2_common/pico_standard_binary_info/standard_binary_info.c.obj
 .rodata.__bi_78
                0x10003ab4        0xc CMakeFiles/pico_numpad.dir/C_/Users/mmoran/opt/pico/pico-sdk/src/rp2_common/pico_standard_binary_info/standard_binary_info.c.obj
 .rodata.__bi_84
                0x10003ac0        0xc CMakeFiles/pico_numpad.dir/C_/Users/mmoran/opt/pico/pico-sdk/src/rp2_common/pico_standard_binary_info/standard_binary_info.c.obj
 .rodata.crlf_str.0
                0x10003acc        0x2 CMakeFiles/pico_numpad.dir/C_/Users/mmoran/opt/pico/pico-sdk/src/rp2_common/pico_stdio/stdio.c.obj
 *fill*         0x10003ace        0x2 
 .rodata.str1.4
                0x10003ad0       0x14 CMakeFiles/pico_numpad.dir/C_/Users/mmoran/opt/pico/pico-sdk/lib/tinyusb/src/portable/raspberrypi/rp2040/dcd_rp2040.c.obj
 .rodata.str1.4
                0x10003ae4       0x48 CMakeFiles/pico_numpad.dir/C_/Users/mmoran/opt/pico/pico-sdk/lib/tinyusb/src/portable/raspberrypi/rp2040/rp2040_usb.c.obj
 .rodata.tud_task_ext
                0x10003b2c       0x8c CMakeFiles/pico_numpad.dir/C_/Users/mmoran/opt/pico/pico-sdk/lib/tinyusb/src/device/usbd.c.obj
 .rodata        0x10003bb8       0x1c CMakeFiles/pico_numpad.dir/C_/Users/mmoran/opt/pico/pico-sdk/lib/tinyusb/src/device/usbd.c.obj
 .rodata._usbd_driver
                0x10003bd4       0x20 CMakeFiles/pico_numpad.dir/C_/Users/mmoran/opt/pico/pico-sdk/lib/tinyusb/src/device/usbd.c.obj
 .rodata.hidd_control_xfer_cb
                0x10003bf4       0x30 CMakeFiles/pico_numpad.dir/C_/Users/mmoran/opt/pico/pico-sdk/lib/tinyusb/src/class/hid/hid_device.c.obj
 .rodata.str1.4
                0x10003c24        0x4 CMakeFiles/pico_numpad.dir/C_/Users/mmoran/opt/pico/pico-sdk/lib/tinyusb/hw/bsp/rp2040/family.c.obj
 .rodata.__bi_153.0
                0x10003c28        0xc CMakeFiles/pico_numpad.dir/C_/Users/mmoran/opt/pico/pico-sdk/lib/tinyusb/hw/bsp/rp2040/family.c.obj
 .rodata.__bi_163.1
                0x10003c34        0x8 CMakeFiles/pico_numpad.dir/C_/Users/mmoran/opt/pico/pico-sdk/lib/tinyusb/hw/bsp/rp2040/family.c.obj
                0x10003c3c                . = ALIGN (0x4)
 *(SORT_BY_ALIGNMENT(SORT_BY_NAME(.flashdata*)))
                0x10003c3c                . = ALIGN (0x4)

.ARM.extab
 *(.ARM.extab* .gnu.linkonce.armextab.*)
                0x10003c3c                __exidx_start = .

.ARM.exidx
 *(.ARM.exidx* .gnu.linkonce.armexidx.*)
                0x10003c3c                __exidx_end = .
                0x10003c3c                . = ALIGN (0x4)
                0x10003c3c                __binary_info_start = .

.binary_info    0x10003c3c       0x24
 *(.binary_info.keep.*)
 .binary_info.keep.__bi_ptr26
                0x10003c3c        0x4 CMakeFiles/pico_numpad.dir/C_/Users/mmoran/opt/pico/pico-sdk/src/rp2_common/pico_standard_binary_info/standard_binary_info.c.obj
 .binary_info.keep.__bi_ptr34
                0x10003c40        0x4 CMakeFiles/pico_numpad.dir/C_/Users/mmoran/opt/pico/pico-sdk/src/rp2_common/pico_standard_binary_info/standard_binary_info.c.obj
 .binary_info.keep.__bi_ptr42
                0x10003c44        0x4 CMakeFiles/pico_numpad.dir/C_/Users/mmoran/opt/pico/pico-sdk/src/rp2_common/pico_standard_binary_info/standard_binary_info.c.obj
 .binary_info.keep.__bi_ptr48
                0x10003c48        0x4 CMakeFiles/pico_numpad.dir/C_/Users/mmoran/opt/pico/pico-sdk/src/rp2_common/pico_standard_binary_info/standard_binary_info.c.obj
 .binary_info.keep.__bi_ptr54
                0x10003c4c        0x4 CMakeFiles/pico_numpad.dir/C_/Users/mmoran/opt/pico/pico-sdk/src/rp2_common/pico_standard_binary_info/standard_binary_info.c.obj
 .binary_info.keep.__bi_ptr78
                0x10003c50        0x4 CMakeFiles/pico_numpad.dir/C_/Users/mmoran/opt/pico/pico-sdk/src/rp2_common/pico_standard_binary_info/standard_binary_info.c.obj
 .binary_info.keep.__bi_ptr84
                0x10003c54        0x4 CMakeFiles/pico_numpad.dir/C_/Users/mmoran/opt/pico/pico-sdk/src/rp2_common/pico_standard_binary_info/standard_binary_info.c.obj
 .binary_info.keep.__bi_ptr153
                0x10003c58        0x4 CMakeFiles/pico_numpad.dir/C_/Users/mmoran/opt/pico/pico-sdk/lib/tinyusb/hw/bsp/rp2040/family.c.obj
 .binary_info.keep.__bi_ptr163
                0x10003c5c        0x4 CMakeFiles/pico_numpad.dir/C_/Users/mmoran/opt/pico/pico-sdk/lib/tinyusb/hw/bsp/rp2040/family.c.obj
 *(.binary_info.*)
                0x10003c60                __binary_info_end = .

.rel.dyn        0x10003c60        0x0
 .rel.iplt      0x10003c60        0x0 c:/programdata/chocolatey/lib/gcc-arm-embedded/tools/gcc-arm-none-eabi-10.3-2021.10/bin/../lib/gcc/arm-none-eabi/10.3.1/thumb/v6-m/nofp/crtbegin.o
                0x10003c60                . = ALIGN (0x4)

.ram_vector_table
                0x20000000       0xc0
 *(.ram_vector_table)
 .ram_vector_table
                0x20000000       0xc0 CMakeFiles/pico_numpad.dir/C_/Users/mmoran/opt/pico/pico-sdk/src/rp2_common/pico_runtime_init/runtime_init.c.obj
                0x20000000                ram_vector_table

.uninitialized_data
                0x200000c0        0x0
                0x200000c0                . = ALIGN (0x4)
 *(.uninitialized_data*)

.data           0x200000c0      0xf90 load address 0x10003c60
                0x200000c0                __data_start__ = .
 *(vtable)
 *(.time_critical*)
 .time_critical.mutex_try_enter_block_until
                0x200000c0       0x9c CMakeFiles/pico_numpad.dir/C_/Users/mmoran/opt/pico/pico-sdk/src/common/pico_sync/mutex.c.obj
                0x200000c0                mutex_try_enter_block_until
 .time_critical.mutex_enter_timeout_ms
                0x2000015c       0x90 CMakeFiles/pico_numpad.dir/C_/Users/mmoran/opt/pico/pico-sdk/src/common/pico_sync/mutex.c.obj
                0x2000015c                mutex_enter_timeout_ms
 .time_critical.mutex_exit
                0x200001ec       0x28 CMakeFiles/pico_numpad.dir/C_/Users/mmoran/opt/pico/pico-sdk/src/common/pico_sync/mutex.c.obj
                0x200001ec                mutex_exit
 .time_critical.reset_non_control_endpoints
                0x20000214       0xbc CMakeFiles/pico_numpad.dir/C_/Users/mmoran/opt/pico/pico-sdk/lib/tinyusb/src/portable/raspberrypi/rp2040/dcd_rp2040.c.obj
 .time_critical.hw_handle_buff_status
                0x200002d0       0x98 CMakeFiles/pico_numpad.dir/C_/Users/mmoran/opt/pico/pico-sdk/lib/tinyusb/src/portable/raspberrypi/rp2040/dcd_rp2040.c.obj
 .time_critical.dcd_rp2040_irq
                0x20000368      0x530 CMakeFiles/pico_numpad.dir/C_/Users/mmoran/opt/pico/pico-sdk/lib/tinyusb/src/portable/raspberrypi/rp2040/dcd_rp2040.c.obj
 .time_critical.prepare_ep_buffer
                0x20000898       0xf4 CMakeFiles/pico_numpad.dir/C_/Users/mmoran/opt/pico/pico-sdk/lib/tinyusb/src/portable/raspberrypi/rp2040/rp2040_usb.c.obj
 .time_critical.sync_ep_buffer
                0x2000098c       0xb4 CMakeFiles/pico_numpad.dir/C_/Users/mmoran/opt/pico/pico-sdk/lib/tinyusb/src/portable/raspberrypi/rp2040/rp2040_usb.c.obj
 .time_critical._hw_endpoint_xfer_sync
                0x20000a40       0x28 CMakeFiles/pico_numpad.dir/C_/Users/mmoran/opt/pico/pico-sdk/lib/tinyusb/src/portable/raspberrypi/rp2040/rp2040_usb.c.obj
 .time_critical.e15_is_bulkin_ep
                0x20000a68       0x28 CMakeFiles/pico_numpad.dir/C_/Users/mmoran/opt/pico/pico-sdk/lib/tinyusb/src/portable/raspberrypi/rp2040/rp2040_usb.c.obj
 .time_critical.e15_is_critical_frame_period
                0x20000a90       0x34 CMakeFiles/pico_numpad.dir/C_/Users/mmoran/opt/pico/pico-sdk/lib/tinyusb/src/portable/raspberrypi/rp2040/rp2040_usb.c.obj
 .time_critical.hw_endpoint_reset_transfer
                0x20000ac4        0xc CMakeFiles/pico_numpad.dir/C_/Users/mmoran/opt/pico/pico-sdk/lib/tinyusb/src/portable/raspberrypi/rp2040/rp2040_usb.c.obj
                0x20000ac4                hw_endpoint_reset_transfer
 .time_critical._hw_endpoint_buffer_control_update32
                0x20000ad0       0x50 CMakeFiles/pico_numpad.dir/C_/Users/mmoran/opt/pico/pico-sdk/lib/tinyusb/src/portable/raspberrypi/rp2040/rp2040_usb.c.obj
                0x20000ad0                _hw_endpoint_buffer_control_update32
 .time_critical.hw_endpoint_start_next_buffer
                0x20000b20       0x6c CMakeFiles/pico_numpad.dir/C_/Users/mmoran/opt/pico/pico-sdk/lib/tinyusb/src/portable/raspberrypi/rp2040/rp2040_usb.c.obj
                0x20000b20                hw_endpoint_start_next_buffer
 .time_critical.hw_endpoint_xfer_continue
                0x20000b8c       0x40 CMakeFiles/pico_numpad.dir/C_/Users/mmoran/opt/pico/pico-sdk/lib/tinyusb/src/portable/raspberrypi/rp2040/rp2040_usb.c.obj
                0x20000b8c                hw_endpoint_xfer_continue
 .time_critical.tinyusb
                0x20000bcc      0x1e8 CMakeFiles/pico_numpad.dir/C_/Users/mmoran/opt/pico/pico-sdk/lib/tinyusb/src/device/usbd.c.obj
                0x20000bcc                dcd_event_handler
 .time_critical.flash_init_boot2_copyout
                0x20000db4       0x30 CMakeFiles/pico_numpad.dir/C_/Users/mmoran/opt/pico/pico-sdk/src/rp2_common/hardware_flash/flash.c.obj
 .time_critical.flash_enable_xip_via_boot2
                0x20000de4       0x10 CMakeFiles/pico_numpad.dir/C_/Users/mmoran/opt/pico/pico-sdk/src/rp2_common/hardware_flash/flash.c.obj
 .time_critical.flash_cs_force
                0x20000df4       0x38 CMakeFiles/pico_numpad.dir/C_/Users/mmoran/opt/pico/pico-sdk/src/rp2_common/hardware_flash/flash.c.obj
 .time_critical.flash_do_cmd
                0x20000e2c       0xc4 CMakeFiles/pico_numpad.dir/C_/Users/mmoran/opt/pico/pico-sdk/src/rp2_common/hardware_flash/flash.c.obj
                0x20000e2c                flash_do_cmd
 *(.text*)
 .text          0x20000ef0        0x4 c:/programdata/chocolatey/lib/gcc-arm-embedded/tools/gcc-arm-none-eabi-10.3-2021.10/bin/../lib/gcc/arm-none-eabi/10.3.1/thumb/v6-m/nofp\libgcc.a(_dvmd_tls.o)
                0x20000ef0                __aeabi_idiv0
                0x20000ef0                __aeabi_ldiv0
 *fill*         0x20000ef4        0x4 
 .text.__stub   0x20000ef8       0x80 linker stubs
                0x20000f78                . = ALIGN (0x4)
 *(.rodata*)
                0x20000f78                . = ALIGN (0x4)
 *(.data*)
 .data.string_desc_arr
                0x20000f78       0x10 CMakeFiles/pico_numpad.dir/src/usb_descriptors.c.obj
                0x20000f78                string_desc_arr
 .data.striped_spin_lock_num
                0x20000f88        0x1 CMakeFiles/pico_numpad.dir/C_/Users/mmoran/opt/pico/pico-sdk/src/rp2_common/hardware_sync/sync.c.obj
 *fill*         0x20000f89        0x3 
 .data          0x20000f8c       0x48 CMakeFiles/pico_numpad.dir/C_/Users/mmoran/opt/pico/pico-sdk/src/rp2_common/hardware_irq/irq_handler_chain.S.obj
                0x20000f8c                irq_handler_chain_slots
                0x20000fbc                irq_handler_chain_first_slot
                0x20000fc6                irq_handler_chain_remove_tail
 .data.default_alarm_pool
                0x20000fd4       0x18 CMakeFiles/pico_numpad.dir/C_/Users/mmoran/opt/pico/pico-sdk/src/common/pico_time/time.c.obj
 *fill*         0x20000fec        0x4 
 .data.aeabi_bits_funcs
                0x20000ff0       0x10 CMakeFiles/pico_numpad.dir/C_/Users/mmoran/opt/pico/pico-sdk/src/rp2_common/pico_bit_ops/bit_ops_aeabi.S.obj
                0x20000ff0                aeabi_bits_funcs
                0x20001000                aeabi_bits_funcs_end
 .data.aeabi_mem_funcs
                0x20001000       0x10 CMakeFiles/pico_numpad.dir/C_/Users/mmoran/opt/pico/pico-sdk/src/rp2_common/pico_mem_ops/mem_ops_aeabi.S.obj
                0x20001000                aeabi_mem_funcs
                0x20001010                aeabi_mem_funcs_end
 .data.stdio_uart
                0x20001010       0x18 CMakeFiles/pico_numpad.dir/C_/Users/mmoran/opt/pico/pico-sdk/src/rp2_common/pico_stdio_uart/stdio_uart.c.obj
                0x20001010                stdio_uart
 .data._usbd_qdef
                0x20001028       0x1c CMakeFiles/pico_numpad.dir/C_/Users/mmoran/opt/pico/pico-sdk/lib/tinyusb/src/device/usbd.c.obj
                0x20001028                _usbd_qdef
 .data._usbd_rhport
                0x20001044        0x1 CMakeFiles/pico_numpad.dir/C_/Users/mmoran/opt/pico/pico-sdk/lib/tinyusb/src/device/usbd.c.obj
                0x20001048                . = ALIGN (0x4)
 *fill*         0x20001045        0x3 
 *(.after_data.*)
                0x20001048                . = ALIGN (0x4)
                0x20001048                PROVIDE (__mutex_array_start = .)
 *(SORT_BY_NAME(.mutex_array.*))
 *(.mutex_array)
 .mutex_array   0x20001048        0x8 CMakeFiles/pico_numpad.dir/C_/Users/mmoran/opt/pico/pico-sdk/src/rp2_common/pico_stdio/stdio.c.obj
                0x20001050                PROVIDE (__mutex_array_end = .)
                0x20001050                . = ALIGN (0x4)
 *(.jcr)
                0x20001050                . = ALIGN (0x4)

.igot.plt       0x20001050        0x0 load address 0x10004bf0
 .igot.plt      0x20001050        0x0 c:/programdata/chocolatey/lib/gcc-arm-embedded/tools/gcc-arm-none-eabi-10.3-2021.10/bin/../lib/gcc/arm-none-eabi/10.3.1/thumb/v6-m/nofp/crtbegin.o

.tdata          0x20001050        0x0 load address 0x10004bf0
                0x20001050                . = ALIGN (0x4)
 *(.tdata .tdata.* .gnu.linkonce.td.*)
                0x20001050                __tdata_end = .
                0x20001050                PROVIDE (__data_end__ = .)
                0x10003c60                __etext = LOADADDR (.data)

.tbss           0x20001050        0x0 load address 0x10004bf0
                0x20001050                . = ALIGN (0x4)
                0x20001050                __bss_start__ = .
                0x20001050                __tls_base = .
 *(.tbss .tbss.* .gnu.linkonce.tb.*)
 *(.tcommon)
                0x20001050                __tls_end = .

.bss            0x20001050      0xba8 load address 0x10004bf0
                0x20001050                . = ALIGN (0x4)
                0x20001050                __tbss_end = .
 *(SORT_BY_ALIGNMENT(SORT_BY_NAME(.bss*)))
 .bss.default_alarm_pool_entries
                0x20001050      0x180 CMakeFiles/pico_numpad.dir/C_/Users/mmoran/opt/pico/pico-sdk/src/common/pico_time/time.c.obj
 .bss.sd_table  0x200011d0      0x100 CMakeFiles/pico_numpad.dir/C_/Users/mmoran/opt/pico/pico-sdk/src/rp2_common/pico_double/double_init_rom_rp2040.c.obj
                0x200011d0                sd_table
 .bss.sf_table  0x200012d0      0x100 CMakeFiles/pico_numpad.dir/C_/Users/mmoran/opt/pico/pico-sdk/src/rp2_common/pico_float/float_init_rom_rp2040.c.obj
                0x200012d0                sf_table
 .bss           0x200013d0       0x1c c:/programdata/chocolatey/lib/gcc-arm-embedded/tools/gcc-arm-none-eabi-10.3-2021.10/bin/../lib/gcc/arm-none-eabi/10.3.1/thumb/v6-m/nofp/crtbegin.o
 .bss._app_driver
                0x200013ec        0x4 CMakeFiles/pico_numpad.dir/C_/Users/mmoran/opt/pico/pico-sdk/lib/tinyusb/src/device/usbd.c.obj
 .bss._ctrl_epbuf
                0x200013f0       0x40 CMakeFiles/pico_numpad.dir/C_/Users/mmoran/opt/pico/pico-sdk/lib/tinyusb/src/device/usbd_control.c.obj
 .bss._ctrl_xfer
                0x20001430       0x14 CMakeFiles/pico_numpad.dir/C_/Users/mmoran/opt/pico/pico-sdk/lib/tinyusb/src/device/usbd_control.c.obj
 .bss._desc_str
                0x20001444       0x40 CMakeFiles/pico_numpad.dir/src/usb_descriptors.c.obj
 .bss._hidd_epbuf
                0x20001484       0xc0 CMakeFiles/pico_numpad.dir/C_/Users/mmoran/opt/pico/pico-sdk/lib/tinyusb/src/class/hid/hid_device.c.obj
 .bss._hidd_itf
                0x20001544        0xc CMakeFiles/pico_numpad.dir/C_/Users/mmoran/opt/pico/pico-sdk/lib/tinyusb/src/class/hid/hid_device.c.obj
 .bss._tusb_rhport_role
                0x20001550        0x2 CMakeFiles/pico_numpad.dir/C_/Users/mmoran/opt/pico/pico-sdk/lib/tinyusb/src/tusb.c.obj
                0x20001550                _tusb_rhport_role
 *fill*         0x20001552        0x2 
 .bss._ubsd_mutexdef
                0x20001554        0x8 CMakeFiles/pico_numpad.dir/C_/Users/mmoran/opt/pico/pico-sdk/lib/tinyusb/src/device/usbd.c.obj
 .bss._usbd_dev
                0x2000155c       0x54 CMakeFiles/pico_numpad.dir/C_/Users/mmoran/opt/pico/pico-sdk/lib/tinyusb/src/device/usbd.c.obj
 .bss._usbd_mutex
                0x200015b0        0x4 CMakeFiles/pico_numpad.dir/C_/Users/mmoran/opt/pico/pico-sdk/lib/tinyusb/src/device/usbd.c.obj
 .bss._usbd_q   0x200015b4        0x4 CMakeFiles/pico_numpad.dir/C_/Users/mmoran/opt/pico/pico-sdk/lib/tinyusb/src/device/usbd.c.obj
 .bss._usbd_qdef_buf
                0x200015b8       0xc0 CMakeFiles/pico_numpad.dir/C_/Users/mmoran/opt/pico/pico-sdk/lib/tinyusb/src/device/usbd.c.obj
                0x200015b8                _usbd_qdef_buf
 .bss.boot2_copyout
                0x20001678      0x100 CMakeFiles/pico_numpad.dir/C_/Users/mmoran/opt/pico/pico-sdk/src/rp2_common/hardware_flash/flash.c.obj
 .bss.chars_available_callback
                0x20001778        0x4 CMakeFiles/pico_numpad.dir/C_/Users/mmoran/opt/pico/pico-sdk/src/rp2_common/pico_stdio_uart/stdio_uart.c.obj
 .bss.chars_available_param
                0x2000177c        0x4 CMakeFiles/pico_numpad.dir/C_/Users/mmoran/opt/pico/pico-sdk/src/rp2_common/pico_stdio_uart/stdio_uart.c.obj
 .bss.claimed   0x20001780        0x4 CMakeFiles/pico_numpad.dir/C_/Users/mmoran/opt/pico/pico-sdk/src/rp2_common/hardware_sync/sync.c.obj
 .bss.claimed   0x20001784        0x1 CMakeFiles/pico_numpad.dir/C_/Users/mmoran/opt/pico/pico-sdk/src/rp2_common/hardware_timer/timer.c.obj
 *fill*         0x20001785        0x3 
 .bss.configured_freq
                0x20001788       0x28 CMakeFiles/pico_numpad.dir/C_/Users/mmoran/opt/pico/pico-sdk/src/rp2_common/hardware_clocks/clocks.c.obj
 .bss.drivers   0x200017b0        0x4 CMakeFiles/pico_numpad.dir/C_/Users/mmoran/opt/pico/pico-sdk/src/rp2_common/pico_stdio/stdio.c.obj
 .bss.e15_last_sof
                0x200017b4        0x4 CMakeFiles/pico_numpad.dir/C_/Users/mmoran/opt/pico/pico-sdk/lib/tinyusb/src/portable/raspberrypi/rp2040/rp2040_usb.c.obj
                0x200017b4                e15_last_sof
 .bss.filter    0x200017b8        0x4 CMakeFiles/pico_numpad.dir/C_/Users/mmoran/opt/pico/pico-sdk/src/rp2_common/pico_stdio/stdio.c.obj
 .bss.hw_endpoints
                0x200017bc      0x400 CMakeFiles/pico_numpad.dir/C_/Users/mmoran/opt/pico/pico-sdk/lib/tinyusb/src/portable/raspberrypi/rp2040/dcd_rp2040.c.obj
 .bss.lazy_vsnprintf
                0x20001bbc        0x4 CMakeFiles/pico_numpad.dir/C_/Users/mmoran/opt/pico/pico-sdk/src/rp2_common/pico_printf/printf.c.obj
 .bss.next_buffer_ptr
                0x20001bc0        0x4 CMakeFiles/pico_numpad.dir/C_/Users/mmoran/opt/pico/pico-sdk/lib/tinyusb/src/portable/raspberrypi/rp2040/dcd_rp2040.c.obj
 .bss.pools     0x20001bc4       0x10 CMakeFiles/pico_numpad.dir/C_/Users/mmoran/opt/pico/pico-sdk/src/common/pico_time/time.c.obj
 .bss.retrieved_id
                0x20001bd4        0x8 CMakeFiles/pico_numpad.dir/C_/Users/mmoran/opt/pico/pico-sdk/src/rp2_common/pico_unique_id/unique_id.c.obj
 .bss.sf_clz_func
                0x20001bdc        0x4 CMakeFiles/pico_numpad.dir/C_/Users/mmoran/opt/pico/pico-sdk/src/rp2_common/pico_double/double_init_rom_rp2040.c.obj
                0x20001bdc                sf_clz_func
 .bss.sleep_notifier
                0x20001be0        0x4 CMakeFiles/pico_numpad.dir/C_/Users/mmoran/opt/pico/pico-sdk/src/common/pico_time/time.c.obj
 .bss.uart_char_to_line_feed
                0x20001be4        0x4 CMakeFiles/pico_numpad.dir/C_/Users/mmoran/opt/pico/pico-sdk/src/rp2_common/hardware_uart/uart.c.obj
                0x20001be4                uart_char_to_line_feed
 .bss.uart_inst
                0x20001be8        0x4 CMakeFiles/pico_numpad.dir/C_/Users/mmoran/opt/pico/pico-sdk/lib/tinyusb/hw/bsp/rp2040/family.c.obj
 .bss.uart_instance
                0x20001bec        0x4 CMakeFiles/pico_numpad.dir/C_/Users/mmoran/opt/pico/pico-sdk/src/rp2_common/pico_stdio_uart/stdio_uart.c.obj
 .bss._app_driver_count
                0x20001bf0        0x1 CMakeFiles/pico_numpad.dir/C_/Users/mmoran/opt/pico/pico-sdk/lib/tinyusb/src/device/usbd.c.obj
 .bss._sof_enable
                0x20001bf1        0x1 CMakeFiles/pico_numpad.dir/C_/Users/mmoran/opt/pico/pico-sdk/lib/tinyusb/src/portable/raspberrypi/rp2040/dcd_rp2040.c.obj
 .bss._usbd_queued_setup
                0x20001bf2        0x1 CMakeFiles/pico_numpad.dir/C_/Users/mmoran/opt/pico/pico-sdk/lib/tinyusb/src/device/usbd.c.obj
 .bss.boot2_copyout_valid
                0x20001bf3        0x1 CMakeFiles/pico_numpad.dir/C_/Users/mmoran/opt/pico/pico-sdk/src/rp2_common/hardware_flash/flash.c.obj
 .bss.irq_handler_chain_free_slot_head
                0x20001bf4        0x1 CMakeFiles/pico_numpad.dir/C_/Users/mmoran/opt/pico/pico-sdk/src/rp2_common/hardware_irq/irq.c.obj
 *(COMMON)
                0x20001bf8                . = ALIGN (0x4)
 *fill*         0x20001bf5        0x3 
                0x20001bf8                __bss_end__ = .

.heap           0x20001bf8      0x800 load address 0x10004bf0
                0x20001bf8                __end__ = .
                0x20001bf8                end = __end__
 *(.heap*)
 .heap          0x20001bf8      0x800 CMakeFiles/pico_numpad.dir/C_/Users/mmoran/opt/pico/pico-sdk/src/rp2_common/pico_crt0/crt0.S.obj
                0x20040000                __HeapLimit = (ORIGIN (RAM) + LENGTH (RAM))

.scratch_x      0x20040000        0x0 load address 0x10004bf0
                0x20040000                __scratch_x_start__ = .
 *(.scratch_x.*)
                0x20040000                . = ALIGN (0x4)
                0x20040000                __scratch_x_end__ = .
                0x10004bf0                __scratch_x_source__ = LOADADDR (.scratch_x)

.scratch_y      0x20041000        0x0 load address 0x10004bf0
                0x20041000                __scratch_y_start__ = .
 *(.scratch_y.*)
                0x20041000                . = ALIGN (0x4)
                0x20041000                __scratch_y_end__ = .
                0x10004bf0                __scratch_y_source__ = LOADADDR (.scratch_y)

.stack1_dummy   0x20040000        0x0
 *(.stack1*)

.stack_dummy    0x20041000      0x800
 *(.stack*)
 .stack         0x20041000      0x800 CMakeFiles/pico_numpad.dir/C_/Users/mmoran/opt/pico/pico-sdk/src/rp2_common/pico_crt0/crt0.S.obj

.flash_end      0x10004bf0        0x0
 *(.embedded_end_block*)
                0x10004bf0                PROVIDE (__flash_binary_end = .)
                0x20040000                __StackLimit = (ORIGIN (RAM) + LENGTH (RAM))
                0x20041000                __StackOneTop = (ORIGIN (SCRATCH_X) + LENGTH (SCRATCH_X))
                0x20042000                __StackTop = (ORIGIN (SCRATCH_Y) + LENGTH (SCRATCH_Y))
                0x20041000                __StackOneBottom = (__StackOneTop - SIZEOF (.stack1_dummy))
                0x20041800                __StackBottom = (__StackTop - SIZEOF (.stack_dummy))
                0x20042000                PROVIDE (__stack = __StackTop)
                [!provide]                PROVIDE (__heap_start = __end__)
                [!provide]                PROVIDE (__heap_end = __HeapLimit)
                [!provide]                PROVIDE (__tls_align = MAX (ALIGNOF (.tdata), ALIGNOF (.tbss)))
                [!provide]                PROVIDE (__tls_size_align = (((__tls_size + __tls_align) - 0x1) & ~ ((__tls_align - 0x1))))
                [!provide]                PROVIDE (__arm32_tls_tcb_offset = MAX (0x8, __tls_align))
                [!provide]                PROVIDE (_end = __end__)
                [!provide]                PROVIDE (__llvm_libc_heap_limit = __HeapLimit)
                0x00000001                ASSERT ((__StackLimit >= __HeapLimit), region RAM overflowed)
                0x00000001                ASSERT (((__binary_info_header_end - __logical_binary_start) <= 0x100), Binary info must be in first 256 bytes of the binary)
LOAD CMakeFiles/pico_numpad.dir/src/main.c.obj
LOAD CMakeFiles/pico_numpad.dir/src/usb_descriptors.c.obj
LOAD CMakeFiles/pico_numpad.dir/src/usb_callbacks.c.obj
LOAD CMakeFiles/pico_numpad.dir/C_/Users/mmoran/opt/pico/pico-sdk/src/rp2_common/pico_stdlib/stdlib.c.obj
LOAD CMakeFiles/pico_numpad.dir/C_/Users/mmoran/opt/pico/pico-sdk/src/rp2_common/hardware_gpio/gpio.c.obj
LOAD CMakeFiles/pico_numpad.dir/C_/Users/mmoran/opt/pico/pico-sdk/src/rp2040/pico_platform/platform.c.obj
LOAD CMakeFiles/pico_numpad.dir/C_/Users/mmoran/opt/pico/pico-sdk/src/rp2_common/pico_platform_panic/panic.c.obj
LOAD CMakeFiles/pico_numpad.dir/C_/Users/mmoran/opt/pico/pico-sdk/src/common/hardware_claim/claim.c.obj
LOAD CMakeFiles/pico_numpad.dir/C_/Users/mmoran/opt/pico/pico-sdk/src/rp2_common/hardware_sync/sync.c.obj
LOAD CMakeFiles/pico_numpad.dir/C_/Users/mmoran/opt/pico/pico-sdk/src/rp2_common/hardware_sync_spin_lock/sync_spin_lock.c.obj
LOAD CMakeFiles/pico_numpad.dir/C_/Users/mmoran/opt/pico/pico-sdk/src/rp2_common/hardware_irq/irq.c.obj
LOAD CMakeFiles/pico_numpad.dir/C_/Users/mmoran/opt/pico/pico-sdk/src/rp2_common/hardware_irq/irq_handler_chain.S.obj
LOAD CMakeFiles/pico_numpad.dir/C_/Users/mmoran/opt/pico/pico-sdk/src/common/pico_sync/sem.c.obj
LOAD CMakeFiles/pico_numpad.dir/C_/Users/mmoran/opt/pico/pico-sdk/src/common/pico_sync/lock_core.c.obj
LOAD CMakeFiles/pico_numpad.dir/C_/Users/mmoran/opt/pico/pico-sdk/src/common/pico_sync/mutex.c.obj
LOAD CMakeFiles/pico_numpad.dir/C_/Users/mmoran/opt/pico/pico-sdk/src/common/pico_sync/critical_section.c.obj
LOAD CMakeFiles/pico_numpad.dir/C_/Users/mmoran/opt/pico/pico-sdk/src/common/pico_time/time.c.obj
LOAD CMakeFiles/pico_numpad.dir/C_/Users/mmoran/opt/pico/pico-sdk/src/common/pico_time/timeout_helper.c.obj
LOAD CMakeFiles/pico_numpad.dir/C_/Users/mmoran/opt/pico/pico-sdk/src/rp2_common/hardware_timer/timer.c.obj
LOAD CMakeFiles/pico_numpad.dir/C_/Users/mmoran/opt/pico/pico-sdk/src/common/pico_util/datetime.c.obj
LOAD CMakeFiles/pico_numpad.dir/C_/Users/mmoran/opt/pico/pico-sdk/src/common/pico_util/pheap.c.obj
LOAD CMakeFiles/pico_numpad.dir/C_/Users/mmoran/opt/pico/pico-sdk/src/common/pico_util/queue.c.obj
LOAD CMakeFiles/pico_numpad.dir/C_/Users/mmoran/opt/pico/pico-sdk/src/rp2_common/hardware_uart/uart.c.obj
LOAD CMakeFiles/pico_numpad.dir/C_/Users/mmoran/opt/pico/pico-sdk/src/rp2_common/hardware_clocks/clocks.c.obj
LOAD CMakeFiles/pico_numpad.dir/C_/Users/mmoran/opt/pico/pico-sdk/src/rp2_common/hardware_pll/pll.c.obj
LOAD CMakeFiles/pico_numpad.dir/C_/Users/mmoran/opt/pico/pico-sdk/src/rp2_common/hardware_vreg/vreg.c.obj
LOAD CMakeFiles/pico_numpad.dir/C_/Users/mmoran/opt/pico/pico-sdk/src/rp2_common/hardware_watchdog/watchdog.c.obj
LOAD CMakeFiles/pico_numpad.dir/C_/Users/mmoran/opt/pico/pico-sdk/src/rp2_common/hardware_ticks/ticks.c.obj
LOAD CMakeFiles/pico_numpad.dir/C_/Users/mmoran/opt/pico/pico-sdk/src/rp2_common/pico_bootrom/bootrom.c.obj
LOAD CMakeFiles/pico_numpad.dir/C_/Users/mmoran/opt/pico/pico-sdk/src/rp2_common/pico_bootrom/bootrom_lock.c.obj
LOAD CMakeFiles/pico_numpad.dir/C_/Users/mmoran/opt/pico/pico-sdk/src/rp2_common/hardware_boot_lock/boot_lock.c.obj
LOAD CMakeFiles/pico_numpad.dir/C_/Users/mmoran/opt/pico/pico-sdk/src/rp2_common/pico_flash/flash.c.obj
LOAD CMakeFiles/pico_numpad.dir/C_/Users/mmoran/opt/pico/pico-sdk/src/rp2_common/hardware_xosc/xosc.c.obj
LOAD CMakeFiles/pico_numpad.dir/C_/Users/mmoran/opt/pico/pico-sdk/src/rp2_common/hardware_divider/divider.S.obj
LOAD CMakeFiles/pico_numpad.dir/C_/Users/mmoran/opt/pico/pico-sdk/src/rp2_common/pico_runtime/runtime.c.obj
LOAD CMakeFiles/pico_numpad.dir/C_/Users/mmoran/opt/pico/pico-sdk/src/rp2_common/pico_runtime_init/runtime_init.c.obj
LOAD CMakeFiles/pico_numpad.dir/C_/Users/mmoran/opt/pico/pico-sdk/src/rp2_common/pico_runtime_init/runtime_init_clocks.c.obj
LOAD CMakeFiles/pico_numpad.dir/C_/Users/mmoran/opt/pico/pico-sdk/src/rp2_common/pico_runtime_init/runtime_init_stack_guard.c.obj
LOAD CMakeFiles/pico_numpad.dir/C_/Users/mmoran/opt/pico/pico-sdk/src/rp2_common/pico_bit_ops/bit_ops_aeabi.S.obj
LOAD CMakeFiles/pico_numpad.dir/C_/Users/mmoran/opt/pico/pico-sdk/src/rp2_common/pico_divider/divider_hardware.S.obj
LOAD CMakeFiles/pico_numpad.dir/C_/Users/mmoran/opt/pico/pico-sdk/src/rp2_common/pico_double/double_aeabi_rp2040.S.obj
LOAD CMakeFiles/pico_numpad.dir/C_/Users/mmoran/opt/pico/pico-sdk/src/rp2_common/pico_double/double_init_rom_rp2040.c.obj
LOAD CMakeFiles/pico_numpad.dir/C_/Users/mmoran/opt/pico/pico-sdk/src/rp2_common/pico_double/double_math.c.obj
LOAD CMakeFiles/pico_numpad.dir/C_/Users/mmoran/opt/pico/pico-sdk/src/rp2_common/pico_double/double_v1_rom_shim_rp2040.S.obj
LOAD CMakeFiles/pico_numpad.dir/C_/Users/mmoran/opt/pico/pico-sdk/src/rp2_common/pico_int64_ops/pico_int64_ops_aeabi.S.obj
LOAD CMakeFiles/pico_numpad.dir/C_/Users/mmoran/opt/pico/pico-sdk/src/rp2_common/pico_float/float_aeabi_rp2040.S.obj
LOAD CMakeFiles/pico_numpad.dir/C_/Users/mmoran/opt/pico/pico-sdk/src/rp2_common/pico_float/float_init_rom_rp2040.c.obj
LOAD CMakeFiles/pico_numpad.dir/C_/Users/mmoran/opt/pico/pico-sdk/src/rp2_common/pico_float/float_math.c.obj
LOAD CMakeFiles/pico_numpad.dir/C_/Users/mmoran/opt/pico/pico-sdk/src/rp2_common/pico_float/float_v1_rom_shim_rp2040.S.obj
LOAD CMakeFiles/pico_numpad.dir/C_/Users/mmoran/opt/pico/pico-sdk/src/rp2_common/pico_malloc/malloc.c.obj
LOAD CMakeFiles/pico_numpad.dir/C_/Users/mmoran/opt/pico/pico-sdk/src/rp2_common/pico_mem_ops/mem_ops_aeabi.S.obj
LOAD CMakeFiles/pico_numpad.dir/C_/Users/mmoran/opt/pico/pico-sdk/src/rp2_common/pico_atomic/atomic.c.obj
LOAD CMakeFiles/pico_numpad.dir/C_/Users/mmoran/opt/pico/pico-sdk/src/rp2_common/pico_cxx_options/new_delete.cpp.obj
LOAD CMakeFiles/pico_numpad.dir/C_/Users/mmoran/opt/pico/pico-sdk/src/rp2_common/pico_standard_binary_info/standard_binary_info.c.obj
LOAD CMakeFiles/pico_numpad.dir/C_/Users/mmoran/opt/pico/pico-sdk/src/rp2_common/pico_printf/printf.c.obj
LOAD CMakeFiles/pico_numpad.dir/C_/Users/mmoran/opt/pico/pico-sdk/src/rp2_common/pico_crt0/crt0.S.obj
LOAD CMakeFiles/pico_numpad.dir/C_/Users/mmoran/opt/pico/pico-sdk/src/rp2_common/pico_clib_interface/newlib_interface.c.obj
LOAD CMakeFiles/pico_numpad.dir/C_/Users/mmoran/opt/pico/pico-sdk/src/rp2_common/pico_stdio/stdio.c.obj
LOAD CMakeFiles/pico_numpad.dir/C_/Users/mmoran/opt/pico/pico-sdk/src/rp2_common/pico_stdio_uart/stdio_uart.c.obj
LOAD CMakeFiles/pico_numpad.dir/C_/Users/mmoran/opt/pico/pico-sdk/lib/tinyusb/src/portable/raspberrypi/rp2040/dcd_rp2040.c.obj
LOAD CMakeFiles/pico_numpad.dir/C_/Users/mmoran/opt/pico/pico-sdk/lib/tinyusb/src/portable/raspberrypi/rp2040/rp2040_usb.c.obj
LOAD CMakeFiles/pico_numpad.dir/C_/Users/mmoran/opt/pico/pico-sdk/lib/tinyusb/src/device/usbd.c.obj
LOAD CMakeFiles/pico_numpad.dir/C_/Users/mmoran/opt/pico/pico-sdk/lib/tinyusb/src/device/usbd_control.c.obj
LOAD CMakeFiles/pico_numpad.dir/C_/Users/mmoran/opt/pico/pico-sdk/lib/tinyusb/src/class/audio/audio_device.c.obj
LOAD CMakeFiles/pico_numpad.dir/C_/Users/mmoran/opt/pico/pico-sdk/lib/tinyusb/src/class/cdc/cdc_device.c.obj
LOAD CMakeFiles/pico_numpad.dir/C_/Users/mmoran/opt/pico/pico-sdk/lib/tinyusb/src/class/dfu/dfu_device.c.obj
LOAD CMakeFiles/pico_numpad.dir/C_/Users/mmoran/opt/pico/pico-sdk/lib/tinyusb/src/class/dfu/dfu_rt_device.c.obj
LOAD CMakeFiles/pico_numpad.dir/C_/Users/mmoran/opt/pico/pico-sdk/lib/tinyusb/src/class/hid/hid_device.c.obj
LOAD CMakeFiles/pico_numpad.dir/C_/Users/mmoran/opt/pico/pico-sdk/lib/tinyusb/src/class/midi/midi_device.c.obj
LOAD CMakeFiles/pico_numpad.dir/C_/Users/mmoran/opt/pico/pico-sdk/lib/tinyusb/src/class/msc/msc_device.c.obj
LOAD CMakeFiles/pico_numpad.dir/C_/Users/mmoran/opt/pico/pico-sdk/lib/tinyusb/src/class/net/ecm_rndis_device.c.obj
LOAD CMakeFiles/pico_numpad.dir/C_/Users/mmoran/opt/pico/pico-sdk/lib/tinyusb/src/class/net/ncm_device.c.obj
LOAD CMakeFiles/pico_numpad.dir/C_/Users/mmoran/opt/pico/pico-sdk/lib/tinyusb/src/class/usbtmc/usbtmc_device.c.obj
LOAD CMakeFiles/pico_numpad.dir/C_/Users/mmoran/opt/pico/pico-sdk/lib/tinyusb/src/class/vendor/vendor_device.c.obj
LOAD CMakeFiles/pico_numpad.dir/C_/Users/mmoran/opt/pico/pico-sdk/lib/tinyusb/src/class/video/video_device.c.obj
LOAD CMakeFiles/pico_numpad.dir/C_/Users/mmoran/opt/pico/pico-sdk/lib/tinyusb/src/tusb.c.obj
LOAD CMakeFiles/pico_numpad.dir/C_/Users/mmoran/opt/pico/pico-sdk/lib/tinyusb/src/common/tusb_fifo.c.obj
LOAD CMakeFiles/pico_numpad.dir/C_/Users/mmoran/opt/pico/pico-sdk/src/rp2_common/pico_fix/rp2040_usb_device_enumeration/rp2040_usb_device_enumeration.c.obj
LOAD CMakeFiles/pico_numpad.dir/C_/Users/mmoran/opt/pico/pico-sdk/lib/tinyusb/hw/bsp/rp2040/family.c.obj
LOAD CMakeFiles/pico_numpad.dir/C_/Users/mmoran/opt/pico/pico-sdk/src/rp2_common/pico_unique_id/unique_id.c.obj
LOAD CMakeFiles/pico_numpad.dir/C_/Users/mmoran/opt/pico/pico-sdk/src/rp2_common/hardware_flash/flash.c.obj
LOAD CMakeFiles/pico_numpad.dir/C_/Users/mmoran/opt/pico/pico-sdk/src/rp2_common/hardware_xip_cache/xip_cache.c.obj
LOAD pico-sdk/src/rp2040/boot_stage2/CMakeFiles/bs2_default_library.dir/./bs2_default_padded_checksummed.S.obj
LOAD c:/programdata/chocolatey/lib/gcc-arm-embedded/tools/gcc-arm-none-eabi-10.3-2021.10/bin/../lib/gcc/arm-none-eabi/10.3.1/../../../../arm-none-eabi/lib/thumb/v6-m/nofp\libstdc++.a
LOAD c:/programdata/chocolatey/lib/gcc-arm-embedded/tools/gcc-arm-none-eabi-10.3-2021.10/bin/../lib/gcc/arm-none-eabi/10.3.1/../../../../arm-none-eabi/lib/thumb/v6-m/nofp\libm.a
START GROUP
LOAD c:/programdata/chocolatey/lib/gcc-arm-embedded/tools/gcc-arm-none-eabi-10.3-2021.10/bin/../lib/gcc/arm-none-eabi/10.3.1/thumb/v6-m/nofp\libgcc.a
LOAD c:/programdata/chocolatey/lib/gcc-arm-embedded/tools/gcc-arm-none-eabi-10.3-2021.10/bin/../lib/gcc/arm-none-eabi/10.3.1/../../../../arm-none-eabi/lib/thumb/v6-m/nofp\libg.a
LOAD c:/programdata/chocolatey/lib/gcc-arm-embedded/tools/gcc-arm-none-eabi-10.3-2021.10/bin/../lib/gcc/arm-none-eabi/10.3.1/../../../../arm-none-eabi/lib/thumb/v6-m/nofp\libc.a
END GROUP
START GROUP
LOAD c:/programdata/chocolatey/lib/gcc-arm-embedded/tools/gcc-arm-none-eabi-10.3-2021.10/bin/../lib/gcc/arm-none-eabi/10.3.1/thumb/v6-m/nofp\libgcc.a
LOAD c:/programdata/chocolatey/lib/gcc-arm-embedded/tools/gcc-arm-none-eabi-10.3-2021.10/bin/../lib/gcc/arm-none-eabi/10.3.1/../../../../arm-none-eabi/lib/thumb/v6-m/nofp\libc.a
LOAD c:/programdata/chocolatey/lib/gcc-arm-embedded/tools/gcc-arm-none-eabi-10.3-2021.10/bin/../lib/gcc/arm-none-eabi/10.3.1/../../../../arm-none-eabi/lib/thumb/v6-m/nofp\libnosys.a
END GROUP
LOAD c:/programdata/chocolatey/lib/gcc-arm-embedded/tools/gcc-arm-none-eabi-10.3-2021.10/bin/../lib/gcc/arm-none-eabi/10.3.1/thumb/v6-m/nofp/crtend.o
LOAD c:/programdata/chocolatey/lib/gcc-arm-embedded/tools/gcc-arm-none-eabi-10.3-2021.10/bin/../lib/gcc/arm-none-eabi/10.3.1/thumb/v6-m/nofp/crtn.o
OUTPUT(pico_numpad.elf elf32-littlearm)
LOAD linker stubs

.ARM.attributes
                0x00000000       0x28
 .ARM.attributes
                0x00000000       0x1e c:/programdata/chocolatey/lib/gcc-arm-embedded/tools/gcc-arm-none-eabi-10.3-2021.10/bin/../lib/gcc/arm-none-eabi/10.3.1/thumb/v6-m/nofp/crti.o
 .ARM.attributes
                0x0000001e       0x2c c:/programdata/chocolatey/lib/gcc-arm-embedded/tools/gcc-arm-none-eabi-10.3-2021.10/bin/../lib/gcc/arm-none-eabi/10.3.1/thumb/v6-m/nofp/crtbegin.o
 .ARM.attributes
                0x0000004a       0x2c CMakeFiles/pico_numpad.dir/src/main.c.obj
 .ARM.attributes
                0x00000076       0x2c CMakeFiles/pico_numpad.dir/src/usb_descriptors.c.obj
 .ARM.attributes
                0x000000a2       0x2c CMakeFiles/pico_numpad.dir/src/usb_callbacks.c.obj
 .ARM.attributes
                0x000000ce       0x2c CMakeFiles/pico_numpad.dir/C_/Users/mmoran/opt/pico/pico-sdk/src/rp2_common/hardware_gpio/gpio.c.obj
 .ARM.attributes
                0x000000fa       0x2c CMakeFiles/pico_numpad.dir/C_/Users/mmoran/opt/pico/pico-sdk/src/rp2040/pico_platform/platform.c.obj
 .ARM.attributes
                0x00000126       0x2c CMakeFiles/pico_numpad.dir/C_/Users/mmoran/opt/pico/pico-sdk/src/rp2_common/pico_platform_panic/panic.c.obj
 .ARM.attributes
                0x00000152       0x2c CMakeFiles/pico_numpad.dir/C_/Users/mmoran/opt/pico/pico-sdk/src/common/hardware_claim/claim.c.obj
 .ARM.attributes
                0x0000017e       0x2c CMakeFiles/pico_numpad.dir/C_/Users/mmoran/opt/pico/pico-sdk/src/rp2_common/hardware_sync/sync.c.obj
 .ARM.attributes
                0x000001aa       0x2c CMakeFiles/pico_numpad.dir/C_/Users/mmoran/opt/pico/pico-sdk/src/rp2_common/hardware_sync_spin_lock/sync_spin_lock.c.obj
 .ARM.attributes
                0x000001d6       0x2c CMakeFiles/pico_numpad.dir/C_/Users/mmoran/opt/pico/pico-sdk/src/rp2_common/hardware_irq/irq.c.obj
 .ARM.attributes
                0x00000202       0x22 CMakeFiles/pico_numpad.dir/C_/Users/mmoran/opt/pico/pico-sdk/src/rp2_common/hardware_irq/irq_handler_chain.S.obj
 .ARM.attributes
                0x00000224       0x2c CMakeFiles/pico_numpad.dir/C_/Users/mmoran/opt/pico/pico-sdk/src/common/pico_sync/lock_core.c.obj
 .ARM.attributes
                0x00000250       0x2c CMakeFiles/pico_numpad.dir/C_/Users/mmoran/opt/pico/pico-sdk/src/common/pico_sync/mutex.c.obj
 .ARM.attributes
                0x0000027c       0x2c CMakeFiles/pico_numpad.dir/C_/Users/mmoran/opt/pico/pico-sdk/src/common/pico_sync/critical_section.c.obj
 .ARM.attributes
                0x000002a8       0x2c CMakeFiles/pico_numpad.dir/C_/Users/mmoran/opt/pico/pico-sdk/src/common/pico_time/time.c.obj
 .ARM.attributes
                0x000002d4       0x2c CMakeFiles/pico_numpad.dir/C_/Users/mmoran/opt/pico/pico-sdk/src/rp2_common/hardware_timer/timer.c.obj
 .ARM.attributes
                0x00000300       0x2c CMakeFiles/pico_numpad.dir/C_/Users/mmoran/opt/pico/pico-sdk/src/rp2_common/hardware_uart/uart.c.obj
 .ARM.attributes
                0x0000032c       0x2c CMakeFiles/pico_numpad.dir/C_/Users/mmoran/opt/pico/pico-sdk/src/rp2_common/hardware_clocks/clocks.c.obj
 .ARM.attributes
                0x00000358       0x2c CMakeFiles/pico_numpad.dir/C_/Users/mmoran/opt/pico/pico-sdk/src/rp2_common/hardware_pll/pll.c.obj
 .ARM.attributes
                0x00000384       0x2c CMakeFiles/pico_numpad.dir/C_/Users/mmoran/opt/pico/pico-sdk/src/rp2_common/hardware_ticks/ticks.c.obj
 .ARM.attributes
                0x000003b0       0x2c CMakeFiles/pico_numpad.dir/C_/Users/mmoran/opt/pico/pico-sdk/src/rp2_common/pico_bootrom/bootrom.c.obj
 .ARM.attributes
                0x000003dc       0x2c CMakeFiles/pico_numpad.dir/C_/Users/mmoran/opt/pico/pico-sdk/src/rp2_common/hardware_xosc/xosc.c.obj
 .ARM.attributes
                0x00000408       0x2c CMakeFiles/pico_numpad.dir/C_/Users/mmoran/opt/pico/pico-sdk/src/rp2_common/pico_runtime/runtime.c.obj
 .ARM.attributes
                0x00000434       0x2c CMakeFiles/pico_numpad.dir/C_/Users/mmoran/opt/pico/pico-sdk/src/rp2_common/pico_runtime_init/runtime_init.c.obj
 .ARM.attributes
                0x00000460       0x2c CMakeFiles/pico_numpad.dir/C_/Users/mmoran/opt/pico/pico-sdk/src/rp2_common/pico_runtime_init/runtime_init_clocks.c.obj
 .ARM.attributes
                0x0000048c       0x22 CMakeFiles/pico_numpad.dir/C_/Users/mmoran/opt/pico/pico-sdk/src/rp2_common/pico_bit_ops/bit_ops_aeabi.S.obj
 .ARM.attributes
                0x000004ae       0x22 CMakeFiles/pico_numpad.dir/C_/Users/mmoran/opt/pico/pico-sdk/src/rp2_common/pico_divider/divider_hardware.S.obj
 .ARM.attributes
                0x000004d0       0x22 CMakeFiles/pico_numpad.dir/C_/Users/mmoran/opt/pico/pico-sdk/src/rp2_common/pico_double/double_aeabi_rp2040.S.obj
 .ARM.attributes
                0x000004f2       0x2c CMakeFiles/pico_numpad.dir/C_/Users/mmoran/opt/pico/pico-sdk/src/rp2_common/pico_double/double_init_rom_rp2040.c.obj
 .ARM.attributes
                0x0000051e       0x22 CMakeFiles/pico_numpad.dir/C_/Users/mmoran/opt/pico/pico-sdk/src/rp2_common/pico_double/double_v1_rom_shim_rp2040.S.obj
 .ARM.attributes
                0x00000540       0x22 CMakeFiles/pico_numpad.dir/C_/Users/mmoran/opt/pico/pico-sdk/src/rp2_common/pico_int64_ops/pico_int64_ops_aeabi.S.obj
 .ARM.attributes
                0x00000562       0x22 CMakeFiles/pico_numpad.dir/C_/Users/mmoran/opt/pico/pico-sdk/src/rp2_common/pico_float/float_aeabi_rp2040.S.obj
 .ARM.attributes
                0x00000584       0x2c CMakeFiles/pico_numpad.dir/C_/Users/mmoran/opt/pico/pico-sdk/src/rp2_common/pico_float/float_init_rom_rp2040.c.obj
 .ARM.attributes
                0x000005b0       0x22 CMakeFiles/pico_numpad.dir/C_/Users/mmoran/opt/pico/pico-sdk/src/rp2_common/pico_float/float_v1_rom_shim_rp2040.S.obj
 .ARM.attributes
                0x000005d2       0x22 CMakeFiles/pico_numpad.dir/C_/Users/mmoran/opt/pico/pico-sdk/src/rp2_common/pico_mem_ops/mem_ops_aeabi.S.obj
 .ARM.attributes
                0x000005f4       0x2c CMakeFiles/pico_numpad.dir/C_/Users/mmoran/opt/pico/pico-sdk/src/rp2_common/pico_standard_binary_info/standard_binary_info.c.obj
 .ARM.attributes
                0x00000620       0x2c CMakeFiles/pico_numpad.dir/C_/Users/mmoran/opt/pico/pico-sdk/src/rp2_common/pico_printf/printf.c.obj
 .ARM.attributes
                0x0000064c       0x22 CMakeFiles/pico_numpad.dir/C_/Users/mmoran/opt/pico/pico-sdk/src/rp2_common/pico_crt0/crt0.S.obj
 .ARM.attributes
                0x0000066e       0x2c CMakeFiles/pico_numpad.dir/C_/Users/mmoran/opt/pico/pico-sdk/src/rp2_common/pico_clib_interface/newlib_interface.c.obj
 .ARM.attributes
                0x0000069a       0x2c CMakeFiles/pico_numpad.dir/C_/Users/mmoran/opt/pico/pico-sdk/src/rp2_common/pico_stdio/stdio.c.obj
 .ARM.attributes
                0x000006c6       0x2c CMakeFiles/pico_numpad.dir/C_/Users/mmoran/opt/pico/pico-sdk/src/rp2_common/pico_stdio_uart/stdio_uart.c.obj
 .ARM.attributes
                0x000006f2       0x2c CMakeFiles/pico_numpad.dir/C_/Users/mmoran/opt/pico/pico-sdk/lib/tinyusb/src/portable/raspberrypi/rp2040/dcd_rp2040.c.obj
 .ARM.attributes
                0x0000071e       0x2c CMakeFiles/pico_numpad.dir/C_/Users/mmoran/opt/pico/pico-sdk/lib/tinyusb/src/portable/raspberrypi/rp2040/rp2040_usb.c.obj
 .ARM.attributes
                0x0000074a       0x2c CMakeFiles/pico_numpad.dir/C_/Users/mmoran/opt/pico/pico-sdk/lib/tinyusb/src/device/usbd.c.obj
 .ARM.attributes
                0x00000776       0x2c CMakeFiles/pico_numpad.dir/C_/Users/mmoran/opt/pico/pico-sdk/lib/tinyusb/src/device/usbd_control.c.obj
 .ARM.attributes
                0x000007a2       0x2c CMakeFiles/pico_numpad.dir/C_/Users/mmoran/opt/pico/pico-sdk/lib/tinyusb/src/class/hid/hid_device.c.obj
 .ARM.attributes
                0x000007ce       0x2c CMakeFiles/pico_numpad.dir/C_/Users/mmoran/opt/pico/pico-sdk/lib/tinyusb/src/tusb.c.obj
 .ARM.attributes
                0x000007fa       0x2c CMakeFiles/pico_numpad.dir/C_/Users/mmoran/opt/pico/pico-sdk/lib/tinyusb/src/common/tusb_fifo.c.obj
 .ARM.attributes
                0x00000826       0x2c CMakeFiles/pico_numpad.dir/C_/Users/mmoran/opt/pico/pico-sdk/lib/tinyusb/hw/bsp/rp2040/family.c.obj
 .ARM.attributes
                0x00000852       0x2c CMakeFiles/pico_numpad.dir/C_/Users/mmoran/opt/pico/pico-sdk/src/rp2_common/pico_unique_id/unique_id.c.obj
 .ARM.attributes
                0x0000087e       0x2c CMakeFiles/pico_numpad.dir/C_/Users/mmoran/opt/pico/pico-sdk/src/rp2_common/hardware_flash/flash.c.obj
 .ARM.attributes
                0x000008aa       0x22 pico-sdk/src/rp2040/boot_stage2/CMakeFiles/bs2_default_library.dir/./bs2_default_padded_checksummed.S.obj
 .ARM.attributes
                0x000008cc       0x1e c:/programdata/chocolatey/lib/gcc-arm-embedded/tools/gcc-arm-none-eabi-10.3-2021.10/bin/../lib/gcc/arm-none-eabi/10.3.1/thumb/v6-m/nofp\libgcc.a(_dvmd_tls.o)
 .ARM.attributes
                0x000008ea       0x2c c:/programdata/chocolatey/lib/gcc-arm-embedded/tools/gcc-arm-none-eabi-10.3-2021.10/bin/../lib/gcc/arm-none-eabi/10.3.1/../../../../arm-none-eabi/lib/thumb/v6-m/nofp\libg.a(lib_a-strlen-stub.o)

.comment        0x00000000       0x49
 .comment       0x00000000       0x49 CMakeFiles/pico_numpad.dir/src/main.c.obj
                                 0x4a (size before relaxing)
 .comment       0x00000049       0x4a CMakeFiles/pico_numpad.dir/src/usb_descriptors.c.obj
 .comment       0x00000049       0x4a CMakeFiles/pico_numpad.dir/src/usb_callbacks.c.obj
 .comment       0x00000049       0x4a CMakeFiles/pico_numpad.dir/C_/Users/mmoran/opt/pico/pico-sdk/src/rp2_common/hardware_gpio/gpio.c.obj
 .comment       0x00000049       0x4a CMakeFiles/pico_numpad.dir/C_/Users/mmoran/opt/pico/pico-sdk/src/rp2040/pico_platform/platform.c.obj
 .comment       0x00000049       0x4a CMakeFiles/pico_numpad.dir/C_/Users/mmoran/opt/pico/pico-sdk/src/rp2_common/pico_platform_panic/panic.c.obj
 .comment       0x00000049       0x4a CMakeFiles/pico_numpad.dir/C_/Users/mmoran/opt/pico/pico-sdk/src/common/hardware_claim/claim.c.obj
 .comment       0x00000049       0x4a CMakeFiles/pico_numpad.dir/C_/Users/mmoran/opt/pico/pico-sdk/src/rp2_common/hardware_sync/sync.c.obj
 .comment       0x00000049       0x4a CMakeFiles/pico_numpad.dir/C_/Users/mmoran/opt/pico/pico-sdk/src/rp2_common/hardware_sync_spin_lock/sync_spin_lock.c.obj
 .comment       0x00000049       0x4a CMakeFiles/pico_numpad.dir/C_/Users/mmoran/opt/pico/pico-sdk/src/rp2_common/hardware_irq/irq.c.obj
 .comment       0x00000049       0x4a CMakeFiles/pico_numpad.dir/C_/Users/mmoran/opt/pico/pico-sdk/src/common/pico_sync/lock_core.c.obj
 .comment       0x00000049       0x4a CMakeFiles/pico_numpad.dir/C_/Users/mmoran/opt/pico/pico-sdk/src/common/pico_sync/mutex.c.obj
 .comment       0x00000049       0x4a CMakeFiles/pico_numpad.dir/C_/Users/mmoran/opt/pico/pico-sdk/src/common/pico_sync/critical_section.c.obj
 .comment       0x00000049       0x4a CMakeFiles/pico_numpad.dir/C_/Users/mmoran/opt/pico/pico-sdk/src/common/pico_time/time.c.obj
 .comment       0x00000049       0x4a CMakeFiles/pico_numpad.dir/C_/Users/mmoran/opt/pico/pico-sdk/src/rp2_common/hardware_timer/timer.c.obj
 .comment       0x00000049       0x4a CMakeFiles/pico_numpad.dir/C_/Users/mmoran/opt/pico/pico-sdk/src/rp2_common/hardware_uart/uart.c.obj
 .comment       0x00000049       0x4a CMakeFiles/pico_numpad.dir/C_/Users/mmoran/opt/pico/pico-sdk/src/rp2_common/hardware_clocks/clocks.c.obj
 .comment       0x00000049       0x4a CMakeFiles/pico_numpad.dir/C_/Users/mmoran/opt/pico/pico-sdk/src/rp2_common/hardware_pll/pll.c.obj
 .comment       0x00000049       0x4a CMakeFiles/pico_numpad.dir/C_/Users/mmoran/opt/pico/pico-sdk/src/rp2_common/hardware_ticks/ticks.c.obj
 .comment       0x00000049       0x4a CMakeFiles/pico_numpad.dir/C_/Users/mmoran/opt/pico/pico-sdk/src/rp2_common/pico_bootrom/bootrom.c.obj
 .comment       0x00000049       0x4a CMakeFiles/pico_numpad.dir/C_/Users/mmoran/opt/pico/pico-sdk/src/rp2_common/hardware_xosc/xosc.c.obj
 .comment       0x00000049       0x4a CMakeFiles/pico_numpad.dir/C_/Users/mmoran/opt/pico/pico-sdk/src/rp2_common/pico_runtime/runtime.c.obj
 .comment       0x00000049       0x4a CMakeFiles/pico_numpad.dir/C_/Users/mmoran/opt/pico/pico-sdk/src/rp2_common/pico_runtime_init/runtime_init.c.obj
 .comment       0x00000049       0x4a CMakeFiles/pico_numpad.dir/C_/Users/mmoran/opt/pico/pico-sdk/src/rp2_common/pico_runtime_init/runtime_init_clocks.c.obj
 .comment       0x00000049       0x4a CMakeFiles/pico_numpad.dir/C_/Users/mmoran/opt/pico/pico-sdk/src/rp2_common/pico_double/double_init_rom_rp2040.c.obj
 .comment       0x00000049       0x4a CMakeFiles/pico_numpad.dir/C_/Users/mmoran/opt/pico/pico-sdk/src/rp2_common/pico_float/float_init_rom_rp2040.c.obj
 .comment       0x00000049       0x4a CMakeFiles/pico_numpad.dir/C_/Users/mmoran/opt/pico/pico-sdk/src/rp2_common/pico_standard_binary_info/standard_binary_info.c.obj
 .comment       0x00000049       0x4a CMakeFiles/pico_numpad.dir/C_/Users/mmoran/opt/pico/pico-sdk/src/rp2_common/pico_printf/printf.c.obj
 .comment       0x00000049       0x4a CMakeFiles/pico_numpad.dir/C_/Users/mmoran/opt/pico/pico-sdk/src/rp2_common/pico_clib_interface/newlib_interface.c.obj
 .comment       0x00000049       0x4a CMakeFiles/pico_numpad.dir/C_/Users/mmoran/opt/pico/pico-sdk/src/rp2_common/pico_stdio/stdio.c.obj
 .comment       0x00000049       0x4a CMakeFiles/pico_numpad.dir/C_/Users/mmoran/opt/pico/pico-sdk/src/rp2_common/pico_stdio_uart/stdio_uart.c.obj
 .comment       0x00000049       0x4a CMakeFiles/pico_numpad.dir/C_/Users/mmoran/opt/pico/pico-sdk/lib/tinyusb/src/portable/raspberrypi/rp2040/dcd_rp2040.c.obj
 .comment       0x00000049       0x4a CMakeFiles/pico_numpad.dir/C_/Users/mmoran/opt/pico/pico-sdk/lib/tinyusb/src/portable/raspberrypi/rp2040/rp2040_usb.c.obj
 .comment       0x00000049       0x4a CMakeFiles/pico_numpad.dir/C_/Users/mmoran/opt/pico/pico-sdk/lib/tinyusb/src/device/usbd.c.obj
 .comment       0x00000049       0x4a CMakeFiles/pico_numpad.dir/C_/Users/mmoran/opt/pico/pico-sdk/lib/tinyusb/src/device/usbd_control.c.obj
 .comment       0x00000049       0x4a CMakeFiles/pico_numpad.dir/C_/Users/mmoran/opt/pico/pico-sdk/lib/tinyusb/src/class/hid/hid_device.c.obj