Archive member included to satisfy reference by file (symbol)

c:/programdata/chocolatey/lib/gcc-arm-embedded/tools/gcc-arm-none-eabi-10.3-2021.10/bin/../lib/gcc/arm-none-eabi/10.3.1/thumb/v6-m/nofp\libgcc.a(_dvmd_tls.o)
                              CMakeFiles/helloUSB.dir/C_/Users/mmoran/opt/pico/pico-sdk/src/rp2_common/pico_divider/divider_hardware.S.obj (__aeabi_idiv0)
c:/programdata/chocolatey/lib/gcc-arm-embedded/tools/gcc-arm-none-eabi-10.3-2021.10/bin/../lib/gcc/arm-none-eabi/10.3.1/../../../../arm-none-eabi/lib/thumb/v6-m/nofp\libg.a(lib_a-calloc.o)
                              CMakeFiles/helloUSB.dir/C_/Users/mmoran/opt/pico/pico-sdk/src/rp2_common/pico_malloc/malloc.c.obj (calloc)
c:/programdata/chocolatey/lib/gcc-arm-embedded/tools/gcc-arm-none-eabi-10.3-2021.10/bin/../lib/gcc/arm-none-eabi/10.3.1/../../../../arm-none-eabi/lib/thumb/v6-m/nofp\libg.a(lib_a-callocr.o)
                              c:/programdata/chocolatey/lib/gcc-arm-embedded/tools/gcc-arm-none-eabi-10.3-2021.10/bin/../lib/gcc/arm-none-eabi/10.3.1/../../../../arm-none-eabi/lib/thumb/v6-m/nofp\libg.a(lib_a-calloc.o) (_calloc_r)
c:/programdata/chocolatey/lib/gcc-arm-embedded/tools/gcc-arm-none-eabi-10.3-2021.10/bin/../lib/gcc/arm-none-eabi/10.3.1/../../../../arm-none-eabi/lib/thumb/v6-m/nofp\libg.a(lib_a-errno.o)
                              c:/programdata/chocolatey/lib/gcc-arm-embedded/tools/gcc-arm-none-eabi-10.3-2021.10/bin/../lib/gcc/arm-none-eabi/10.3.1/../../../../arm-none-eabi/lib/thumb/v6-m/nofp\libg.a(lib_a-callocr.o) (__errno)
c:/programdata/chocolatey/lib/gcc-arm-embedded/tools/gcc-arm-none-eabi-10.3-2021.10/bin/../lib/gcc/arm-none-eabi/10.3.1/../../../../arm-none-eabi/lib/thumb/v6-m/nofp\libg.a(lib_a-impure.o)
                              c:/programdata/chocolatey/lib/gcc-arm-embedded/tools/gcc-arm-none-eabi-10.3-2021.10/bin/../lib/gcc/arm-none-eabi/10.3.1/../../../../arm-none-eabi/lib/thumb/v6-m/nofp\libg.a(lib_a-calloc.o) (_impure_ptr)
c:/programdata/chocolatey/lib/gcc-arm-embedded/tools/gcc-arm-none-eabi-10.3-2021.10/bin/../lib/gcc/arm-none-eabi/10.3.1/../../../../arm-none-eabi/lib/thumb/v6-m/nofp\libg.a(lib_a-init.o)
                              c:/programdata/chocolatey/lib/gcc-arm-embedded/tools/gcc-arm-none-eabi-10.3-2021.10/bin/../lib/gcc/arm-none-eabi/10.3.1/../../../../arm-none-eabi/lib/thumb/v6-m/nofp/crt0.o (__libc_init_array)
c:/programdata/chocolatey/lib/gcc-arm-embedded/tools/gcc-arm-none-eabi-10.3-2021.10/bin/../lib/gcc/arm-none-eabi/10.3.1/../../../../arm-none-eabi/lib/thumb/v6-m/nofp\libg.a(lib_a-lcltime_r.o)
                              CMakeFiles/helloUSB.dir/C_/Users/mmoran/opt/pico/pico-sdk/src/common/pico_util/datetime.c.obj (localtime_r)
c:/programdata/chocolatey/lib/gcc-arm-embedded/tools/gcc-arm-none-eabi-10.3-2021.10/bin/../lib/gcc/arm-none-eabi/10.3.1/../../../../arm-none-eabi/lib/thumb/v6-m/nofp\libg.a(lib_a-malloc.o)
                              CMakeFiles/helloUSB.dir/C_/Users/mmoran/opt/pico/pico-sdk/src/rp2_common/pico_malloc/malloc.c.obj (malloc)
c:/programdata/chocolatey/lib/gcc-arm-embedded/tools/gcc-arm-none-eabi-10.3-2021.10/bin/../lib/gcc/arm-none-eabi/10.3.1/../../../../arm-none-eabi/lib/thumb/v6-m/nofp\libg.a(lib_a-mallocr.o)
                              c:/programdata/chocolatey/lib/gcc-arm-embedded/tools/gcc-arm-none-eabi-10.3-2021.10/bin/../lib/gcc/arm-none-eabi/10.3.1/../../../../arm-none-eabi/lib/thumb/v6-m/nofp\libg.a(lib_a-callocr.o) (_malloc_r)
c:/programdata/chocolatey/lib/gcc-arm-embedded/tools/gcc-arm-none-eabi-10.3-2021.10/bin/../lib/gcc/arm-none-eabi/10.3.1/../../../../arm-none-eabi/lib/thumb/v6-m/nofp\libg.a(lib_a-memcmp.o)
                              CMakeFiles/helloUSB.dir/C_/Users/mmoran/opt/pico/pico-sdk/src/rp2_common/pico_atomic/atomic.c.obj (memcmp)
c:/programdata/chocolatey/lib/gcc-arm-embedded/tools/gcc-arm-none-eabi-10.3-2021.10/bin/../lib/gcc/arm-none-eabi/10.3.1/../../../../arm-none-eabi/lib/thumb/v6-m/nofp\libg.a(lib_a-mktime.o)
                              CMakeFiles/helloUSB.dir/C_/Users/mmoran/opt/pico/pico-sdk/src/common/pico_util/datetime.c.obj (mktime)
c:/programdata/chocolatey/lib/gcc-arm-embedded/tools/gcc-arm-none-eabi-10.3-2021.10/bin/../lib/gcc/arm-none-eabi/10.3.1/../../../../arm-none-eabi/lib/thumb/v6-m/nofp\libg.a(lib_a-mlock.o)
                              c:/programdata/chocolatey/lib/gcc-arm-embedded/tools/gcc-arm-none-eabi-10.3-2021.10/bin/../lib/gcc/arm-none-eabi/10.3.1/../../../../arm-none-eabi/lib/thumb/v6-m/nofp\libg.a(lib_a-mallocr.o) (__malloc_lock)
c:/programdata/chocolatey/lib/gcc-arm-embedded/tools/gcc-arm-none-eabi-10.3-2021.10/bin/../lib/gcc/arm-none-eabi/10.3.1/../../../../arm-none-eabi/lib/thumb/v6-m/nofp\libg.a(lib_a-month_lengths.o)
                              c:/programdata/chocolatey/lib/gcc-arm-embedded/tools/gcc-arm-none-eabi-10.3-2021.10/bin/../lib/gcc/arm-none-eabi/10.3.1/../../../../arm-none-eabi/lib/thumb/v6-m/nofp\libg.a(lib_a-lcltime_r.o) (__month_lengths)
[...]
Memory Configuration

Name             Origin             Length             Attributes
FLASH            0x10000000         0x00200000         xr
RAM              0x20000000         0x00040000         xrw
SCRATCH_X        0x20040000         0x00001000         xrw
SCRATCH_Y        0x20041000         0x00001000         xrw
*default*        0x00000000         0xffffffff

Linker script and memory map

LOAD c:/programdata/chocolatey/lib/gcc-arm-embedded/tools/gcc-arm-none-eabi-10.3-2021.10/bin/../lib/gcc/arm-none-eabi/10.3.1/thumb/v6-m/nofp/crti.o
LOAD c:/programdata/chocolatey/lib/gcc-arm-embedded/tools/gcc-arm-none-eabi-10.3-2021.10/bin/../lib/gcc/arm-none-eabi/10.3.1/thumb/v6-m/nofp/crtbegin.o
LOAD c:/programdata/chocolatey/lib/gcc-arm-embedded/tools/gcc-arm-none-eabi-10.3-2021.10/bin/../lib/gcc/arm-none-eabi/10.3.1/../../../../arm-none-eabi/lib/thumb/v6-m/nofp/crt0.o

.flash_begin    0x10000000        0x0
                0x10000000                __flash_binary_start = .

.boot2          0x10000000      0x100
                0x10000000                __boot2_start__ = .
 *(.boot2)
 .boot2         0x10000000      0x100 pico-sdk/src/rp2040/boot_stage2/CMakeFiles/bs2_default_library.dir/./bs2_default_padded_checksummed.S.obj
                0x10000100                __boot2_end__ = .
                0x00000001                ASSERT (((__boot2_end__ - __boot2_start__) == 0x100), ERROR: Pico second stage bootloader must be 256 bytes in size)

.text           0x10000100     0x3004
                0x10000100                __logical_binary_start = .
 *(.vectors)
 .vectors       0x10000100       0xd4 CMakeFiles/helloUSB.dir/C_/Users/mmoran/opt/pico/pico-sdk/src/rp2_common/pico_crt0/crt0.S.obj
                0x10000100                __VECTOR_TABLE
                0x10000100                __vectors
                0x100001c0                isr_invalid
                0x100001c0                __default_isrs_start
                0x100001c2                isr_nmi
                0x100001c4                isr_hardfault
                0x100001c6                isr_svcall
                0x100001c8                isr_pendsv
                0x100001ca                isr_systick
                0x100001cc                isr_irq23
                0x100001cc                isr_irq18
                0x100001cc                isr_irq11
                0x100001cc                isr_irq28
                0x100001cc                isr_irq19
                0x100001cc                isr_irq0
                0x100001cc                isr_irq6
                0x100001cc                isr_irq5
                0x100001cc                isr_irq12
                0x100001cc                isr_irq22
                0x100001cc                isr_irq31
                0x100001cc                isr_irq17
                0x100001cc                isr_irq27
                0x100001cc                isr_irq30
                0x100001cc                isr_irq2
                0x100001cc                isr_irq10
                0x100001cc                isr_irq8
                0x100001cc                isr_irq24
                0x100001cc                isr_irq1
                0x100001cc                isr_irq7
                0x100001cc                isr_irq21
                0x100001cc                isr_irq20
                0x100001cc                isr_irq15
                0x100001cc                isr_irq25
                0x100001cc                isr_irq13
                0x100001cc                __unhandled_user_irq
                0x100001cc                isr_irq4
                0x100001cc                isr_irq16
                0x100001cc                isr_irq29
                0x100001cc                isr_irq26
                0x100001cc                __default_isrs_end
                0x100001cc                isr_irq3
                0x100001cc                isr_irq14
                0x100001cc                isr_irq9
                0x100001d2                unhandled_user_irq_num_in_r0
 *(.binary_info_header)
 .binary_info_header
                0x100001d4       0x14 CMakeFiles/helloUSB.dir/C_/Users/mmoran/opt/pico/pico-sdk/src/rp2_common/pico_crt0/crt0.S.obj
                0x100001e8                __binary_info_header_end = .
 *(.embedded_block)
                0x100001e8                __embedded_block_end = .
 *(.reset)
 .reset         0x100001e8       0x9c CMakeFiles/helloUSB.dir/C_/Users/mmoran/opt/pico/pico-sdk/src/rp2_common/pico_crt0/crt0.S.obj
                0x100001e8                _entry_point
 *(.init)
 .init          0x10000284        0x4 c:/programdata/chocolatey/lib/gcc-arm-embedded/tools/gcc-arm-none-eabi-10.3-2021.10/bin/../lib/gcc/arm-none-eabi/10.3.1/thumb/v6-m/nofp/crti.o
                0x10000284                _init
 *(EXCLUDE_FILE(*libm.a: *libc.a:*lib_a-mem*.o *libgcc.a:) .text*)
 .text          0x10000288       0x48 c:/programdata/chocolatey/lib/gcc-arm-embedded/tools/gcc-arm-none-eabi-10.3-2021.10/bin/../lib/gcc/arm-none-eabi/10.3.1/thumb/v6-m/nofp/crtbegin.o
 .text.startup.main
                0x100002d0       0xdc CMakeFiles/helloUSB.dir/src/helloUSB.c.obj
                0x100002d0                main
 .text.tud_hid_descriptor_report_cb
                0x100003ac        0x8 CMakeFiles/helloUSB.dir/src/helloUSB.c.obj
                0x100003ac                tud_hid_descriptor_report_cb
 .text.tud_hid_get_report_cb
                0x100003b4        0x4 CMakeFiles/helloUSB.dir/src/helloUSB.c.obj
                0x100003b4                tud_hid_get_report_cb
 .text.tud_hid_set_report_cb
                0x100003b8        0x4 CMakeFiles/helloUSB.dir/src/helloUSB.c.obj
                0x100003b8                tud_hid_set_report_cb
 .text.gpio_init
                0x100003bc       0x40 CMakeFiles/helloUSB.dir/C_/Users/mmoran/opt/pico/pico-sdk/src/rp2_common/hardware_gpio/gpio.c.obj
                0x100003bc                gpio_init
 .text.rp2040_chip_version
                0x100003fc        0xc CMakeFiles/helloUSB.dir/C_/Users/mmoran/opt/pico/pico-sdk/src/rp2040/pico_platform/platform.c.obj
                0x100003fc                rp2040_chip_version
 .text.panic    0x10000408       0x30 CMakeFiles/helloUSB.dir/C_/Users/mmoran/opt/pico/pico-sdk/src/rp2_common/pico_platform_panic/panic.c.obj
                0x10000408                panic
 .text.hw_claim_or_assert
                0x10000438       0x44 CMakeFiles/helloUSB.dir/C_/Users/mmoran/opt/pico/pico-sdk/src/common/hardware_claim/claim.c.obj
                0x10000438                hw_claim_or_assert
 .text.hw_claim_unused_from_range
                0x1000047c       0x9c CMakeFiles/helloUSB.dir/C_/Users/mmoran/opt/pico/pico-sdk/src/common/hardware_claim/claim.c.obj
                0x1000047c                hw_claim_unused_from_range
 .text.next_striped_spin_lock_num
                0x10000518       0x18 CMakeFiles/helloUSB.dir/C_/Users/mmoran/opt/pico/pico-sdk/src/rp2_common/hardware_sync/sync.c.obj
                0x10000518                next_striped_spin_lock_num
 .text.spin_lock_claim_unused
                0x10000530       0x20 CMakeFiles/helloUSB.dir/C_/Users/mmoran/opt/pico/pico-sdk/src/rp2_common/hardware_sync/sync.c.obj
                0x10000530                spin_lock_claim_unused
 .text.spin_locks_reset
                0x10000550       0x1c CMakeFiles/helloUSB.dir/C_/Users/mmoran/opt/pico/pico-sdk/src/rp2_common/hardware_sync_spin_lock/sync_spin_lock.c.obj
                0x10000550                spin_locks_reset
 .text.runtime_init_per_core_irq_priorities
                0x1000056c       0x24 CMakeFiles/helloUSB.dir/C_/Users/mmoran/opt/pico/pico-sdk/src/rp2_common/hardware_irq/irq.c.obj
                0x1000056c                runtime_init_per_core_irq_priorities
 .text.irq_set_enabled
                0x10000590       0x24 CMakeFiles/helloUSB.dir/C_/Users/mmoran/opt/pico/pico-sdk/src/rp2_common/hardware_irq/irq.c.obj
                0x10000590                irq_set_enabled
 .text.irq_set_exclusive_handler
                0x100005b4       0x54 CMakeFiles/helloUSB.dir/C_/Users/mmoran/opt/pico/pico-sdk/src/rp2_common/hardware_irq/irq.c.obj
                0x100005b4                irq_set_exclusive_handler
 .text.irq_add_shared_handler
                0x10000608      0x1e8 CMakeFiles/helloUSB.dir/C_/Users/mmoran/opt/pico/pico-sdk/src/rp2_common/hardware_irq/irq.c.obj
                0x10000608                irq_add_shared_handler
 .text.irq_add_tail_to_free_list
                0x100007f0       0xb4 CMakeFiles/helloUSB.dir/C_/Users/mmoran/opt/pico/pico-sdk/src/rp2_common/hardware_irq/irq.c.obj
                0x100007f0                irq_add_tail_to_free_list
 .text.lock_init
                0x100008a4       0x10 CMakeFiles/helloUSB.dir/C_/Users/mmoran/opt/pico/pico-sdk/src/common/pico_sync/lock_core.c.obj
                0x100008a4                lock_init
 .text.runtime_init_mutex
                0x100008b4       0x58 CMakeFiles/helloUSB.dir/C_/Users/mmoran/opt/pico/pico-sdk/src/common/pico_sync/mutex.c.obj
                0x100008b4                runtime_init_mutex
 .text.mutex_init
                0x1000090c       0x1c CMakeFiles/helloUSB.dir/C_/Users/mmoran/opt/pico/pico-sdk/src/common/pico_sync/mutex.c.obj
                0x1000090c                mutex_init
 .text.critical_section_init
                0x10000928       0x20 CMakeFiles/helloUSB.dir/C_/Users/mmoran/opt/pico/pico-sdk/src/common/pico_sync/critical_section.c.obj
                0x10000928                critical_section_init
 .text.sleep_until_callback
                0x10000948       0x30 CMakeFiles/helloUSB.dir/C_/Users/mmoran/opt/pico/pico-sdk/src/common/pico_time/time.c.obj
 .text.alarm_pool_irq_handler
                0x10000978      0x308 CMakeFiles/helloUSB.dir/C_/Users/mmoran/opt/pico/pico-sdk/src/common/pico_time/time.c.obj
 .text.runtime_init_default_alarm_pool
                0x10000c80       0xdc CMakeFiles/helloUSB.dir/C_/Users/mmoran/opt/pico/pico-sdk/src/common/pico_time/time.c.obj
                0x10000c80                runtime_init_default_alarm_pool
 .text.alarm_pool_add_alarm_at_force_in_context
                0x10000d5c       0xb0 CMakeFiles/helloUSB.dir/C_/Users/mmoran/opt/pico/pico-sdk/src/common/pico_time/time.c.obj
                0x10000d5c                alarm_pool_add_alarm_at_force_in_context
 .text.alarm_pool_cancel_alarm
                0x10000e0c       0x7c CMakeFiles/helloUSB.dir/C_/Users/mmoran/opt/pico/pico-sdk/src/common/pico_time/time.c.obj
                0x10000e0c                alarm_pool_cancel_alarm
 .text.best_effort_wfe_or_timeout
                0x10000e88       0xfc CMakeFiles/helloUSB.dir/C_/Users/mmoran/opt/pico/pico-sdk/src/common/pico_time/time.c.obj
                0x10000e88                best_effort_wfe_or_timeout
 .text.timer_hardware_alarm_claim
                0x10000f84       0x14 CMakeFiles/helloUSB.dir/C_/Users/mmoran/opt/pico/pico-sdk/src/rp2_common/hardware_timer/timer.c.obj
                0x10000f84                timer_hardware_alarm_claim
 .text.timer_time_us_64
                0x10000f98       0x10 CMakeFiles/helloUSB.dir/C_/Users/mmoran/opt/pico/pico-sdk/src/rp2_common/hardware_timer/timer.c.obj
                0x10000f98                timer_time_us_64
 .text.time_us_64
                0x10000fa8       0x14 CMakeFiles/helloUSB.dir/C_/Users/mmoran/opt/pico/pico-sdk/src/rp2_common/hardware_timer/timer.c.obj
                0x10000fa8                time_us_64
 .text.clock_configure_int_divider
                0x10000fbc       0xf4 CMakeFiles/helloUSB.dir/C_/Users/mmoran/opt/pico/pico-sdk/src/rp2_common/hardware_clocks/clocks.c.obj
                0x10000fbc                clock_configure_int_divider
 .text.clock_configure_undivided
                0x100010b0       0xe8 CMakeFiles/helloUSB.dir/C_/Users/mmoran/opt/pico/pico-sdk/src/rp2_common/hardware_clocks/clocks.c.obj
                0x100010b0                clock_configure_undivided
 .text.clock_get_hz
                0x10001198        0xc CMakeFiles/helloUSB.dir/C_/Users/mmoran/opt/pico/pico-sdk/src/rp2_common/hardware_clocks/clocks.c.obj
                0x10001198                clock_get_hz
 .text.pll_init
                0x100011a4       0xa0 CMakeFiles/helloUSB.dir/C_/Users/mmoran/opt/pico/pico-sdk/src/rp2_common/hardware_pll/pll.c.obj
                0x100011a4                pll_init
 .text.tick_start
                0x10001244       0x10 CMakeFiles/helloUSB.dir/C_/Users/mmoran/opt/pico/pico-sdk/src/rp2_common/hardware_ticks/ticks.c.obj
                0x10001244                tick_start
 .text.rom_func_lookup
                0x10001254       0x10 CMakeFiles/helloUSB.dir/C_/Users/mmoran/opt/pico/pico-sdk/src/rp2_common/pico_bootrom/bootrom.c.obj
                0x10001254                rom_func_lookup
 .text.rom_data_lookup
                0x10001264       0x10 CMakeFiles/helloUSB.dir/C_/Users/mmoran/opt/pico/pico-sdk/src/rp2_common/pico_bootrom/bootrom.c.obj
                0x10001264                rom_data_lookup
 .text.rom_funcs_lookup
                0x10001274       0x44 CMakeFiles/helloUSB.dir/C_/Users/mmoran/opt/pico/pico-sdk/src/rp2_common/pico_bootrom/bootrom.c.obj
                0x10001274                rom_funcs_lookup
 .text.xosc_init
                0x100012b8       0x28 CMakeFiles/helloUSB.dir/C_/Users/mmoran/opt/pico/pico-sdk/src/rp2_common/hardware_xosc/xosc.c.obj
                0x100012b8                xosc_init
 .text.first_per_core_initializer
                0x100012e0        0x4 CMakeFiles/helloUSB.dir/C_/Users/mmoran/opt/pico/pico-sdk/src/rp2_common/pico_runtime/runtime.c.obj
 .text.hard_assertion_failure
                0x100012e4        0xc CMakeFiles/helloUSB.dir/C_/Users/mmoran/opt/pico/pico-sdk/src/rp2_common/pico_runtime/runtime.c.obj
                0x100012e4                hard_assertion_failure
 .text.runtime_run_initializers
                0x100012f0       0x28 CMakeFiles/helloUSB.dir/C_/Users/mmoran/opt/pico/pico-sdk/src/rp2_common/pico_runtime/runtime.c.obj
                0x100012f0                runtime_run_initializers
 .text.runtime_init_early_resets
                0x10001318       0x2c CMakeFiles/helloUSB.dir/C_/Users/mmoran/opt/pico/pico-sdk/src/rp2_common/pico_runtime_init/runtime_init.c.obj
                0x10001318                runtime_init_early_resets
 .text.runtime_init_usb_power_down
                0x10001344       0x1c CMakeFiles/helloUSB.dir/C_/Users/mmoran/opt/pico/pico-sdk/src/rp2_common/pico_runtime_init/runtime_init.c.obj
                0x10001344                runtime_init_usb_power_down
 .text.runtime_init_post_clock_resets
                0x10001360       0x20 CMakeFiles/helloUSB.dir/C_/Users/mmoran/opt/pico/pico-sdk/src/rp2_common/pico_runtime_init/runtime_init.c.obj
                0x10001360                runtime_init_post_clock_resets
 .text.runtime_init_rp2040_gpio_ie_disable
                0x10001380       0x14 CMakeFiles/helloUSB.dir/C_/Users/mmoran/opt/pico/pico-sdk/src/rp2_common/pico_runtime_init/runtime_init.c.obj
                0x10001380                runtime_init_rp2040_gpio_ie_disable
 .text.runtime_init_spin_locks_reset
                0x10001394        0x8 CMakeFiles/helloUSB.dir/C_/Users/mmoran/opt/pico/pico-sdk/src/rp2_common/pico_runtime_init/runtime_init.c.obj
                0x10001394                runtime_init_spin_locks_reset
 .text.runtime_init_install_ram_vector_table
                0x1000139c       0x1c CMakeFiles/helloUSB.dir/C_/Users/mmoran/opt/pico/pico-sdk/src/rp2_common/pico_runtime_init/runtime_init.c.obj
                0x1000139c                runtime_init_install_ram_vector_table
 .text.runtime_init_clocks
                0x100013b8       0xd8 CMakeFiles/helloUSB.dir/C_/Users/mmoran/opt/pico/pico-sdk/src/rp2_common/pico_runtime_init/runtime_init_clocks.c.obj
                0x100013b8                runtime_init_clocks
 .text          0x10001490       0x10 CMakeFiles/helloUSB.dir/C_/Users/mmoran/opt/pico/pico-sdk/src/rp2_common/pico_bit_ops/bit_ops_aeabi.S.obj
 .text.__wrap___aeabi_uidiv
                0x100014a0       0x4c CMakeFiles/helloUSB.dir/C_/Users/mmoran/opt/pico/pico-sdk/src/rp2_common/pico_divider/divider_hardware.S.obj
                0x100014a0                __wrap___aeabi_uidiv
                0x100014a0                __wrap___aeabi_uidivmod
                0x100014a0                div_u32u32
                0x100014a0                divmod_u32u32
                0x100014a8                divmod_u32u32_unsafe
                0x100014d0                divmod_u32u32_savestate
 .text.__aeabi_double_init
                0x100014ec       0xa0 CMakeFiles/helloUSB.dir/C_/Users/mmoran/opt/pico/pico-sdk/src/rp2_common/pico_double/double_init_rom_rp2040.c.obj
                0x100014ec                __aeabi_double_init
 .text.double_table_shim_on_use_helper
                0x1000158c       0x2c CMakeFiles/helloUSB.dir/C_/Users/mmoran/opt/pico/pico-sdk/src/rp2_common/pico_double/double_v1_rom_shim_rp2040.S.obj
                0x1000158c                double_table_shim_on_use_helper
 .text.__aeabi_lmul
                0x100015b8       0x32 CMakeFiles/helloUSB.dir/C_/Users/mmoran/opt/pico/pico-sdk/src/rp2_common/pico_int64_ops/pico_int64_ops_aeabi.S.obj
                0x100015b8                __wrap___aeabi_lmul
 *fill*         0x100015ea        0x2 
 .text.__aeabi_float_init
                0x100015ec       0x64 CMakeFiles/helloUSB.dir/C_/Users/mmoran/opt/pico/pico-sdk/src/rp2_common/pico_float/float_init_rom_rp2040.c.obj
                0x100015ec                __aeabi_float_init
 .text.float_table_shim_on_use_helper
                0x10001650       0x2c CMakeFiles/helloUSB.dir/C_/Users/mmoran/opt/pico/pico-sdk/src/rp2_common/pico_float/float_v1_rom_shim_rp2040.S.obj
                0x10001650                float_table_shim_on_use_helper
 .text          0x1000167c       0x10 CMakeFiles/helloUSB.dir/C_/Users/mmoran/opt/pico/pico-sdk/src/rp2_common/pico_mem_ops/mem_ops_aeabi.S.obj
                0x1000167c                __aeabi_mem_init
 .text.memset   0x1000168c        0xc CMakeFiles/helloUSB.dir/C_/Users/mmoran/opt/pico/pico-sdk/src/rp2_common/pico_mem_ops/mem_ops_aeabi.S.obj
                0x1000168c                __wrap_memset
 .text.memcpy   0x10001698        0xc CMakeFiles/helloUSB.dir/C_/Users/mmoran/opt/pico/pico-sdk/src/rp2_common/pico_mem_ops/mem_ops_aeabi.S.obj
                0x10001698                __wrap_memcpy
                0x10001698                __wrap___aeabi_memcpy
 .text._out_char
                0x100016a4       0x10 CMakeFiles/helloUSB.dir/C_/Users/mmoran/opt/pico/pico-sdk/src/rp2_common/pico_printf/printf.c.obj
 .text.weak_raw_vprintf
                0x100016b4       0x30 CMakeFiles/helloUSB.dir/C_/Users/mmoran/opt/pico/pico-sdk/src/rp2_common/pico_printf/printf.c.obj
                0x100016b4                weak_raw_vprintf
 .text._exit    0x100016e4        0x4 CMakeFiles/helloUSB.dir/C_/Users/mmoran/opt/pico/pico-sdk/src/rp2_common/pico_clib_interface/newlib_interface.c.obj
                0x100016e4                _exit
 .text.exit     0x100016e8        0x8 CMakeFiles/helloUSB.dir/C_/Users/mmoran/opt/pico/pico-sdk/src/rp2_common/pico_clib_interface/newlib_interface.c.obj
                0x100016e8                exit
 .text.runtime_init
                0x100016f0       0x2c CMakeFiles/helloUSB.dir/C_/Users/mmoran/opt/pico/pico-sdk/src/rp2_common/pico_clib_interface/newlib_interface.c.obj
                0x100016f0                runtime_init
 .text.stdio_out_chars_no_crlf
                0x1000171c       0x10 CMakeFiles/helloUSB.dir/C_/Users/mmoran/opt/pico/pico-sdk/src/rp2_common/pico_stdio/stdio.c.obj
 .text.stdio_out_chars_crlf
                0x1000172c       0xb4 CMakeFiles/helloUSB.dir/C_/Users/mmoran/opt/pico/pico-sdk/src/rp2_common/pico_stdio/stdio.c.obj
 .text.stdio_put_string
                0x100017e0      0x100 CMakeFiles/helloUSB.dir/C_/Users/mmoran/opt/pico/pico-sdk/src/rp2_common/pico_stdio/stdio.c.obj
                0x100017e0                stdio_put_string
 .text.__wrap_putchar
                0x100018e0       0x98 CMakeFiles/helloUSB.dir/C_/Users/mmoran/opt/pico/pico-sdk/src/rp2_common/pico_stdio/stdio.c.obj
                0x100018e0                __wrap_putchar
                0x100018e0                stdio_putchar
 .text.__wrap_puts
                0x10001978       0x3c CMakeFiles/helloUSB.dir/C_/Users/mmoran/opt/pico/pico-sdk/src/rp2_common/pico_stdio/stdio.c.obj
                0x10001978                stdio_puts
                0x10001978                __wrap_puts
 .text.dcd_init
                0x100019b4       0x90 CMakeFiles/helloUSB.dir/C_/Users/mmoran/opt/pico/pico-sdk/lib/tinyusb/src/portable/raspberrypi/rp2040/dcd_rp2040.c.obj
                0x100019b4                dcd_init
 .text.dcd_int_enable
                0x10001a44        0xc CMakeFiles/helloUSB.dir/C_/Users/mmoran/opt/pico/pico-sdk/lib/tinyusb/src/portable/raspberrypi/rp2040/dcd_rp2040.c.obj
                0x10001a44                dcd_int_enable
 .text.dcd_set_address
                0x10001a50       0x14 CMakeFiles/helloUSB.dir/C_/Users/mmoran/opt/pico/pico-sdk/lib/tinyusb/src/portable/raspberrypi/rp2040/dcd_rp2040.c.obj
                0x10001a50                dcd_set_address
 .text.dcd_sof_enable
                0x10001a64       0x1c CMakeFiles/helloUSB.dir/C_/Users/mmoran/opt/pico/pico-sdk/lib/tinyusb/src/portable/raspberrypi/rp2040/dcd_rp2040.c.obj
                0x10001a64                dcd_sof_enable
 .text.dcd_edpt0_status_complete
                0x10001a80       0x1c CMakeFiles/helloUSB.dir/C_/Users/mmoran/opt/pico/pico-sdk/lib/tinyusb/src/portable/raspberrypi/rp2040/dcd_rp2040.c.obj
                0x10001a80                dcd_edpt0_status_complete
 .text.dcd_edpt_open
                0x10001a9c      0x114 CMakeFiles/helloUSB.dir/C_/Users/mmoran/opt/pico/pico-sdk/lib/tinyusb/src/portable/raspberrypi/rp2040/dcd_rp2040.c.obj
                0x10001a9c                dcd_edpt_open
 .text.dcd_edpt_close_all
                0x10001bb0        0x8 CMakeFiles/helloUSB.dir/C_/Users/mmoran/opt/pico/pico-sdk/lib/tinyusb/src/portable/raspberrypi/rp2040/dcd_rp2040.c.obj
                0x10001bb0                dcd_edpt_close_all
 .text.dcd_edpt_xfer
                0x10001bb8       0x24 CMakeFiles/helloUSB.dir/C_/Users/mmoran/opt/pico/pico-sdk/lib/tinyusb/src/portable/raspberrypi/rp2040/dcd_rp2040.c.obj
                0x10001bb8                dcd_edpt_xfer
 .text.dcd_edpt_stall
                0x10001bdc       0x38 CMakeFiles/helloUSB.dir/C_/Users/mmoran/opt/pico/pico-sdk/lib/tinyusb/src/portable/raspberrypi/rp2040/dcd_rp2040.c.obj
                0x10001bdc                dcd_edpt_stall
 .text.dcd_edpt_clear_stall
                0x10001c14       0x30 CMakeFiles/helloUSB.dir/C_/Users/mmoran/opt/pico/pico-sdk/lib/tinyusb/src/portable/raspberrypi/rp2040/dcd_rp2040.c.obj
                0x10001c14                dcd_edpt_clear_stall
 .text.rp2040_usb_init
                0x10001c44       0x40 CMakeFiles/helloUSB.dir/C_/Users/mmoran/opt/pico/pico-sdk/lib/tinyusb/src/portable/raspberrypi/rp2040/rp2040_usb.c.obj
                0x10001c44                rp2040_usb_init
 .text.hw_endpoint_xfer_start
                0x10001c84       0x50 CMakeFiles/helloUSB.dir/C_/Users/mmoran/opt/pico/pico-sdk/lib/tinyusb/src/portable/raspberrypi/rp2040/rp2040_usb.c.obj
                0x10001c84                hw_endpoint_xfer_start
 .text.tud_vendor_control_xfer_cb
                0x10001cd4        0x4 CMakeFiles/helloUSB.dir/C_/Users/mmoran/opt/pico/pico-sdk/lib/tinyusb/src/device/usbd.c.obj
                0x10001cd4                tud_vendor_control_xfer_cb
 .text.tud_event_hook_cb
                0x10001cd8        0x4 CMakeFiles/helloUSB.dir/C_/Users/mmoran/opt/pico/pico-sdk/lib/tinyusb/src/device/usbd.c.obj
                0x10001cd8                tud_event_hook_cb
 .text.tud_sof_cb
                0x10001cdc        0x4 CMakeFiles/helloUSB.dir/C_/Users/mmoran/opt/pico/pico-sdk/lib/tinyusb/src/device/usbd.c.obj
                0x10001cdc                tud_sof_cb
 .text.tud_descriptor_bos_cb
                0x10001ce0        0x4 CMakeFiles/helloUSB.dir/C_/Users/mmoran/opt/pico/pico-sdk/lib/tinyusb/src/device/usbd.c.obj
                0x10001ce0                tud_descriptor_bos_cb
 .text.tud_descriptor_device_qualifier_cb
                0x10001ce4        0x4 CMakeFiles/helloUSB.dir/C_/Users/mmoran/opt/pico/pico-sdk/lib/tinyusb/src/device/usbd.c.obj
                0x10001ce4                tud_descriptor_device_qualifier_cb
 .text.tud_descriptor_other_speed_configuration_cb
                0x10001ce8        0x4 CMakeFiles/helloUSB.dir/C_/Users/mmoran/opt/pico/pico-sdk/lib/tinyusb/src/device/usbd.c.obj
                0x10001ce8                tud_descriptor_other_speed_configuration_cb
 .text.tud_mount_cb
                0x10001cec        0x4 CMakeFiles/helloUSB.dir/C_/Users/mmoran/opt/pico/pico-sdk/lib/tinyusb/src/device/usbd.c.obj
                0x10001cec                tud_mount_cb
 .text.tud_umount_cb
                0x10001cf0        0x4 CMakeFiles/helloUSB.dir/C_/Users/mmoran/opt/pico/pico-sdk/lib/tinyusb/src/device/usbd.c.obj
                0x10001cf0                tud_umount_cb
 .text.tud_suspend_cb
                0x10001cf4        0x4 CMakeFiles/helloUSB.dir/C_/Users/mmoran/opt/pico/pico-sdk/lib/tinyusb/src/device/usbd.c.obj
                0x10001cf4                tud_suspend_cb
 .text.tud_resume_cb
                0x10001cf8        0x4 CMakeFiles/helloUSB.dir/C_/Users/mmoran/opt/pico/pico-sdk/lib/tinyusb/src/device/usbd.c.obj
                0x10001cf8                tud_resume_cb
 .text.tud_mounted
                0x10001cfc       0x10 CMakeFiles/helloUSB.dir/C_/Users/mmoran/opt/pico/pico-sdk/lib/tinyusb/src/device/usbd.c.obj
                0x10001cfc                tud_mounted
 .text.tud_suspended
                0x10001d0c       0x10 CMakeFiles/helloUSB.dir/C_/Users/mmoran/opt/pico/pico-sdk/lib/tinyusb/src/device/usbd.c.obj
                0x10001d0c                tud_suspended
 .text.tud_rhport_init
                0x10001d1c       0xf0 CMakeFiles/helloUSB.dir/C_/Users/mmoran/opt/pico/pico-sdk/lib/tinyusb/src/device/usbd.c.obj
                0x10001d1c                tud_rhport_init
 .text.tud_task_ext
                0x10001e0c      0x7a4 CMakeFiles/helloUSB.dir/C_/Users/mmoran/opt/pico/pico-sdk/lib/tinyusb/src/device/usbd.c.obj
                0x10001e0c                tud_task_ext
 .text.usbd_open_edpt_pair
                0x100025b0       0x9c CMakeFiles/helloUSB.dir/C_/Users/mmoran/opt/pico/pico-sdk/lib/tinyusb/src/device/usbd.c.obj
                0x100025b0                usbd_open_edpt_pair
 .text.usbd_edpt_claim
                0x1000264c       0x28 CMakeFiles/helloUSB.dir/C_/Users/mmoran/opt/pico/pico-sdk/lib/tinyusb/src/device/usbd.c.obj
                0x1000264c                usbd_edpt_claim
 .text.usbd_edpt_xfer
                0x10002674       0x4c CMakeFiles/helloUSB.dir/C_/Users/mmoran/opt/pico/pico-sdk/lib/tinyusb/src/device/usbd.c.obj
                0x10002674                usbd_edpt_xfer
 .text.usbd_edpt_busy
                0x100026c0       0x1c CMakeFiles/helloUSB.dir/C_/Users/mmoran/opt/pico/pico-sdk/lib/tinyusb/src/device/usbd.c.obj
                0x100026c0                usbd_edpt_busy
 .text.tud_control_status
                0x100026dc       0x30 CMakeFiles/helloUSB.dir/C_/Users/mmoran/opt/pico/pico-sdk/lib/tinyusb/src/device/usbd_control.c.obj
                0x100026dc                tud_control_status
 .text.tud_control_xfer
                0x1000270c       0xbc CMakeFiles/helloUSB.dir/C_/Users/mmoran/opt/pico/pico-sdk/lib/tinyusb/src/device/usbd_control.c.obj
                0x1000270c                tud_control_xfer
 .text.usbd_control_reset
                0x100027c8       0x14 CMakeFiles/helloUSB.dir/C_/Users/mmoran/opt/pico/pico-sdk/lib/tinyusb/src/device/usbd_control.c.obj
                0x100027c8                usbd_control_reset
 .text.usbd_control_set_complete_callback
                0x100027dc        0xc CMakeFiles/helloUSB.dir/C_/Users/mmoran/opt/pico/pico-sdk/lib/tinyusb/src/device/usbd_control.c.obj
                0x100027dc                usbd_control_set_complete_callback
 .text.usbd_control_set_request
                0x100027e8       0x1c CMakeFiles/helloUSB.dir/C_/Users/mmoran/opt/pico/pico-sdk/lib/tinyusb/src/device/usbd_control.c.obj
                0x100027e8                usbd_control_set_request
 .text.usbd_control_xfer_cb
                0x10002804       0xf0 CMakeFiles/helloUSB.dir/C_/Users/mmoran/opt/pico/pico-sdk/lib/tinyusb/src/device/usbd_control.c.obj
                0x10002804                usbd_control_xfer_cb
 .text.tud_hid_set_protocol_cb
                0x100028f4        0x4 CMakeFiles/helloUSB.dir/C_/Users/mmoran/opt/pico/pico-sdk/lib/tinyusb/src/class/hid/hid_device.c.obj
                0x100028f4                tud_hid_set_protocol_cb
 .text.tud_hid_set_idle_cb
                0x100028f8        0x4 CMakeFiles/helloUSB.dir/C_/Users/mmoran/opt/pico/pico-sdk/lib/tinyusb/src/class/hid/hid_device.c.obj
                0x100028f8                tud_hid_set_idle_cb
 .text.tud_hid_report_complete_cb
                0x100028fc        0x4 CMakeFiles/helloUSB.dir/C_/Users/mmoran/opt/pico/pico-sdk/lib/tinyusb/src/class/hid/hid_device.c.obj
                0x100028fc                tud_hid_report_complete_cb
 .text.tud_hid_report_failed_cb
                0x10002900        0x4 CMakeFiles/helloUSB.dir/C_/Users/mmoran/opt/pico/pico-sdk/lib/tinyusb/src/class/hid/hid_device.c.obj
                0x10002900                tud_hid_report_failed_cb
 .text.tud_hid_n_ready
                0x10002904       0x3c CMakeFiles/helloUSB.dir/C_/Users/mmoran/opt/pico/pico-sdk/lib/tinyusb/src/class/hid/hid_device.c.obj
                0x10002904                tud_hid_n_ready
 .text.tud_hid_n_keyboard_report
                0x10002940       0x7c CMakeFiles/helloUSB.dir/C_/Users/mmoran/opt/pico/pico-sdk/lib/tinyusb/src/class/hid/hid_device.c.obj
                0x10002940                tud_hid_n_keyboard_report
 .text.hidd_init
                0x100029bc       0x14 CMakeFiles/helloUSB.dir/C_/Users/mmoran/opt/pico/pico-sdk/lib/tinyusb/src/class/hid/hid_device.c.obj
                0x100029bc                hidd_init
 .text.hidd_deinit
                0x100029d0        0x4 CMakeFiles/helloUSB.dir/C_/Users/mmoran/opt/pico/pico-sdk/lib/tinyusb/src/class/hid/hid_device.c.obj
                0x100029d0                hidd_deinit
 .text.hidd_reset
                0x100029d4       0x14 CMakeFiles/helloUSB.dir/C_/Users/mmoran/opt/pico/pico-sdk/lib/tinyusb/src/class/hid/hid_device.c.obj
                0x100029d4                hidd_reset
 .text.hidd_open
                0x100029e8       0x8c CMakeFiles/helloUSB.dir/C_/Users/mmoran/opt/pico/pico-sdk/lib/tinyusb/src/class/hid/hid_device.c.obj
                0x100029e8                hidd_open
 .text.hidd_control_xfer_cb
                0x10002a74      0x1a8 CMakeFiles/helloUSB.dir/C_/Users/mmoran/opt/pico/pico-sdk/lib/tinyusb/src/class/hid/hid_device.c.obj
                0x10002a74                hidd_control_xfer_cb
 .text.hidd_xfer_cb
                0x10002c1c       0x80 CMakeFiles/helloUSB.dir/C_/Users/mmoran/opt/pico/pico-sdk/lib/tinyusb/src/class/hid/hid_device.c.obj
                0x10002c1c                hidd_xfer_cb
 .text.tusb_rhport_init
                0x10002c9c       0x48 CMakeFiles/helloUSB.dir/C_/Users/mmoran/opt/pico/pico-sdk/lib/tinyusb/src/tusb.c.obj
                0x10002c9c                tusb_rhport_init
 .text.tu_edpt_claim
                0x10002ce4       0x50 CMakeFiles/helloUSB.dir/C_/Users/mmoran/opt/pico/pico-sdk/lib/tinyusb/src/tusb.c.obj
                0x10002ce4                tu_edpt_claim
 .text.tu_edpt_validate
                0x10002d34       0x78 CMakeFiles/helloUSB.dir/C_/Users/mmoran/opt/pico/pico-sdk/lib/tinyusb/src/tusb.c.obj
                0x10002d34                tu_edpt_validate
 .text.tu_edpt_bind_driver
                0x10002dac       0x34 CMakeFiles/helloUSB.dir/C_/Users/mmoran/opt/pico/pico-sdk/lib/tinyusb/src/tusb.c.obj
                0x10002dac                tu_edpt_bind_driver
 .text.tu_fifo_read
                0x10002de0       0xa0 CMakeFiles/helloUSB.dir/C_/Users/mmoran/opt/pico/pico-sdk/lib/tinyusb/src/common/tusb_fifo.c.obj
                0x10002de0                tu_fifo_read
 .text.tu_fifo_write
                0x10002e80       0x88 CMakeFiles/helloUSB.dir/C_/Users/mmoran/opt/pico/pico-sdk/lib/tinyusb/src/common/tusb_fifo.c.obj
                0x10002e80                tu_fifo_write
 .text.tu_fifo_clear
                0x10002f08       0x40 CMakeFiles/helloUSB.dir/C_/Users/mmoran/opt/pico/pico-sdk/lib/tinyusb/src/common/tusb_fifo.c.obj
                0x10002f08                tu_fifo_clear
 .text.board_init
                0x10002f48       0x14 CMakeFiles/helloUSB.dir/C_/Users/mmoran/opt/pico/pico-sdk/lib/tinyusb/hw/bsp/rp2040/family.c.obj
                0x10002f48                board_init
 .text.startup._retrieve_unique_id_on_boot
                0x10002f5c       0x10 CMakeFiles/helloUSB.dir/C_/Users/mmoran/opt/pico/pico-sdk/src/rp2_common/pico_unique_id/unique_id.c.obj
 .text.flash_get_unique_id
                0x10002f6c       0x40 CMakeFiles/helloUSB.dir/C_/Users/mmoran/opt/pico/pico-sdk/src/rp2_common/hardware_flash/flash.c.obj
                0x10002f6c                flash_get_unique_id
 .text.strlen   0x10002fac       0x5c c:/programdata/chocolatey/lib/gcc-arm-embedded/tools/gcc-arm-none-eabi-10.3-2021.10/bin/../lib/gcc/arm-none-eabi/10.3.1/../../../../arm-none-eabi/lib/thumb/v6-m/nofp\libg.a(lib_a-strlen-stub.o)
                0x10002fac                strlen
 *(.fini)
 .fini          0x10003008        0x4 c:/programdata/chocolatey/lib/gcc-arm-embedded/tools/gcc-arm-none-eabi-10.3-2021.10/bin/../lib/gcc/arm-none-eabi/10.3.1/thumb/v6-m/nofp/crti.o
                0x10003008                _fini
 *fill*         0x1000300c        0x4 
 .fini.__stub   0x10003010       0xb0 linker stubs
 *crtbegin.o(.ctors)
 *crtbegin?.o(.ctors)
 *(EXCLUDE_FILE(*crtend.o *crtend?.o) .ctors)
 *(SORT_BY_NAME(.ctors.*))
 *(.ctors)
 *crtbegin.o(.dtors)
 *crtbegin?.o(.dtors)
 *(EXCLUDE_FILE(*crtend.o *crtend?.o) .dtors)
 *(SORT_BY_NAME(.dtors.*))
 *(.dtors)
                0x100030c0                . = ALIGN (0x4)
                0x100030c0                PROVIDE (__preinit_array_start = .)
 *(SORT_BY_NAME(.preinit_array.*))
 .preinit_array.00100
                0x100030c0        0x4 CMakeFiles/helloUSB.dir/C_/Users/mmoran/opt/pico/pico-sdk/src/rp2_common/pico_runtime_init/runtime_init.c.obj
                0x100030c0                __pre_init_runtime_init_early_resets
 .preinit_array.00101
                0x100030c4        0x4 CMakeFiles/helloUSB.dir/C_/Users/mmoran/opt/pico/pico-sdk/src/rp2_common/pico_runtime_init/runtime_init.c.obj
                0x100030c4                __pre_init_runtime_init_usb_power_down
 .preinit_array.00275
                0x100030c8        0x4 CMakeFiles/helloUSB.dir/C_/Users/mmoran/opt/pico/pico-sdk/src/rp2_common/pico_bit_ops/bit_ops_aeabi.S.obj
 .preinit_array.00300
                0x100030cc        0x4 CMakeFiles/helloUSB.dir/C_/Users/mmoran/opt/pico/pico-sdk/src/rp2_common/pico_mem_ops/mem_ops_aeabi.S.obj
 .preinit_array.00350
                0x100030d0        0x4 CMakeFiles/helloUSB.dir/C_/Users/mmoran/opt/pico/pico-sdk/src/rp2_common/pico_double/double_aeabi_rp2040.S.obj
 .preinit_array.00350
                0x100030d4        0x4 CMakeFiles/helloUSB.dir/C_/Users/mmoran/opt/pico/pico-sdk/src/rp2_common/pico_float/float_aeabi_rp2040.S.obj
 .preinit_array.00500
                0x100030d8        0x4 CMakeFiles/helloUSB.dir/C_/Users/mmoran/opt/pico/pico-sdk/src/rp2_common/pico_runtime_init/runtime_init.c.obj
                0x100030d8                __pre_init_runtime_init_clocks
 .preinit_array.00600
                0x100030dc        0x4 CMakeFiles/helloUSB.dir/C_/Users/mmoran/opt/pico/pico-sdk/src/rp2_common/pico_runtime_init/runtime_init.c.obj
                0x100030dc                __pre_init_runtime_init_post_clock_resets
 .preinit_array.00700
                0x100030e0        0x4 CMakeFiles/helloUSB.dir/C_/Users/mmoran/opt/pico/pico-sdk/src/rp2_common/pico_runtime_init/runtime_init.c.obj
                0x100030e0                __pre_init_runtime_init_rp2040_gpio_ie_disable
 .preinit_array.01000
                0x100030e4        0x4 CMakeFiles/helloUSB.dir/C_/Users/mmoran/opt/pico/pico-sdk/src/rp2_common/pico_runtime_init/runtime_init.c.obj
                0x100030e4                __pre_init_runtime_init_spin_locks_reset
 .preinit_array.01100
                0x100030e8        0x4 CMakeFiles/helloUSB.dir/C_/Users/mmoran/opt/pico/pico-sdk/src/common/pico_sync/mutex.c.obj
                0x100030e8                __pre_init_runtime_init_mutex
 .preinit_array.10080
                0x100030ec        0x4 CMakeFiles/helloUSB.dir/C_/Users/mmoran/opt/pico/pico-sdk/src/rp2_common/pico_runtime_init/runtime_init.c.obj
                0x100030ec                __pre_init_runtime_init_install_ram_vector_table
 .preinit_array.11000
                0x100030f0        0x4 CMakeFiles/helloUSB.dir/C_/Users/mmoran/opt/pico/pico-sdk/src/common/pico_time/time.c.obj
                0x100030f0                __pre_init_runtime_init_default_alarm_pool
 .preinit_array.YYYYY
                0x100030f4        0x4 CMakeFiles/helloUSB.dir/C_/Users/mmoran/opt/pico/pico-sdk/src/rp2_common/pico_runtime/runtime.c.obj
                0x100030f4                __pre_init_first_per_core_initializer
 .preinit_array.ZZZZZ.01200
                0x100030f8        0x4 CMakeFiles/helloUSB.dir/C_/Users/mmoran/opt/pico/pico-sdk/src/rp2_common/hardware_irq/irq.c.obj
                0x100030f8                __pre_init_runtime_init_per_core_irq_priorities
 *(.preinit_array)
                0x100030fc                PROVIDE (__preinit_array_end = .)
                0x100030fc                . = ALIGN (0x4)
                0x100030fc                PROVIDE (__init_array_start = .)
 *(SORT_BY_NAME(.init_array.*))
 *(.init_array)
 .init_array    0x100030fc        0x4 c:/programdata/chocolatey/lib/gcc-arm-embedded/tools/gcc-arm-none-eabi-10.3-2021.10/bin/../lib/gcc/arm-none-eabi/10.3.1/thumb/v6-m/nofp/crtbegin.o
 .init_array    0x10003100        0x4 CMakeFiles/helloUSB.dir/C_/Users/mmoran/opt/pico/pico-sdk/src/rp2_common/pico_unique_id/unique_id.c.obj
                0x10003104                PROVIDE (__init_array_end = .)
                0x10003104                . = ALIGN (0x4)
                [!provide]                PROVIDE (__fini_array_start = .)
 *(SORT_BY_NAME(.fini_array.*))
 *(.fini_array)
                [!provide]                PROVIDE (__fini_array_end = .)
 *(.eh_frame*)
 .eh_frame      0x10003104        0x0 c:/programdata/chocolatey/lib/gcc-arm-embedded/tools/gcc-arm-none-eabi-10.3-2021.10/bin/../lib/gcc/arm-none-eabi/10.3.1/thumb/v6-m/nofp/crtbegin.o
                0x10003104                . = ALIGN (0x4)

.glue_7         0x10003104        0x0
 .glue_7        0x10003104        0x0 linker stubs

.glue_7t        0x10003104        0x0
 .glue_7t       0x10003104        0x0 linker stubs

.vfp11_veneer   0x10003104        0x0
 .vfp11_veneer  0x10003104        0x0 linker stubs

.v4_bx          0x10003104        0x0
 .v4_bx         0x10003104        0x0 linker stubs

.iplt           0x10003104        0x0
 .iplt          0x10003104        0x0 c:/programdata/chocolatey/lib/gcc-arm-embedded/tools/gcc-arm-none-eabi-10.3-2021.10/bin/../lib/gcc/arm-none-eabi/10.3.1/thumb/v6-m/nofp/crtbegin.o

.rodata         0x10003104      0x2b0
 *(EXCLUDE_FILE(*libm.a: *libc.a:*lib_a-mem*.o *libgcc.a:) .rodata*)
 .rodata.str1.4
                0x10003104        0xf CMakeFiles/helloUSB.dir/src/helloUSB.c.obj
 *fill*         0x10003113        0x1 
 .rodata.hid_report_descriptor
                0x10003114       0x41 CMakeFiles/helloUSB.dir/src/helloUSB.c.obj
                0x10003114                hid_report_descriptor
 *fill*         0x10003155        0x3 
 .rodata.panic.str1.4
                0x10003158       0x12 CMakeFiles/helloUSB.dir/C_/Users/mmoran/opt/pico/pico-sdk/src/rp2_common/pico_platform_panic/panic.c.obj
 *fill*         0x1000316a        0x2 
 .rodata.spin_lock_claim_unused.str1.4
                0x1000316c       0x1b CMakeFiles/helloUSB.dir/C_/Users/mmoran/opt/pico/pico-sdk/src/rp2_common/hardware_sync/sync.c.obj
 *fill*         0x10003187        0x1 
 .rodata.timer_hardware_alarm_claim.str1.4
                0x10003188       0x22 CMakeFiles/helloUSB.dir/C_/Users/mmoran/opt/pico/pico-sdk/src/rp2_common/hardware_timer/timer.c.obj
 *fill*         0x100031aa        0x2 
 .rodata.hard_assertion_failure.str1.4
                0x100031ac        0xc CMakeFiles/helloUSB.dir/C_/Users/mmoran/opt/pico/pico-sdk/src/rp2_common/pico_runtime/runtime.c.obj
 .rodata.str1.4
                0x100031b8       0x40 CMakeFiles/helloUSB.dir/C_/Users/mmoran/opt/pico/pico-sdk/src/rp2_common/pico_standard_binary_info/standard_binary_info.c.obj
 .rodata.__bi_26
                0x100031f8        0xc CMakeFiles/helloUSB.dir/C_/Users/mmoran/opt/pico/pico-sdk/src/rp2_common/pico_standard_binary_info/standard_binary_info.c.obj
 .rodata.__bi_34
                0x10003204        0xc CMakeFiles/helloUSB.dir/C_/Users/mmoran/opt/pico/pico-sdk/src/rp2_common/pico_standard_binary_info/standard_binary_info.c.obj
 .rodata.__bi_42
                0x10003210        0xc CMakeFiles/helloUSB.dir/C_/Users/mmoran/opt/pico/pico-sdk/src/rp2_common/pico_standard_binary_info/standard_binary_info.c.obj
 .rodata.__bi_48
                0x1000321c        0xc CMakeFiles/helloUSB.dir/C_/Users/mmoran/opt/pico/pico-sdk/src/rp2_common/pico_standard_binary_info/standard_binary_info.c.obj
 .rodata.__bi_54
                0x10003228        0xc CMakeFiles/helloUSB.dir/C_/Users/mmoran/opt/pico/pico-sdk/src/rp2_common/pico_standard_binary_info/standard_binary_info.c.obj
 .rodata.__bi_78
                0x10003234        0xc CMakeFiles/helloUSB.dir/C_/Users/mmoran/opt/pico/pico-sdk/src/rp2_common/pico_standard_binary_info/standard_binary_info.c.obj
 .rodata.__bi_84
                0x10003240        0xc CMakeFiles/helloUSB.dir/C_/Users/mmoran/opt/pico/pico-sdk/src/rp2_common/pico_standard_binary_info/standard_binary_info.c.obj
 .rodata.crlf_str.0
                0x1000324c        0x2 CMakeFiles/helloUSB.dir/C_/Users/mmoran/opt/pico/pico-sdk/src/rp2_common/pico_stdio/stdio.c.obj
 *fill*         0x1000324e        0x2 
 .rodata.str1.4
                0x10003250       0x14 CMakeFiles/helloUSB.dir/C_/Users/mmoran/opt/pico/pico-sdk/lib/tinyusb/src/portable/raspberrypi/rp2040/dcd_rp2040.c.obj
 .rodata.str1.4
                0x10003264       0x48 CMakeFiles/helloUSB.dir/C_/Users/mmoran/opt/pico/pico-sdk/lib/tinyusb/src/portable/raspberrypi/rp2040/rp2040_usb.c.obj
 .rodata.tud_task_ext
                0x100032ac       0x8c CMakeFiles/helloUSB.dir/C_/Users/mmoran/opt/pico/pico-sdk/lib/tinyusb/src/device/usbd.c.obj
 .rodata        0x10003338       0x1c CMakeFiles/helloUSB.dir/C_/Users/mmoran/opt/pico/pico-sdk/lib/tinyusb/src/device/usbd.c.obj
 .rodata._usbd_driver
                0x10003354       0x20 CMakeFiles/helloUSB.dir/C_/Users/mmoran/opt/pico/pico-sdk/lib/tinyusb/src/device/usbd.c.obj
 .rodata.hidd_control_xfer_cb
                0x10003374       0x30 CMakeFiles/helloUSB.dir/C_/Users/mmoran/opt/pico/pico-sdk/lib/tinyusb/src/class/hid/hid_device.c.obj
 .rodata.str1.4
                0x100033a4        0x4 CMakeFiles/helloUSB.dir/C_/Users/mmoran/opt/pico/pico-sdk/lib/tinyusb/hw/bsp/rp2040/family.c.obj
 .rodata.__bi_153.0
                0x100033a8        0xc CMakeFiles/helloUSB.dir/C_/Users/mmoran/opt/pico/pico-sdk/lib/tinyusb/hw/bsp/rp2040/family.c.obj
                0x100033b4                . = ALIGN (0x4)
 *(SORT_BY_ALIGNMENT(SORT_BY_NAME(.flashdata*)))
                0x100033b4                . = ALIGN (0x4)

.ARM.extab
 *(.ARM.extab* .gnu.linkonce.armextab.*)
                0x100033b4                __exidx_start = .

.ARM.exidx
 *(.ARM.exidx* .gnu.linkonce.armexidx.*)
                0x100033b4                __exidx_end = .
                0x100033b4                . = ALIGN (0x4)
                0x100033b4                __binary_info_start = .

.binary_info    0x100033b4       0x20
 *(.binary_info.keep.*)
 .binary_info.keep.__bi_ptr26
                0x100033b4        0x4 CMakeFiles/helloUSB.dir/C_/Users/mmoran/opt/pico/pico-sdk/src/rp2_common/pico_standard_binary_info/standard_binary_info.c.obj
 .binary_info.keep.__bi_ptr34
                0x100033b8        0x4 CMakeFiles/helloUSB.dir/C_/Users/mmoran/opt/pico/pico-sdk/src/rp2_common/pico_standard_binary_info/standard_binary_info.c.obj
 .binary_info.keep.__bi_ptr42
                0x100033bc        0x4 CMakeFiles/helloUSB.dir/C_/Users/mmoran/opt/pico/pico-sdk/src/rp2_common/pico_standard_binary_info/standard_binary_info.c.obj
 .binary_info.keep.__bi_ptr48
                0x100033c0        0x4 CMakeFiles/helloUSB.dir/C_/Users/mmoran/opt/pico/pico-sdk/src/rp2_common/pico_standard_binary_info/standard_binary_info.c.obj
 .binary_info.keep.__bi_ptr54
                0x100033c4        0x4 CMakeFiles/helloUSB.dir/C_/Users/mmoran/opt/pico/pico-sdk/src/rp2_common/pico_standard_binary_info/standard_binary_info.c.obj
 .binary_info.keep.__bi_ptr78
                0x100033c8        0x4 CMakeFiles/helloUSB.dir/C_/Users/mmoran/opt/pico/pico-sdk/src/rp2_common/pico_standard_binary_info/standard_binary_info.c.obj
 .binary_info.keep.__bi_ptr84
                0x100033cc        0x4 CMakeFiles/helloUSB.dir/C_/Users/mmoran/opt/pico/pico-sdk/src/rp2_common/pico_standard_binary_info/standard_binary_info.c.obj
 .binary_info.keep.__bi_ptr153
                0x100033d0        0x4 CMakeFiles/helloUSB.dir/C_/Users/mmoran/opt/pico/pico-sdk/lib/tinyusb/hw/bsp/rp2040/family.c.obj
 *(.binary_info.*)
                0x100033d4                __binary_info_end = .

.rel.dyn        0x100033d4        0x0
 .rel.iplt      0x100033d4        0x0 c:/programdata/chocolatey/lib/gcc-arm-embedded/tools/gcc-arm-none-eabi-10.3-2021.10/bin/../lib/gcc/arm-none-eabi/10.3.1/thumb/v6-m/nofp/crtbegin.o
                0x100033d4                . = ALIGN (0x4)

.ram_vector_table
                0x20000000       0xc0
 *(.ram_vector_table)
 .ram_vector_table
                0x20000000       0xc0 CMakeFiles/helloUSB.dir/C_/Users/mmoran/opt/pico/pico-sdk/src/rp2_common/pico_runtime_init/runtime_init.c.obj
                0x20000000                ram_vector_table

.uninitialized_data
                0x200000c0        0x0
                0x200000c0                . = ALIGN (0x4)
 *(.uninitialized_data*)

.data           0x200000c0      0xf68 load address 0x100033d4
                0x200000c0                __data_start__ = .
 *(vtable)
 *(.time_critical*)
 .time_critical.mutex_try_enter_block_until
                0x200000c0       0x9c CMakeFiles/helloUSB.dir/C_/Users/mmoran/opt/pico/pico-sdk/src/common/pico_sync/mutex.c.obj
                0x200000c0                mutex_try_enter_block_until
 .time_critical.mutex_enter_timeout_ms
                0x2000015c       0x90 CMakeFiles/helloUSB.dir/C_/Users/mmoran/opt/pico/pico-sdk/src/common/pico_sync/mutex.c.obj
                0x2000015c                mutex_enter_timeout_ms
 .time_critical.mutex_exit
                0x200001ec       0x28 CMakeFiles/helloUSB.dir/C_/Users/mmoran/opt/pico/pico-sdk/src/common/pico_sync/mutex.c.obj
                0x200001ec                mutex_exit
 .time_critical.reset_non_control_endpoints
                0x20000214       0xbc CMakeFiles/helloUSB.dir/C_/Users/mmoran/opt/pico/pico-sdk/lib/tinyusb/src/portable/raspberrypi/rp2040/dcd_rp2040.c.obj
 .time_critical.hw_handle_buff_status
                0x200002d0       0x98 CMakeFiles/helloUSB.dir/C_/Users/mmoran/opt/pico/pico-sdk/lib/tinyusb/src/portable/raspberrypi/rp2040/dcd_rp2040.c.obj
 .time_critical.dcd_rp2040_irq
                0x20000368      0x530 CMakeFiles/helloUSB.dir/C_/Users/mmoran/opt/pico/pico-sdk/lib/tinyusb/src/portable/raspberrypi/rp2040/dcd_rp2040.c.obj
 .time_critical.prepare_ep_buffer
                0x20000898       0xf4 CMakeFiles/helloUSB.dir/C_/Users/mmoran/opt/pico/pico-sdk/lib/tinyusb/src/portable/raspberrypi/rp2040/rp2040_usb.c.obj
 .time_critical.sync_ep_buffer
                0x2000098c       0xb4 CMakeFiles/helloUSB.dir/C_/Users/mmoran/opt/pico/pico-sdk/lib/tinyusb/src/portable/raspberrypi/rp2040/rp2040_usb.c.obj
 .time_critical._hw_endpoint_xfer_sync
                0x20000a40       0x28 CMakeFiles/helloUSB.dir/C_/Users/mmoran/opt/pico/pico-sdk/lib/tinyusb/src/portable/raspberrypi/rp2040/rp2040_usb.c.obj
 .time_critical.e15_is_bulkin_ep
                0x20000a68       0x28 CMakeFiles/helloUSB.dir/C_/Users/mmoran/opt/pico/pico-sdk/lib/tinyusb/src/portable/raspberrypi/rp2040/rp2040_usb.c.obj
 .time_critical.e15_is_critical_frame_period
                0x20000a90       0x34 CMakeFiles/helloUSB.dir/C_/Users/mmoran/opt/pico/pico-sdk/lib/tinyusb/src/portable/raspberrypi/rp2040/rp2040_usb.c.obj
 .time_critical.hw_endpoint_reset_transfer
                0x20000ac4        0xc CMakeFiles/helloUSB.dir/C_/Users/mmoran/opt/pico/pico-sdk/lib/tinyusb/src/portable/raspberrypi/rp2040/rp2040_usb.c.obj
                0x20000ac4                hw_endpoint_reset_transfer
 .time_critical._hw_endpoint_buffer_control_update32
                0x20000ad0       0x50 CMakeFiles/helloUSB.dir/C_/Users/mmoran/opt/pico/pico-sdk/lib/tinyusb/src/portable/raspberrypi/rp2040/rp2040_usb.c.obj
                0x20000ad0                _hw_endpoint_buffer_control_update32
 .time_critical.hw_endpoint_start_next_buffer
                0x20000b20       0x6c CMakeFiles/helloUSB.dir/C_/Users/mmoran/opt/pico/pico-sdk/lib/tinyusb/src/portable/raspberrypi/rp2040/rp2040_usb.c.obj
                0x20000b20                hw_endpoint_start_next_buffer
 .time_critical.hw_endpoint_xfer_continue
                0x20000b8c       0x40 CMakeFiles/helloUSB.dir/C_/Users/mmoran/opt/pico/pico-sdk/lib/tinyusb/src/portable/raspberrypi/rp2040/rp2040_usb.c.obj
                0x20000b8c                hw_endpoint_xfer_continue
 .time_critical.tinyusb
                0x20000bcc      0x1e8 CMakeFiles/helloUSB.dir/C_/Users/mmoran/opt/pico/pico-sdk/lib/tinyusb/src/device/usbd.c.obj
                0x20000bcc                dcd_event_handler
 .time_critical.flash_init_boot2_copyout
                0x20000db4       0x30 CMakeFiles/helloUSB.dir/C_/Users/mmoran/opt/pico/pico-sdk/src/rp2_common/hardware_flash/flash.c.obj
 .time_critical.flash_enable_xip_via_boot2
                0x20000de4       0x10 CMakeFiles/helloUSB.dir/C_/Users/mmoran/opt/pico/pico-sdk/src/rp2_common/hardware_flash/flash.c.obj
 .time_critical.flash_cs_force
                0x20000df4       0x38 CMakeFiles/helloUSB.dir/C_/Users/mmoran/opt/pico/pico-sdk/src/rp2_common/hardware_flash/flash.c.obj
 .time_critical.flash_do_cmd
                0x20000e2c       0xc4 CMakeFiles/helloUSB.dir/C_/Users/mmoran/opt/pico/pico-sdk/src/rp2_common/hardware_flash/flash.c.obj
                0x20000e2c                flash_do_cmd
 *(.text*)
 .text          0x20000ef0        0x4 c:/programdata/chocolatey/lib/gcc-arm-embedded/tools/gcc-arm-none-eabi-10.3-2021.10/bin/../lib/gcc/arm-none-eabi/10.3.1/thumb/v6-m/nofp\libgcc.a(_dvmd_tls.o)
                0x20000ef0                __aeabi_idiv0
                0x20000ef0                __aeabi_ldiv0
 *fill*         0x20000ef4        0x4 
 .text.__stub   0x20000ef8       0x80 linker stubs
                0x20000f78                . = ALIGN (0x4)
 *(.rodata*)
                0x20000f78                . = ALIGN (0x4)
 *(.data*)
 .data.str      0x20000f78        0x4 CMakeFiles/helloUSB.dir/src/helloUSB.c.obj
                0x20000f78                str
 .data.striped_spin_lock_num
                0x20000f7c        0x1 CMakeFiles/helloUSB.dir/C_/Users/mmoran/opt/pico/pico-sdk/src/rp2_common/hardware_sync/sync.c.obj
 *fill*         0x20000f7d        0x3 
 .data          0x20000f80       0x48 CMakeFiles/helloUSB.dir/C_/Users/mmoran/opt/pico/pico-sdk/src/rp2_common/hardware_irq/irq_handler_chain.S.obj
                0x20000f80                irq_handler_chain_slots
                0x20000fb0                irq_handler_chain_first_slot
                0x20000fba                irq_handler_chain_remove_tail
 .data.default_alarm_pool
                0x20000fc8       0x18 CMakeFiles/helloUSB.dir/C_/Users/mmoran/opt/pico/pico-sdk/src/common/pico_time/time.c.obj
 *fill*         0x20000fe0        0x0 
 .data.aeabi_bits_funcs
                0x20000fe0       0x10 CMakeFiles/helloUSB.dir/C_/Users/mmoran/opt/pico/pico-sdk/src/rp2_common/pico_bit_ops/bit_ops_aeabi.S.obj
                0x20000fe0                aeabi_bits_funcs
                0x20000ff0                aeabi_bits_funcs_end
 .data.aeabi_mem_funcs
                0x20000ff0       0x10 CMakeFiles/helloUSB.dir/C_/Users/mmoran/opt/pico/pico-sdk/src/rp2_common/pico_mem_ops/mem_ops_aeabi.S.obj
                0x20000ff0                aeabi_mem_funcs
                0x20001000                aeabi_mem_funcs_end
 .data._usbd_qdef
                0x20001000       0x1c CMakeFiles/helloUSB.dir/C_/Users/mmoran/opt/pico/pico-sdk/lib/tinyusb/src/device/usbd.c.obj
                0x20001000                _usbd_qdef
 .data._usbd_rhport
                0x2000101c        0x1 CMakeFiles/helloUSB.dir/C_/Users/mmoran/opt/pico/pico-sdk/lib/tinyusb/src/device/usbd.c.obj
                0x20001020                . = ALIGN (0x4)
 *fill*         0x2000101d        0x3 
 *(.after_data.*)
                0x20001020                . = ALIGN (0x4)
                0x20001020                PROVIDE (__mutex_array_start = .)
 *(SORT_BY_NAME(.mutex_array.*))
 *(.mutex_array)
 .mutex_array   0x20001020        0x8 CMakeFiles/helloUSB.dir/C_/Users/mmoran/opt/pico/pico-sdk/src/rp2_common/pico_stdio/stdio.c.obj
                0x20001028                PROVIDE (__mutex_array_end = .)
                0x20001028                . = ALIGN (0x4)
 *(.jcr)
                0x20001028                . = ALIGN (0x4)

.igot.plt       0x20001028        0x0 load address 0x1000433c
 .igot.plt      0x20001028        0x0 c:/programdata/chocolatey/lib/gcc-arm-embedded/tools/gcc-arm-none-eabi-10.3-2021.10/bin/../lib/gcc/arm-none-eabi/10.3.1/thumb/v6-m/nofp/crtbegin.o

.tdata          0x20001028        0x0 load address 0x1000433c
                0x20001028                . = ALIGN (0x4)
 *(.tdata .tdata.* .gnu.linkonce.td.*)
                0x20001028                __tdata_end = .
                0x20001028                PROVIDE (__data_end__ = .)
                0x100033d4                __etext = LOADADDR (.data)

.tbss           0x20001028        0x0 load address 0x1000433c
                0x20001028                . = ALIGN (0x4)
                0x20001028                __bss_start__ = .
                0x20001028                __tls_base = .
 *(.tbss .tbss.* .gnu.linkonce.tb.*)
 *(.tcommon)
                0x20001028                __tls_end = .

.bss            0x20001028      0xb54 load address 0x1000433c
                0x20001028                . = ALIGN (0x4)
                0x20001028                __tbss_end = .
 *(SORT_BY_ALIGNMENT(SORT_BY_NAME(.bss*)))
 .bss.default_alarm_pool_entries
                0x20001028      0x180 CMakeFiles/helloUSB.dir/C_/Users/mmoran/opt/pico/pico-sdk/src/common/pico_time/time.c.obj
 .bss.sd_table  0x200011a8      0x100 CMakeFiles/helloUSB.dir/C_/Users/mmoran/opt/pico/pico-sdk/src/rp2_common/pico_double/double_init_rom_rp2040.c.obj
                0x200011a8                sd_table
 .bss.sf_table  0x200012a8      0x100 CMakeFiles/helloUSB.dir/C_/Users/mmoran/opt/pico/pico-sdk/src/rp2_common/pico_float/float_init_rom_rp2040.c.obj
                0x200012a8                sf_table
 .bss           0x200013a8       0x1c c:/programdata/chocolatey/lib/gcc-arm-embedded/tools/gcc-arm-none-eabi-10.3-2021.10/bin/../lib/gcc/arm-none-eabi/10.3.1/thumb/v6-m/nofp/crtbegin.o
 .bss._app_driver
                0x200013c4        0x4 CMakeFiles/helloUSB.dir/C_/Users/mmoran/opt/pico/pico-sdk/lib/tinyusb/src/device/usbd.c.obj
 .bss._ctrl_epbuf
                0x200013c8       0x40 CMakeFiles/helloUSB.dir/C_/Users/mmoran/opt/pico/pico-sdk/lib/tinyusb/src/device/usbd_control.c.obj
 .bss._ctrl_xfer
                0x20001408       0x14 CMakeFiles/helloUSB.dir/C_/Users/mmoran/opt/pico/pico-sdk/lib/tinyusb/src/device/usbd_control.c.obj
 .bss._hidd_epbuf
                0x2000141c       0xc0 CMakeFiles/helloUSB.dir/C_/Users/mmoran/opt/pico/pico-sdk/lib/tinyusb/src/class/hid/hid_device.c.obj
 .bss._hidd_itf
                0x200014dc        0xc CMakeFiles/helloUSB.dir/C_/Users/mmoran/opt/pico/pico-sdk/lib/tinyusb/src/class/hid/hid_device.c.obj
 .bss._tusb_rhport_role
                0x200014e8        0x2 CMakeFiles/helloUSB.dir/C_/Users/mmoran/opt/pico/pico-sdk/lib/tinyusb/src/tusb.c.obj
                0x200014e8                _tusb_rhport_role
 *fill*         0x200014ea        0x2 
 .bss._ubsd_mutexdef
                0x200014ec        0x8 CMakeFiles/helloUSB.dir/C_/Users/mmoran/opt/pico/pico-sdk/lib/tinyusb/src/device/usbd.c.obj
 .bss._usbd_dev
                0x200014f4       0x54 CMakeFiles/helloUSB.dir/C_/Users/mmoran/opt/pico/pico-sdk/lib/tinyusb/src/device/usbd.c.obj
 .bss._usbd_mutex
                0x20001548        0x4 CMakeFiles/helloUSB.dir/C_/Users/mmoran/opt/pico/pico-sdk/lib/tinyusb/src/device/usbd.c.obj
 .bss._usbd_q   0x2000154c        0x4 CMakeFiles/helloUSB.dir/C_/Users/mmoran/opt/pico/pico-sdk/lib/tinyusb/src/device/usbd.c.obj
 .bss._usbd_qdef_buf
                0x20001550       0xc0 CMakeFiles/helloUSB.dir/C_/Users/mmoran/opt/pico/pico-sdk/lib/tinyusb/src/device/usbd.c.obj
                0x20001550                _usbd_qdef_buf
 .bss.boot2_copyout
                0x20001610      0x100 CMakeFiles/helloUSB.dir/C_/Users/mmoran/opt/pico/pico-sdk/src/rp2_common/hardware_flash/flash.c.obj
 .bss.claimed   0x20001710        0x4 CMakeFiles/helloUSB.dir/C_/Users/mmoran/opt/pico/pico-sdk/src/rp2_common/hardware_sync/sync.c.obj
 .bss.claimed   0x20001714        0x1 CMakeFiles/helloUSB.dir/C_/Users/mmoran/opt/pico/pico-sdk/src/rp2_common/hardware_timer/timer.c.obj
 *fill*         0x20001715        0x3 
 .bss.configured_freq
                0x20001718       0x28 CMakeFiles/helloUSB.dir/C_/Users/mmoran/opt/pico/pico-sdk/src/rp2_common/hardware_clocks/clocks.c.obj
 .bss.drivers   0x20001740        0x4 CMakeFiles/helloUSB.dir/C_/Users/mmoran/opt/pico/pico-sdk/src/rp2_common/pico_stdio/stdio.c.obj
 .bss.e15_last_sof
                0x20001744        0x4 CMakeFiles/helloUSB.dir/C_/Users/mmoran/opt/pico/pico-sdk/lib/tinyusb/src/portable/raspberrypi/rp2040/rp2040_usb.c.obj
                0x20001744                e15_last_sof
 .bss.filter    0x20001748        0x4 CMakeFiles/helloUSB.dir/C_/Users/mmoran/opt/pico/pico-sdk/src/rp2_common/pico_stdio/stdio.c.obj
 .bss.hw_endpoints
                0x2000174c      0x400 CMakeFiles/helloUSB.dir/C_/Users/mmoran/opt/pico/pico-sdk/lib/tinyusb/src/portable/raspberrypi/rp2040/dcd_rp2040.c.obj
 .bss.lazy_vsnprintf
                0x20001b4c        0x4 CMakeFiles/helloUSB.dir/C_/Users/mmoran/opt/pico/pico-sdk/src/rp2_common/pico_printf/printf.c.obj
 .bss.next_buffer_ptr
                0x20001b50        0x4 CMakeFiles/helloUSB.dir/C_/Users/mmoran/opt/pico/pico-sdk/lib/tinyusb/src/portable/raspberrypi/rp2040/dcd_rp2040.c.obj
 .bss.pools     0x20001b54       0x10 CMakeFiles/helloUSB.dir/C_/Users/mmoran/opt/pico/pico-sdk/src/common/pico_time/time.c.obj
 .bss.retrieved_id
                0x20001b64        0x8 CMakeFiles/helloUSB.dir/C_/Users/mmoran/opt/pico/pico-sdk/src/rp2_common/pico_unique_id/unique_id.c.obj
 .bss.sf_clz_func
                0x20001b6c        0x4 CMakeFiles/helloUSB.dir/C_/Users/mmoran/opt/pico/pico-sdk/src/rp2_common/pico_double/double_init_rom_rp2040.c.obj
                0x20001b6c                sf_clz_func
 .bss.sleep_notifier
                0x20001b70        0x4 CMakeFiles/helloUSB.dir/C_/Users/mmoran/opt/pico/pico-sdk/src/common/pico_time/time.c.obj
 .bss._app_driver_count
                0x20001b74        0x1 CMakeFiles/helloUSB.dir/C_/Users/mmoran/opt/pico/pico-sdk/lib/tinyusb/src/device/usbd.c.obj
 .bss._sof_enable
                0x20001b75        0x1 CMakeFiles/helloUSB.dir/C_/Users/mmoran/opt/pico/pico-sdk/lib/tinyusb/src/portable/raspberrypi/rp2040/dcd_rp2040.c.obj
 .bss._usbd_queued_setup
                0x20001b76        0x1 CMakeFiles/helloUSB.dir/C_/Users/mmoran/opt/pico/pico-sdk/lib/tinyusb/src/device/usbd.c.obj
 .bss.boot2_copyout_valid
                0x20001b77        0x1 CMakeFiles/helloUSB.dir/C_/Users/mmoran/opt/pico/pico-sdk/src/rp2_common/hardware_flash/flash.c.obj
 .bss.irq_handler_chain_free_slot_head
                0x20001b78        0x1 CMakeFiles/helloUSB.dir/C_/Users/mmoran/opt/pico/pico-sdk/src/rp2_common/hardware_irq/irq.c.obj
 .bss.sent      0x20001b79        0x1 CMakeFiles/helloUSB.dir/src/helloUSB.c.obj
                0x20001b79                sent
 .bss.usb_index
                0x20001b7a        0x1 CMakeFiles/helloUSB.dir/src/helloUSB.c.obj
                0x20001b7a                usb_index
 *(COMMON)
                0x20001b7c                . = ALIGN (0x4)
 *fill*         0x20001b7b        0x1 
                0x20001b7c                __bss_end__ = .

.heap           0x20001b7c      0x800 load address 0x1000433c
                0x20001b7c                __end__ = .
                0x20001b7c                end = __end__
 *(.heap*)
 .heap          0x20001b7c      0x800 CMakeFiles/helloUSB.dir/C_/Users/mmoran/opt/pico/pico-sdk/src/rp2_common/pico_crt0/crt0.S.obj
                0x20040000                __HeapLimit = (ORIGIN (RAM) + LENGTH (RAM))

.scratch_x      0x20040000        0x0 load address 0x1000433c
                0x20040000                __scratch_x_start__ = .
 *(.scratch_x.*)
                0x20040000                . = ALIGN (0x4)
                0x20040000                __scratch_x_end__ = .
                0x1000433c                __scratch_x_source__ = LOADADDR (.scratch_x)

.scratch_y      0x20041000        0x0 load address 0x1000433c
                0x20041000                __scratch_y_start__ = .
 *(.scratch_y.*)
                0x20041000                . = ALIGN (0x4)
                0x20041000                __scratch_y_end__ = .
                0x1000433c                __scratch_y_source__ = LOADADDR (.scratch_y)

.stack1_dummy   0x20040000        0x0
 *(.stack1*)

.stack_dummy    0x20041000      0x800
 *(.stack*)
 .stack         0x20041000      0x800 CMakeFiles/helloUSB.dir/C_/Users/mmoran/opt/pico/pico-sdk/src/rp2_common/pico_crt0/crt0.S.obj

.flash_end      0x1000433c        0x0
 *(.embedded_end_block*)
                0x1000433c                PROVIDE (__flash_binary_end = .)
                0x20040000                __StackLimit = (ORIGIN (RAM) + LENGTH (RAM))
                0x20041000                __StackOneTop = (ORIGIN (SCRATCH_X) + LENGTH (SCRATCH_X))
                0x20042000                __StackTop = (ORIGIN (SCRATCH_Y) + LENGTH (SCRATCH_Y))
                0x20041000                __StackOneBottom = (__StackOneTop - SIZEOF (.stack1_dummy))
                0x20041800                __StackBottom = (__StackTop - SIZEOF (.stack_dummy))
                0x20042000                PROVIDE (__stack = __StackTop)
                [!provide]                PROVIDE (__heap_start = __end__)
                [!provide]                PROVIDE (__heap_end = __HeapLimit)
                [!provide]                PROVIDE (__tls_align = MAX (ALIGNOF (.tdata), ALIGNOF (.tbss)))
                [!provide]                PROVIDE (__tls_size_align = (((__tls_size + __tls_align) - 0x1) & ~ ((__tls_align - 0x1))))
                [!provide]                PROVIDE (__arm32_tls_tcb_offset = MAX (0x8, __tls_align))
                [!provide]                PROVIDE (_end = __end__)
                [!provide]                PROVIDE (__llvm_libc_heap_limit = __HeapLimit)
                0x00000001                ASSERT ((__StackLimit >= __HeapLimit), region RAM overflowed)
                0x00000001                ASSERT (((__binary_info_header_end - __logical_binary_start) <= 0x100), Binary info must be in first 256 bytes of the binary)
LOAD CMakeFiles/helloUSB.dir/src/helloUSB.c.obj
LOAD CMakeFiles/helloUSB.dir/C_/Users/mmoran/opt/pico/pico-sdk/src/rp2_common/pico_stdlib/stdlib.c.obj
LOAD CMakeFiles/helloUSB.dir/C_/Users/mmoran/opt/pico/pico-sdk/src/rp2_common/hardware_gpio/gpio.c.obj
LOAD CMakeFiles/helloUSB.dir/C_/Users/mmoran/opt/pico/pico-sdk/src/rp2040/pico_platform/platform.c.obj
LOAD CMakeFiles/helloUSB.dir/C_/Users/mmoran/opt/pico/pico-sdk/src/rp2_common/pico_platform_panic/panic.c.obj
LOAD CMakeFiles/helloUSB.dir/C_/Users/mmoran/opt/pico/pico-sdk/src/common/hardware_claim/claim.c.obj
LOAD CMakeFiles/helloUSB.dir/C_/Users/mmoran/opt/pico/pico-sdk/src/rp2_common/hardware_sync/sync.c.obj
LOAD CMakeFiles/helloUSB.dir/C_/Users/mmoran/opt/pico/pico-sdk/src/rp2_common/hardware_sync_spin_lock/sync_spin_lock.c.obj
LOAD CMakeFiles/helloUSB.dir/C_/Users/mmoran/opt/pico/pico-sdk/src/rp2_common/hardware_irq/irq.c.obj
LOAD CMakeFiles/helloUSB.dir/C_/Users/mmoran/opt/pico/pico-sdk/src/rp2_common/hardware_irq/irq_handler_chain.S.obj
LOAD CMakeFiles/helloUSB.dir/C_/Users/mmoran/opt/pico/pico-sdk/src/common/pico_sync/sem.c.obj
LOAD CMakeFiles/helloUSB.dir/C_/Users/mmoran/opt/pico/pico-sdk/src/common/pico_sync/lock_core.c.obj
LOAD CMakeFiles/helloUSB.dir/C_/Users/mmoran/opt/pico/pico-sdk/src/common/pico_sync/mutex.c.obj
LOAD CMakeFiles/helloUSB.dir/C_/Users/mmoran/opt/pico/pico-sdk/src/common/pico_sync/critical_section.c.obj
LOAD CMakeFiles/helloUSB.dir/C_/Users/mmoran/opt/pico/pico-sdk/src/common/pico_time/time.c.obj
LOAD CMakeFiles/helloUSB.dir/C_/Users/mmoran/opt/pico/pico-sdk/src/common/pico_time/timeout_helper.c.obj
LOAD CMakeFiles/helloUSB.dir/C_/Users/mmoran/opt/pico/pico-sdk/src/rp2_common/hardware_timer/timer.c.obj
LOAD CMakeFiles/helloUSB.dir/C_/Users/mmoran/opt/pico/pico-sdk/src/common/pico_util/datetime.c.obj
LOAD CMakeFiles/helloUSB.dir/C_/Users/mmoran/opt/pico/pico-sdk/src/common/pico_util/pheap.c.obj
LOAD CMakeFiles/helloUSB.dir/C_/Users/mmoran/opt/pico/pico-sdk/src/common/pico_util/queue.c.obj
LOAD CMakeFiles/helloUSB.dir/C_/Users/mmoran/opt/pico/pico-sdk/src/rp2_common/hardware_uart/uart.c.obj
LOAD CMakeFiles/helloUSB.dir/C_/Users/mmoran/opt/pico/pico-sdk/src/rp2_common/hardware_clocks/clocks.c.obj
LOAD CMakeFiles/helloUSB.dir/C_/Users/mmoran/opt/pico/pico-sdk/src/rp2_common/hardware_pll/pll.c.obj
LOAD CMakeFiles/helloUSB.dir/C_/Users/mmoran/opt/pico/pico-sdk/src/rp2_common/hardware_vreg/vreg.c.obj
LOAD CMakeFiles/helloUSB.dir/C_/Users/mmoran/opt/pico/pico-sdk/src/rp2_common/hardware_watchdog/watchdog.c.obj
LOAD CMakeFiles/helloUSB.dir/C_/Users/mmoran/opt/pico/pico-sdk/src/rp2_common/hardware_ticks/ticks.c.obj
LOAD CMakeFiles/helloUSB.dir/C_/Users/mmoran/opt/pico/pico-sdk/src/rp2_common/pico_bootrom/bootrom.c.obj
LOAD CMakeFiles/helloUSB.dir/C_/Users/mmoran/opt/pico/pico-sdk/src/rp2_common/pico_bootrom/bootrom_lock.c.obj
LOAD CMakeFiles/helloUSB.dir/C_/Users/mmoran/opt/pico/pico-sdk/src/rp2_common/hardware_boot_lock/boot_lock.c.obj
LOAD CMakeFiles/helloUSB.dir/C_/Users/mmoran/opt/pico/pico-sdk/src/rp2_common/pico_flash/flash.c.obj
LOAD CMakeFiles/helloUSB.dir/C_/Users/mmoran/opt/pico/pico-sdk/src/rp2_common/hardware_xosc/xosc.c.obj
LOAD CMakeFiles/helloUSB.dir/C_/Users/mmoran/opt/pico/pico-sdk/src/rp2_common/hardware_divider/divider.S.obj
LOAD CMakeFiles/helloUSB.dir/C_/Users/mmoran/opt/pico/pico-sdk/src/rp2_common/pico_runtime/runtime.c.obj
LOAD CMakeFiles/helloUSB.dir/C_/Users/mmoran/opt/pico/pico-sdk/src/rp2_common/pico_runtime_init/runtime_init.c.obj
LOAD CMakeFiles/helloUSB.dir/C_/Users/mmoran/opt/pico/pico-sdk/src/rp2_common/pico_runtime_init/runtime_init_clocks.c.obj
LOAD CMakeFiles/helloUSB.dir/C_/Users/mmoran/opt/pico/pico-sdk/src/rp2_common/pico_runtime_init/runtime_init_stack_guard.c.obj
LOAD CMakeFiles/helloUSB.dir/C_/Users/mmoran/opt/pico/pico-sdk/src/rp2_common/pico_bit_ops/bit_ops_aeabi.S.obj
LOAD CMakeFiles/helloUSB.dir/C_/Users/mmoran/opt/pico/pico-sdk/src/rp2_common/pico_divider/divider_hardware.S.obj
LOAD CMakeFiles/helloUSB.dir/C_/Users/mmoran/opt/pico/pico-sdk/src/rp2_common/pico_double/double_aeabi_rp2040.S.obj
LOAD CMakeFiles/helloUSB.dir/C_/Users/mmoran/opt/pico/pico-sdk/src/rp2_common/pico_double/double_init_rom_rp2040.c.obj
LOAD CMakeFiles/helloUSB.dir/C_/Users/mmoran/opt/pico/pico-sdk/src/rp2_common/pico_double/double_math.c.obj
LOAD CMakeFiles/helloUSB.dir/C_/Users/mmoran/opt/pico/pico-sdk/src/rp2_common/pico_double/double_v1_rom_shim_rp2040.S.obj
LOAD CMakeFiles/helloUSB.dir/C_/Users/mmoran/opt/pico/pico-sdk/src/rp2_common/pico_int64_ops/pico_int64_ops_aeabi.S.obj
LOAD CMakeFiles/helloUSB.dir/C_/Users/mmoran/opt/pico/pico-sdk/src/rp2_common/pico_float/float_aeabi_rp2040.S.obj
LOAD CMakeFiles/helloUSB.dir/C_/Users/mmoran/opt/pico/pico-sdk/src/rp2_common/pico_float/float_init_rom_rp2040.c.obj
LOAD CMakeFiles/helloUSB.dir/C_/Users/mmoran/opt/pico/pico-sdk/src/rp2_common/pico_float/float_math.c.obj
LOAD CMakeFiles/helloUSB.dir/C_/Users/mmoran/opt/pico/pico-sdk/src/rp2_common/pico_float/float_v1_rom_shim_rp2040.S.obj
LOAD CMakeFiles/helloUSB.dir/C_/Users/mmoran/opt/pico/pico-sdk/src/rp2_common/pico_malloc/malloc.c.obj
LOAD CMakeFiles/helloUSB.dir/C_/Users/mmoran/opt/pico/pico-sdk/src/rp2_common/pico_mem_ops/mem_ops_aeabi.S.obj
LOAD CMakeFiles/helloUSB.dir/C_/Users/mmoran/opt/pico/pico-sdk/src/rp2_common/pico_atomic/atomic.c.obj
LOAD CMakeFiles/helloUSB.dir/C_/Users/mmoran/opt/pico/pico-sdk/src/rp2_common/pico_cxx_options/new_delete.cpp.obj
LOAD CMakeFiles/helloUSB.dir/C_/Users/mmoran/opt/pico/pico-sdk/src/rp2_common/pico_standard_binary_info/standard_binary_info.c.obj
LOAD CMakeFiles/helloUSB.dir/C_/Users/mmoran/opt/pico/pico-sdk/src/rp2_common/pico_printf/printf.c.obj
LOAD CMakeFiles/helloUSB.dir/C_/Users/mmoran/opt/pico/pico-sdk/src/rp2_common/pico_crt0/crt0.S.obj
LOAD CMakeFiles/helloUSB.dir/C_/Users/mmoran/opt/pico/pico-sdk/src/rp2_common/pico_clib_interface/newlib_interface.c.obj
LOAD CMakeFiles/helloUSB.dir/C_/Users/mmoran/opt/pico/pico-sdk/src/rp2_common/pico_stdio/stdio.c.obj
LOAD CMakeFiles/helloUSB.dir/C_/Users/mmoran/opt/pico/pico-sdk/lib/tinyusb/src/portable/raspberrypi/rp2040/dcd_rp2040.c.obj
LOAD CMakeFiles/helloUSB.dir/C_/Users/mmoran/opt/pico/pico-sdk/lib/tinyusb/src/portable/raspberrypi/rp2040/rp2040_usb.c.obj
LOAD CMakeFiles/helloUSB.dir/C_/Users/mmoran/opt/pico/pico-sdk/lib/tinyusb/src/device/usbd.c.obj
LOAD CMakeFiles/helloUSB.dir/C_/Users/mmoran/opt/pico/pico-sdk/lib/tinyusb/src/device/usbd_control.c.obj
LOAD CMakeFiles/helloUSB.dir/C_/Users/mmoran/opt/pico/pico-sdk/lib/tinyusb/src/class/audio/audio_device.c.obj
LOAD CMakeFiles/helloUSB.dir/C_/Users/mmoran/opt/pico/pico-sdk/lib/tinyusb/src/class/cdc/cdc_device.c.obj
LOAD CMakeFiles/helloUSB.dir/C_/Users/mmoran/opt/pico/pico-sdk/lib/tinyusb/src/class/dfu/dfu_device.c.obj
LOAD CMakeFiles/helloUSB.dir/C_/Users/mmoran/opt/pico/pico-sdk/lib/tinyusb/src/class/dfu/dfu_rt_device.c.obj
LOAD CMakeFiles/helloUSB.dir/C_/Users/mmoran/opt/pico/pico-sdk/lib/tinyusb/src/class/hid/hid_device.c.obj
LOAD CMakeFiles/helloUSB.dir/C_/Users/mmoran/opt/pico/pico-sdk/lib/tinyusb/src/class/midi/midi_device.c.obj
LOAD CMakeFiles/helloUSB.dir/C_/Users/mmoran/opt/pico/pico-sdk/lib/tinyusb/src/class/msc/msc_device.c.obj
LOAD CMakeFiles/helloUSB.dir/C_/Users/mmoran/opt/pico/pico-sdk/lib/tinyusb/src/class/net/ecm_rndis_device.c.obj
LOAD CMakeFiles/helloUSB.dir/C_/Users/mmoran/opt/pico/pico-sdk/lib/tinyusb/src/class/net/ncm_device.c.obj
LOAD CMakeFiles/helloUSB.dir/C_/Users/mmoran/opt/pico/pico-sdk/lib/tinyusb/src/class/usbtmc/usbtmc_device.c.obj
LOAD CMakeFiles/helloUSB.dir/C_/Users/mmoran/opt/pico/pico-sdk/lib/tinyusb/src/class/vendor/vendor_device.c.obj
LOAD CMakeFiles/helloUSB.dir/C_/Users/mmoran/opt/pico/pico-sdk/lib/tinyusb/src/class/video/video_device.c.obj
LOAD CMakeFiles/helloUSB.dir/C_/Users/mmoran/opt/pico/pico-sdk/lib/tinyusb/src/tusb.c.obj
LOAD CMakeFiles/helloUSB.dir/C_/Users/mmoran/opt/pico/pico-sdk/lib/tinyusb/src/common/tusb_fifo.c.obj
LOAD CMakeFiles/helloUSB.dir/C_/Users/mmoran/opt/pico/pico-sdk/src/rp2_common/pico_fix/rp2040_usb_device_enumeration/rp2040_usb_device_enumeration.c.obj
LOAD CMakeFiles/helloUSB.dir/C_/Users/mmoran/opt/pico/pico-sdk/lib/tinyusb/hw/bsp/rp2040/family.c.obj
LOAD CMakeFiles/helloUSB.dir/C_/Users/mmoran/opt/pico/pico-sdk/src/rp2_common/pico_unique_id/unique_id.c.obj
LOAD CMakeFiles/helloUSB.dir/C_/Users/mmoran/opt/pico/pico-sdk/src/rp2_common/hardware_flash/flash.c.obj
LOAD CMakeFiles/helloUSB.dir/C_/Users/mmoran/opt/pico/pico-sdk/src/rp2_common/hardware_xip_cache/xip_cache.c.obj
LOAD pico-sdk/src/rp2040/boot_stage2/CMakeFiles/bs2_default_library.dir/./bs2_default_padded_checksummed.S.obj
LOAD c:/programdata/chocolatey/lib/gcc-arm-embedded/tools/gcc-arm-none-eabi-10.3-2021.10/bin/../lib/gcc/arm-none-eabi/10.3.1/../../../../arm-none-eabi/lib/thumb/v6-m/nofp\libstdc++.a
LOAD c:/programdata/chocolatey/lib/gcc-arm-embedded/tools/gcc-arm-none-eabi-10.3-2021.10/bin/../lib/gcc/arm-none-eabi/10.3.1/../../../../arm-none-eabi/lib/thumb/v6-m/nofp\libm.a
START GROUP
LOAD c:/programdata/chocolatey/lib/gcc-arm-embedded/tools/gcc-arm-none-eabi-10.3-2021.10/bin/../lib/gcc/arm-none-eabi/10.3.1/thumb/v6-m/nofp\libgcc.a
LOAD c:/programdata/chocolatey/lib/gcc-arm-embedded/tools/gcc-arm-none-eabi-10.3-2021.10/bin/../lib/gcc/arm-none-eabi/10.3.1/../../../../arm-none-eabi/lib/thumb/v6-m/nofp\libg.a
LOAD c:/programdata/chocolatey/lib/gcc-arm-embedded/tools/gcc-arm-none-eabi-10.3-2021.10/bin/../lib/gcc/arm-none-eabi/10.3.1/../../../../arm-none-eabi/lib/thumb/v6-m/nofp\libc.a
END GROUP
START GROUP
LOAD c:/programdata/chocolatey/lib/gcc-arm-embedded/tools/gcc-arm-none-eabi-10.3-2021.10/bin/../lib/gcc/arm-none-eabi/10.3.1/thumb/v6-m/nofp\libgcc.a
LOAD c:/programdata/chocolatey/lib/gcc-arm-embedded/tools/gcc-arm-none-eabi-10.3-2021.10/bin/../lib/gcc/arm-none-eabi/10.3.1/../../../../arm-none-eabi/lib/thumb/v6-m/nofp\libc.a
LOAD c:/programdata/chocolatey/lib/gcc-arm-embedded/tools/gcc-arm-none-eabi-10.3-2021.10/bin/../lib/gcc/arm-none-eabi/10.3.1/../../../../arm-none-eabi/lib/thumb/v6-m/nofp\libnosys.a
END GROUP
LOAD c:/programdata/chocolatey/lib/gcc-arm-embedded/tools/gcc-arm-none-eabi-10.3-2021.10/bin/../lib/gcc/arm-none-eabi/10.3.1/thumb/v6-m/nofp/crtend.o
LOAD c:/programdata/chocolatey/lib/gcc-arm-embedded/tools/gcc-arm-none-eabi-10.3-2021.10/bin/../lib/gcc/arm-none-eabi/10.3.1/thumb/v6-m/nofp/crtn.o
OUTPUT(helloUSB.elf elf32-littlearm)
LOAD linker stubs

.ARM.attributes
                0x00000000       0x28
 .ARM.attributes
                0x00000000       0x1e c:/programdata/chocolatey/lib/gcc-arm-embedded/tools/gcc-arm-none-eabi-10.3-2021.10/bin/../lib/gcc/arm-none-eabi/10.3.1/thumb/v6-m/nofp/crti.o
 .ARM.attributes
                0x0000001e       0x2c c:/programdata/chocolatey/lib/gcc-arm-embedded/tools/gcc-arm-none-eabi-10.3-2021.10/bin/../lib/gcc/arm-none-eabi/10.3.1/thumb/v6-m/nofp/crtbegin.o
 .ARM.attributes
                0x0000004a       0x2c CMakeFiles/helloUSB.dir/src/helloUSB.c.obj
 .ARM.attributes
                0x00000076       0x2c CMakeFiles/helloUSB.dir/C_/Users/mmoran/opt/pico/pico-sdk/src/rp2_common/hardware_gpio/gpio.c.obj
 .ARM.attributes
                0x000000a2       0x2c CMakeFiles/helloUSB.dir/C_/Users/mmoran/opt/pico/pico-sdk/src/rp2040/pico_platform/platform.c.obj
 .ARM.attributes
                0x000000ce       0x2c CMakeFiles/helloUSB.dir/C_/Users/mmoran/opt/pico/pico-sdk/src/rp2_common/pico_platform_panic/panic.c.obj
 .ARM.attributes
                0x000000fa       0x2c CMakeFiles/helloUSB.dir/C_/Users/mmoran/opt/pico/pico-sdk/src/common/hardware_claim/claim.c.obj
 .ARM.attributes
                0x00000126       0x2c CMakeFiles/helloUSB.dir/C_/Users/mmoran/opt/pico/pico-sdk/src/rp2_common/hardware_sync/sync.c.obj
 .ARM.attributes
                0x00000152       0x2c CMakeFiles/helloUSB.dir/C_/Users/mmoran/opt/pico/pico-sdk/src/rp2_common/hardware_sync_spin_lock/sync_spin_lock.c.obj
 .ARM.attributes
                0x0000017e       0x2c CMakeFiles/helloUSB.dir/C_/Users/mmoran/opt/pico/pico-sdk/src/rp2_common/hardware_irq/irq.c.obj
 .ARM.attributes
                0x000001aa       0x22 CMakeFiles/helloUSB.dir/C_/Users/mmoran/opt/pico/pico-sdk/src/rp2_common/hardware_irq/irq_handler_chain.S.obj
 .ARM.attributes
                0x000001cc       0x2c CMakeFiles/helloUSB.dir/C_/Users/mmoran/opt/pico/pico-sdk/src/common/pico_sync/lock_core.c.obj
 .ARM.attributes
                0x000001f8       0x2c CMakeFiles/helloUSB.dir/C_/Users/mmoran/opt/pico/pico-sdk/src/common/pico_sync/mutex.c.obj
 .ARM.attributes
                0x00000224       0x2c CMakeFiles/helloUSB.dir/C_/Users/mmoran/opt/pico/pico-sdk/src/common/pico_sync/critical_section.c.obj
 .ARM.attributes
                0x00000250       0x2c CMakeFiles/helloUSB.dir/C_/Users/mmoran/opt/pico/pico-sdk/src/common/pico_time/time.c.obj
 .ARM.attributes
                0x0000027c       0x2c CMakeFiles/helloUSB.dir/C_/Users/mmoran/opt/pico/pico-sdk/src/rp2_common/hardware_timer/timer.c.obj
 .ARM.attributes
                0x000002a8       0x2c CMakeFiles/helloUSB.dir/C_/Users/mmoran/opt/pico/pico-sdk/src/rp2_common/hardware_clocks/clocks.c.obj
 .ARM.attributes
                0x000002d4       0x2c CMakeFiles/helloUSB.dir/C_/Users/mmoran/opt/pico/pico-sdk/src/rp2_common/hardware_pll/pll.c.obj
 .ARM.attributes
                0x00000300       0x2c CMakeFiles/helloUSB.dir/C_/Users/mmoran/opt/pico/pico-sdk/src/rp2_common/hardware_ticks/ticks.c.obj
 .ARM.attributes
                0x0000032c       0x2c CMakeFiles/helloUSB.dir/C_/Users/mmoran/opt/pico/pico-sdk/src/rp2_common/pico_bootrom/bootrom.c.obj
 .ARM.attributes
                0x00000358       0x2c CMakeFiles/helloUSB.dir/C_/Users/mmoran/opt/pico/pico-sdk/src/rp2_common/hardware_xosc/xosc.c.obj
 .ARM.attributes
                0x00000384       0x2c CMakeFiles/helloUSB.dir/C_/Users/mmoran/opt/pico/pico-sdk/src/rp2_common/pico_runtime/runtime.c.obj
 .ARM.attributes
                0x000003b0       0x2c CMakeFiles/helloUSB.dir/C_/Users/mmoran/opt/pico/pico-sdk/src/rp2_common/pico_runtime_init/runtime_init.c.obj
 .ARM.attributes
                0x000003dc       0x2c CMakeFiles/helloUSB.dir/C_/Users/mmoran/opt/pico/pico-sdk/src/rp2_common/pico_runtime_init/runtime_init_clocks.c.obj
 .ARM.attributes
                0x00000408       0x22 CMakeFiles/helloUSB.dir/C_/Users/mmoran/opt/pico/pico-sdk/src/rp2_common/pico_bit_ops/bit_ops_aeabi.S.obj
 .ARM.attributes
                0x0000042a       0x22 CMakeFiles/helloUSB.dir/C_/Users/mmoran/opt/pico/pico-sdk/src/rp2_common/pico_divider/divider_hardware.S.obj
 .ARM.attributes
                0x0000044c       0x22 CMakeFiles/helloUSB.dir/C_/Users/mmoran/opt/pico/pico-sdk/src/rp2_common/pico_double/double_aeabi_rp2040.S.obj
 .ARM.attributes
                0x0000046e       0x2c CMakeFiles/helloUSB.dir/C_/Users/mmoran/opt/pico/pico-sdk/src/rp2_common/pico_double/double_init_rom_rp2040.c.obj
 .ARM.attributes
                0x0000049a       0x22 CMakeFiles/helloUSB.dir/C_/Users/mmoran/opt/pico/pico-sdk/src/rp2_common/pico_double/double_v1_rom_shim_rp2040.S.obj
 .ARM.attributes
                0x000004bc       0x22 CMakeFiles/helloUSB.dir/C_/Users/mmoran/opt/pico/pico-sdk/src/rp2_common/pico_int64_ops/pico_int64_ops_aeabi.S.obj
 .ARM.attributes
                0x000004de       0x22 CMakeFiles/helloUSB.dir/C_/Users/mmoran/opt/pico/pico-sdk/src/rp2_common/pico_float/float_aeabi_rp2040.S.obj
 .ARM.attributes
                0x00000500       0x2c CMakeFiles/helloUSB.dir/C_/Users/mmoran/opt/pico/pico-sdk/src/rp2_common/pico_float/float_init_rom_rp2040.c.obj
 .ARM.attributes
                0x0000052c       0x22 CMakeFiles/helloUSB.dir/C_/Users/mmoran/opt/pico/pico-sdk/src/rp2_common/pico_float/float_v1_rom_shim_rp2040.S.obj
 .ARM.attributes
                0x0000054e       0x22 CMakeFiles/helloUSB.dir/C_/Users/mmoran/opt/pico/pico-sdk/src/rp2_common/pico_mem_ops/mem_ops_aeabi.S.obj
 .ARM.attributes
                0x00000570       0x2c CMakeFiles/helloUSB.dir/C_/Users/mmoran/opt/pico/pico-sdk/src/rp2_common/pico_standard_binary_info/standard_binary_info.c.obj
 .ARM.attributes
                0x0000059c       0x2c CMakeFiles/helloUSB.dir/C_/Users/mmoran/opt/pico/pico-sdk/src/rp2_common/pico_printf/printf.c.obj
 .ARM.attributes
                0x000005c8       0x22 CMakeFiles/helloUSB.dir/C_/Users/mmoran/opt/pico/pico-sdk/src/rp2_common/pico_crt0/crt0.S.obj
 .ARM.attributes
                0x000005ea       0x2c CMakeFiles/helloUSB.dir/C_/Users/mmoran/opt/pico/pico-sdk/src/rp2_common/pico_clib_interface/newlib_interface.c.obj
 .ARM.attributes
                0x00000616       0x2c CMakeFiles/helloUSB.dir/C_/Users/mmoran/opt/pico/pico-sdk/src/rp2_common/pico_stdio/stdio.c.obj
 .ARM.attributes
                0x00000642       0x2c CMakeFiles/helloUSB.dir/C_/Users/mmoran/opt/pico/pico-sdk/lib/tinyusb/src/portable/raspberrypi/rp2040/dcd_rp2040.c.obj
 .ARM.attributes
                0x0000066e       0x2c CMakeFiles/helloUSB.dir/C_/Users/mmoran/opt/pico/pico-sdk/lib/tinyusb/src/portable/raspberrypi/rp2040/rp2040_usb.c.obj
 .ARM.attributes
                0x0000069a       0x2c CMakeFiles/helloUSB.dir/C_/Users/mmoran/opt/pico/pico-sdk/lib/tinyusb/src/device/usbd.c.obj
 .ARM.attributes
                0x000006c6       0x2c CMakeFiles/helloUSB.dir/C_/Users/mmoran/opt/pico/pico-sdk/lib/tinyusb/src/device/usbd_control.c.obj
 .ARM.attributes
                0x000006f2       0x2c CMakeFiles/helloUSB.dir/C_/Users/mmoran/opt/pico/pico-sdk/lib/tinyusb/src/class/hid/hid_device.c.obj
 .ARM.attributes
                0x0000071e       0x2c CMakeFiles/helloUSB.dir/C_/Users/mmoran/opt/pico/pico-sdk/lib/tinyusb/src/tusb.c.obj
 .ARM.attributes
                0x0000074a       0x2c CMakeFiles/helloUSB.dir/C_/Users/mmoran/opt/pico/pico-sdk/lib/tinyusb/src/common/tusb_fifo.c.obj
 .ARM.attributes
                0x00000776       0x2c CMakeFiles/helloUSB.dir/C_/Users/mmoran/opt/pico/pico-sdk/lib/tinyusb/hw/bsp/rp2040/family.c.obj
 .ARM.attributes
                0x000007a2       0x2c CMakeFiles/helloUSB.dir/C_/Users/mmoran/opt/pico/pico-sdk/src/rp2_common/pico_unique_id/unique_id.c.obj
 .ARM.attributes
                0x000007ce       0x2c CMakeFiles/helloUSB.dir/C_/Users/mmoran/opt/pico/pico-sdk/src/rp2_common/hardware_flash/flash.c.obj
 .ARM.attributes
                0x000007fa       0x22 pico-sdk/src/rp2040/boot_stage2/CMakeFiles/bs2_default_library.dir/./bs2_default_padded_checksummed.S.obj
 .ARM.attributes
                0x0000081c       0x1e c:/programdata/chocolatey/lib/gcc-arm-embedded/tools/gcc-arm-none-eabi-10.3-2021.10/bin/../lib/gcc/arm-none-eabi/10.3.1/thumb/v6-m/nofp\libgcc.a(_dvmd_tls.o)
 .ARM.attributes
                0x0000083a       0x2c c:/programdata/chocolatey/lib/gcc-arm-embedded/tools/gcc-arm-none-eabi-10.3-2021.10/bin/../lib/gcc/arm-none-eabi/10.3.1/../../../../arm-none-eabi/lib/thumb/v6-m/nofp\libg.a(lib_a-strlen-stub.o)

.comment        0x00000000       0x49
 .comment       0x00000000       0x49 CMakeFiles/helloUSB.dir/src/helloUSB.c.obj
                                 0x4a (size before relaxing)
 .comment       0x00000049       0x4a CMakeFiles/helloUSB.dir/C_/Users/mmoran/opt/pico/pico-sdk/src/rp2_common/hardware_gpio/gpio.c.obj
 .comment       0x00000049       0x4a CMakeFiles/helloUSB.dir/C_/Users/mmoran/opt/pico/pico-sdk/src/rp2040/pico_platform/platform.c.obj
 .comment       0x00000049       0x4a CMakeFiles/helloUSB.dir/C_/Users/mmoran/opt/pico/pico-sdk/src/rp2_common/pico_platform_panic/panic.c.obj
 .comment       0x00000049       0x4a CMakeFiles/helloUSB.dir/C_/Users/mmoran/opt/pico/pico-sdk/src/common/hardware_claim/claim.c.obj
 .comment       0x00000049       0x4a CMakeFiles/helloUSB.dir/C_/Users/mmoran/opt/pico/pico-sdk/src/rp2_common/hardware_sync/sync.c.obj
 .comment       0x00000049       0x4a CMakeFiles/helloUSB.dir/C_/Users/mmoran/opt/pico/pico-sdk/src/rp2_common/hardware_sync_spin_lock/sync_spin_lock.c.obj
 .comment       0x00000049       0x4a CMakeFiles/helloUSB.dir/C_/Users/mmoran/opt/pico/pico-sdk/src/rp2_common/hardware_irq/irq.c.obj
 .comment       0x00000049       0x4a CMakeFiles/helloUSB.dir/C_/Users/mmoran/opt/pico/pico-sdk/src/common/pico_sync/lock_core.c.obj
 .comment       0x00000049       0x4a CMakeFiles/helloUSB.dir/C_/Users/mmoran/opt/pico/pico-sdk/src/common/pico_sync/mutex.c.obj
 .comment       0x00000049       0x4a CMakeFiles/helloUSB.dir/C_/Users/mmoran/opt/pico/pico-sdk/src/common/pico_sync/critical_section.c.obj
 .comment       0x00000049       0x4a CMakeFiles/helloUSB.dir/C_/Users/mmoran/opt/pico/pico-sdk/src/common/pico_time/time.c.obj
 .comment       0x00000049       0x4a CMakeFiles/helloUSB.dir/C_/Users/mmoran/opt/pico/pico-sdk/src/rp2_common/hardware_timer/timer.c.obj
 .comment       0x00000049       0x4a CMakeFiles/helloUSB.dir/C_/Users/mmoran/opt/pico/pico-sdk/src/rp2_common/hardware_clocks/clocks.c.obj
 .comment       0x00000049       0x4a CMakeFiles/helloUSB.dir/C_/Users/mmoran/opt/pico/pico-sdk/src/rp2_common/hardware_pll/pll.c.obj
 .comment       0x00000049       0x4a CMakeFiles/helloUSB.dir/C_/Users/mmoran/opt/pico/pico-sdk/src/rp2_common/hardware_ticks/ticks.c.obj
 .comment       0x00000049       0x4a CMakeFiles/helloUSB.dir/C_/Users/mmoran/opt/pico/pico-sdk/src/rp2_common/pico_bootrom/bootrom.c.obj
 .comment       0x00000049       0x4a CMakeFiles/helloUSB.dir/C_/Users/mmoran/opt/pico/pico-sdk/src/rp2_common/hardware_xosc/xosc.c.obj
 .comment       0x00000049       0x4a CMakeFiles/helloUSB.dir/C_/Users/mmoran/opt/pico/pico-sdk/src/rp2_common/pico_runtime/runtime.c.obj
 .comment       0x00000049       0x4a CMakeFiles/helloUSB.dir/C_/Users/mmoran/opt/pico/pico-sdk/src/rp2_common/pico_runtime_init/runtime_init.c.obj
 .comment       0x00000049       0x4a CMakeFiles/helloUSB.dir/C_/Users/mmoran/opt/pico/pico-sdk/src/rp2_common/pico_runtime_init/runtime_init_clocks.c.obj
 .comment       0x00000049       0x4a CMakeFiles/helloUSB.dir/C_/Users/mmoran/opt/pico/pico-sdk/src/rp2_common/pico_double/double_init_rom_rp2040.c.obj
 .comment       0x00000049       0x4a CMakeFiles/helloUSB.dir/C_/Users/mmoran/opt/pico/pico-sdk/src/rp2_common/pico_float/float_init_rom_rp2040.c.obj
 .comment       0x00000049       0x4a CMakeFiles/helloUSB.dir/C_/Users/mmoran/opt/pico/pico-sdk/src/rp2_common/pico_standard_binary_info/standard_binary_info.c.obj
 .comment       0x00000049       0x4a CMakeFiles/helloUSB.dir/C_/Users/mmoran/opt/pico/pico-sdk/src/rp2_common/pico_printf/printf.c.obj
 .comment       0x00000049       0x4a CMakeFiles/helloUSB.dir/C_/Users/mmoran/opt/pico/pico-sdk/src/rp2_common/pico_clib_interface/newlib_interface.c.obj
 .comment       0x00000049       0x4a CMakeFiles/helloUSB.dir/C_/Users/mmoran/opt/pico/pico-sdk/src/rp2_common/pico_stdio/stdio.c.obj
 .comment       0x00000049       0x4a CMakeFiles/helloUSB.dir/C_/Users/mmoran/opt/pico/pico-sdk/lib/tinyusb/src/portable/raspberrypi/rp2040/dcd_rp2040.c.obj
 .comment       0x00000049       0x4a CMakeFiles/helloUSB.dir/C_/Users/mmoran/opt/pico/pico-sdk/lib/tinyusb/src/portable/raspberrypi/rp2040/rp2040_usb.c.obj
 .comment       0x00000049       0x4a CMakeFiles/helloUSB.dir/C_/Users/mmoran/opt/pico/pico-sdk/lib/tinyusb/src/device/usbd.c.obj
 .comment       0x00000049       0x4a CMakeFiles/helloUSB.dir/C_/Users/mmoran/opt/pico/pico-sdk/lib/tinyusb/src/device/usbd_control.c.obj
 .comment       0x00000049       0x4a CMakeFiles/helloUSB.dir/C_/Users/mmoran/opt/pico/pico-sdk/lib/tinyusb/src/class/hid/hid_device.c.obj
 .comment       0x00000049       0x4a CMakeFiles/helloUSB.dir/C_/Users/mmoran/opt/pico/pico-sdk/lib/tinyusb/src/tusb.c.obj
 .comment       0x00000049       0x4a CMakeFiles/helloUSB.dir/C_/Users/mmoran/opt/pico/pico-sdk/lib/tinyusb/src/common/tusb_fifo.c.obj
 .comment       0x00000049       0x4a CMakeFiles/helloUSB.dir/C_/Users/mmoran/opt/pico/pico-sdk/lib/tinyusb/hw/bsp/rp2040/family.c.obj
 .comment       0x00000049       0x4a CMakeFiles/helloUSB.dir/C_/Users/mmoran/opt/pico/pico-sdk/src/rp2_common/pico_unique_id/unique_id.c.obj
 .comment       0x00000049       0x4a CMakeFiles/helloUSB.dir/C_/Users/mmoran/opt/pico/pico-sdk/src/rp2_common/hardware_flash/flash.c.obj

.debug_info     0x00000000    0x2baf6
 .debug_info    0x00000000      0xb79 CMakeFiles/helloUSB.dir/src/helloUSB.c.obj
 .debug_info    0x00000b79     0x2503 CMakeFiles/helloUSB.dir/C_/Users/mmoran/opt/pico/pico-sdk/src/rp2_common/hardware_gpio/gpio.c.obj
 .debug_info    0x0000307c      0x12c CMakeFiles/helloUSB.dir/C_/Users/mmoran/opt/pico/pico-sdk/src/rp2040/pico_platform/platform.c.obj
 .debug_info    0x000031a8      0x19c CMakeFiles/helloUSB.dir/C_/Users/mmoran/opt/pico/pico-sdk/src/rp2_common/pico_platform_panic/panic.c.obj
 .debug_info    0x00003344      0xa53 CMakeFiles/helloUSB.dir/C_/Users/mmoran/opt/pico/pico-sdk/src/common/hardware_claim/claim.c.obj
 .debug_info    0x00003d97      0x3f5 CMakeFiles/helloUSB.dir/C_/Users/mmoran/opt/pico/pico-sdk/src/rp2_common/hardware_sync/sync.c.obj
 .debug_info    0x0000418c      0x24e CMakeFiles/helloUSB.dir/C_/Users/mmoran/opt/pico/pico-sdk/src/rp2_common/hardware_sync_spin_lock/sync_spin_lock.c.obj
 .debug_info    0x000043da     0x22af CMakeFiles/helloUSB.dir/C_/Users/mmoran/opt/pico/pico-sdk/src/rp2_common/hardware_irq/irq.c.obj
 .debug_info    0x00006689      0x160 CMakeFiles/helloUSB.dir/C_/Users/mmoran/opt/pico/pico-sdk/src/common/pico_sync/lock_core.c.obj
 .debug_info    0x000067e9     0x2ae1 CMakeFiles/helloUSB.dir/C_/Users/mmoran/opt/pico/pico-sdk/src/common/pico_sync/mutex.c.obj
 .debug_info    0x000092ca      0x310 CMakeFiles/helloUSB.dir/C_/Users/mmoran/opt/pico/pico-sdk/src/common/pico_sync/critical_section.c.obj
 .debug_info    0x000095da     0x49e9 CMakeFiles/helloUSB.dir/C_/Users/mmoran/opt/pico/pico-sdk/src/common/pico_time/time.c.obj
 .debug_info    0x0000dfc3     0x2b00 CMakeFiles/helloUSB.dir/C_/Users/mmoran/opt/pico/pico-sdk/src/rp2_common/hardware_timer/timer.c.obj
 .debug_info    0x00010ac3     0x2952 CMakeFiles/helloUSB.dir/C_/Users/mmoran/opt/pico/pico-sdk/src/rp2_common/hardware_clocks/clocks.c.obj
 .debug_info    0x00013415      0x511 CMakeFiles/helloUSB.dir/C_/Users/mmoran/opt/pico/pico-sdk/src/rp2_common/hardware_pll/pll.c.obj
 .debug_info    0x00013926      0x25a CMakeFiles/helloUSB.dir/C_/Users/mmoran/opt/pico/pico-sdk/src/rp2_common/hardware_ticks/ticks.c.obj
 .debug_info    0x00013b80      0x516 CMakeFiles/helloUSB.dir/C_/Users/mmoran/opt/pico/pico-sdk/src/rp2_common/pico_bootrom/bootrom.c.obj
 .debug_info    0x00014096      0x1e1 CMakeFiles/helloUSB.dir/C_/Users/mmoran/opt/pico/pico-sdk/src/rp2_common/hardware_xosc/xosc.c.obj
 .debug_info    0x00014277      0x214 CMakeFiles/helloUSB.dir/C_/Users/mmoran/opt/pico/pico-sdk/src/rp2_common/pico_runtime/runtime.c.obj
 .debug_info    0x0001448b      0x7dc CMakeFiles/helloUSB.dir/C_/Users/mmoran/opt/pico/pico-sdk/src/rp2_common/pico_runtime_init/runtime_init.c.obj
 .debug_info    0x00014c67      0x719 CMakeFiles/helloUSB.dir/C_/Users/mmoran/opt/pico/pico-sdk/src/rp2_common/pico_runtime_init/runtime_init_clocks.c.obj
 .debug_info    0x00015380       0x22 CMakeFiles/helloUSB.dir/C_/Users/mmoran/opt/pico/pico-sdk/src/rp2_common/pico_bit_ops/bit_ops_aeabi.S.obj
 .debug_info    0x000153a2       0x22 CMakeFiles/helloUSB.dir/C_/Users/mmoran/opt/pico/pico-sdk/src/rp2_common/pico_divider/divider_hardware.S.obj
 .debug_info    0x000153c4       0x22 CMakeFiles/helloUSB.dir/C_/Users/mmoran/opt/pico/pico-sdk/src/rp2_common/pico_double/double_aeabi_rp2040.S.obj
 .debug_info    0x000153e6      0x23c CMakeFiles/helloUSB.dir/C_/Users/mmoran/opt/pico/pico-sdk/src/rp2_common/pico_double/double_init_rom_rp2040.c.obj
 .debug_info    0x00015622       0x22 CMakeFiles/helloUSB.dir/C_/Users/mmoran/opt/pico/pico-sdk/src/rp2_common/pico_double/double_v1_rom_shim_rp2040.S.obj
 .debug_info    0x00015644       0x26 CMakeFiles/helloUSB.dir/C_/Users/mmoran/opt/pico/pico-sdk/src/rp2_common/pico_int64_ops/pico_int64_ops_aeabi.S.obj
 .debug_info    0x0001566a       0x22 CMakeFiles/helloUSB.dir/C_/Users/mmoran/opt/pico/pico-sdk/src/rp2_common/pico_float/float_aeabi_rp2040.S.obj
 .debug_info    0x0001568c      0x246 CMakeFiles/helloUSB.dir/C_/Users/mmoran/opt/pico/pico-sdk/src/rp2_common/pico_float/float_init_rom_rp2040.c.obj
 .debug_info    0x000158d2       0x22 CMakeFiles/helloUSB.dir/C_/Users/mmoran/opt/pico/pico-sdk/src/rp2_common/pico_float/float_v1_rom_shim_rp2040.S.obj
 .debug_info    0x000158f4       0x22 CMakeFiles/helloUSB.dir/C_/Users/mmoran/opt/pico/pico-sdk/src/rp2_common/pico_mem_ops/mem_ops_aeabi.S.obj
 .debug_info    0x00015916      0x2fb CMakeFiles/helloUSB.dir/C_/Users/mmoran/opt/pico/pico-sdk/src/rp2_common/pico_standard_binary_info/standard_binary_info.c.obj
 .debug_info    0x00015c11     0x21c9 CMakeFiles/helloUSB.dir/C_/Users/mmoran/opt/pico/pico-sdk/src/rp2_common/pico_printf/printf.c.obj
 .debug_info    0x00017dda       0x22 CMakeFiles/helloUSB.dir/C_/Users/mmoran/opt/pico/pico-sdk/src/rp2_common/pico_crt0/crt0.S.obj
 .debug_info    0x00017dfc      0xb4e CMakeFiles/helloUSB.dir/C_/Users/mmoran/opt/pico/pico-sdk/src/rp2_common/pico_clib_interface/newlib_interface.c.obj
 .debug_info    0x0001894a     0x1b6f CMakeFiles/helloUSB.dir/C_/Users/mmoran/opt/pico/pico-sdk/src/rp2_common/pico_stdio/stdio.c.obj
 .debug_info    0x0001a4b9     0x2ac0 CMakeFiles/helloUSB.dir/C_/Users/mmoran/opt/pico/pico-sdk/lib/tinyusb/src/portable/raspberrypi/rp2040/dcd_rp2040.c.obj
 .debug_info    0x0001cf79     0x1199 CMakeFiles/helloUSB.dir/C_/Users/mmoran/opt/pico/pico-sdk/lib/tinyusb/src/portable/raspberrypi/rp2040/rp2040_usb.c.obj
 .debug_info    0x0001e112     0x47c3 CMakeFiles/helloUSB.dir/C_/Users/mmoran/opt/pico/pico-sdk/lib/tinyusb/src/device/usbd.c.obj
 .debug_info    0x000228d5      0xb3d CMakeFiles/helloUSB.dir/C_/Users/mmoran/opt/pico/pico-sdk/lib/tinyusb/src/device/usbd_control.c.obj
 .debug_info    0x00023412     0x2111 CMakeFiles/helloUSB.dir/C_/Users/mmoran/opt/pico/pico-sdk/lib/tinyusb/src/class/hid/hid_device.c.obj
 .debug_info    0x00025523     0x1eb3 CMakeFiles/helloUSB.dir/C_/Users/mmoran/opt/pico/pico-sdk/lib/tinyusb/src/tusb.c.obj
 .debug_info    0x000273d6     0x290a CMakeFiles/helloUSB.dir/C_/Users/mmoran/opt/pico/pico-sdk/lib/tinyusb/src/common/tusb_fifo.c.obj
 .debug_info    0x00029ce0      0xc37 CMakeFiles/helloUSB.dir/C_/Users/mmoran/opt/pico/pico-sdk/lib/tinyusb/hw/bsp/rp2040/family.c.obj